Archive member included because of file (symbol)

calypso/libcalypso.a(clock.o)
                              fb/fb_st7558.o (calypso_reset_set)
calypso/libcalypso.a(dsp.o)   apps/compal_dsp_dump/main.o (dsp_dump)
calypso/libcalypso.a(i2c.o)   fb/fb_st7558.o (i2c_write)
calypso/libcalypso.a(irq.o)   abb/twl3025.o (irq_enable)
calypso/libcalypso.a(spi.o)   abb/twl3025.o (spi_init)
calypso/libcalypso.a(tpu.o)   rf/trf6151.o (tpu_enable)
calypso/libcalypso.a(tsp.o)   abb/twl3025.o (tsp_write)
calypso/libcalypso.a(misc.o)  apps/compal_dsp_dump/main.o (dump_dev_id)
calypso/libcalypso.a(uart.o)  board/compal_e88/init.o (uart_init)
calypso/libcalypso.a(arm.o)   calypso/libcalypso.a(irq.o) (arm_enable_interrupts)
lib/libmini.a(vsprintf.o)     apps/compal_dsp_dump/main.o (puts)
lib/libmini.a(string.o)       lib/libmini.a(vsprintf.o) (strnlen)
lib/libmini.a(ctype.o)        lib/libmini.a(vsprintf.o) (_ctype)
lib/libmini.a(printf.o)       abb/twl3025.o (printf)
lib/libmini.a(console.o)      board/compal_e88/init.o (cons_bind_uart)
lib/libmini.a(ctors.o)        board/compal/start.ram.o (do_global_ctors)
lib/libmini.a(delay.o)        calypso/libcalypso.a(tpu.o) (delay_us)
lib/libmini.a(div64.o)        lib/libmini.a(vsprintf.o) (__do_div64)
lib/libmini.a(lib1funcs.o)    rf/trf6151.o (__udivsi3)
lib/libmini.a(memcpy.o)       lib/libmini.a(console.o) (memcpy)
lib/libmini.a(memset.o)       lib/libmini.a(console.o) (memset)
comm/libcomm.a(sercomm.o)     board/compal_e88/init.o (sercomm_bind_uart)
comm/libcomm.a(sercomm_cons.o)
                              lib/libmini.a(vsprintf.o) (sercomm_puts)
comm/libcomm.a(timer.o)       battery/compal_e88.o (osmo_timer_schedule)
../../shared/libosmocore/build-target/src/.libs/libosmocore.a(msgb.o)
                              comm/libcomm.a(sercomm.o) (msgb_alloc)
../../shared/libosmocore/build-target/src/.libs/libosmocore.a(panic.o)
                              comm/libcomm.a(sercomm.o) (osmo_panic)
../../shared/libosmocore/build-target/src/gsm/.libs/libosmogsm.a(gsm_utils.o)
                              rf/trf6151.o (gsm_arfcn2band)
calypso/libcalypso.a(keypad.o)
                              comm/libcomm.a(timer.o) (keypad_poll)
calypso/libcalypso.a(timer.o)
                              comm/libcomm.a(timer.o) (hwtimer_enable)
comm/libcomm.a(msgb.o)        ../../shared/libosmocore/build-target/src/.libs/libosmocore.a(msgb.o) (_talloc_zero)

Allocating common symbols
Common symbol       size              file

tall_msgb_ctx       0x4               ../../shared/libosmocore/build-target/src/.libs/libosmocore.a(msgb.o)
battery_info        0x14              battery/compal_e88.o
jiffies             0x4               comm/libcomm.a(timer.o)
bat_compal_e88_madc
                    0x10              battery/compal_e88.o

Discarded input sections

 .text          0x0000000000000000        0x0 apps/compal_dsp_dump/main.o
 .bss           0x0000000000000000        0x0 apps/compal_dsp_dump/main.o
 .text          0x0000000000000000        0x0 abb/twl3025.o
 .data          0x0000000000000000        0x0 abb/twl3025.o
 .bss           0x0000000000000000        0x4 abb/twl3025.o
 .text.tpu_enq_at
                0x0000000000000000       0x34 abb/twl3025.o
 .text.tpu_enq_wait
                0x0000000000000000       0x14 abb/twl3025.o
 .text.twl3025_wait_ibic_access
                0x0000000000000000        0x8 abb/twl3025.o
 .text.twl3025_reg_write
                0x0000000000000000       0x58 abb/twl3025.o
 .text.twl3025_switch_page
                0x0000000000000000       0x2c abb/twl3025.o
 .text.twl3025_tsp_write
                0x0000000000000000       0x10 abb/twl3025.o
 .text.twl3025_reg_read
                0x0000000000000000       0x74 abb/twl3025.o
 .text.twl3025_power_off
                0x0000000000000000       0x30 abb/twl3025.o
 .text.twl3025_irq
                0x0000000000000000       0x48 abb/twl3025.o
 .text.twl3025_clk13m
                0x0000000000000000       0x38 abb/twl3025.o
 .text.twl3025_downlink
                0x0000000000000000       0x98 abb/twl3025.o
 .text.twl3025_uplink
                0x0000000000000000       0xac abb/twl3025.o
 .text.twl3025_afc_set
                0x0000000000000000       0x64 abb/twl3025.o
 .text.twl3025_afc_get
                0x0000000000000000       0x40 abb/twl3025.o
 .text.twl3025_unit_enable
                0x0000000000000000       0x6c abb/twl3025.o
 .text.twl3025_init
                0x0000000000000000       0x8c abb/twl3025.o
 .text.twl3025_afcout_get
                0x0000000000000000       0x14 abb/twl3025.o
 .text.twl3025_afcout_set
                0x0000000000000000       0x24 abb/twl3025.o
 .rodata        0x0000000000000000       0x20 abb/twl3025.o
 .rodata.str1.1
                0x0000000000000000       0x58 abb/twl3025.o
 .text          0x0000000000000000        0x0 rf/trf6151.o
 .data          0x0000000000000000       0x1c rf/trf6151.o
 .bss           0x0000000000000000        0x4 rf/trf6151.o
 .text.tpu_enq_at
[...]
Memory Configuration

Name             Origin             Length             Attributes
XRAM             0x0000000000800000 0x0000000000020000 rw
RAM              0x0000000000820000 0x0000000000030000 rw
*default*        0x0000000000000000 0xffffffffffffffff

Linker script and memory map

                0x0000000000820000                . = 0x820000

.text.start     0x0000000000820000       0x6c
                0x0000000000820000                PROVIDE (_start, .)
 *(.text.start)
 .text.start    0x0000000000820000       0x6c board/compal/start.ram.o
                0x0000000000820000                _start
 *(.text.start)

.text.exceptions
                0x000000000080001c       0x1c load address 0x000000000082006c
 *(.text.exceptions)
 .text.exceptions
                0x000000000080001c       0x1c board/compal/exceptions_redirected.o
 *(.text.exceptions)
                0x0000000000800038                . = ALIGN (0x4)
                0x000000000082006c                PROVIDE (_exceptions, LOADADDR (.text.exceptions))
                0x0000000000800038                . = ALIGN (0x4)

.text           0x0000000000820088     0x3730
 *(.text*)
 .text.main     0x0000000000820088      0x118 apps/compal_dsp_dump/main.o
                0x0000000000820088                main
 .text          0x00000000008201a0       0xfc board/common/calypso_uart.o
                0x00000000008201ac                phex
                0x00000000008201e0                puts_asm
                0x000000000082021c                putchar_asm
                0x000000000082022c                memdump_asm
 .text.board_init
                0x000000000082029c       0xc8 board/compal_e88/init.o
                0x000000000082029c                board_init
 .text.fb_font_get_char
                0x0000000000820364       0x58 fb/font.o
                0x0000000000820364                fb_font_get_char
 .text.fb_limit_fb_range
                0x00000000008203bc       0x38 fb/fb_bw8.o
 .text.fb_bw8_update_damage
                0x00000000008203f4       0xf0 fb/fb_bw8.o
 .text.set_fg_pixel
                0x00000000008204e4       0x48 fb/fb_bw8.o
 .text.fb_bw8_clear
                0x000000000082052c       0x80 fb/fb_bw8.o
                0x000000000082052c                fb_bw8_clear
 .text.fb_bw8_lineto
                0x00000000008205ac       0x60 fb/fb_bw8.o
                0x00000000008205ac                fb_bw8_lineto
 .text.fb_bw8_boxto
                0x000000000082060c      0x204 fb/fb_bw8.o
                0x000000000082060c                fb_bw8_boxto
 .text.fb_bw8_putstr
                0x0000000000820810      0x384 fb/fb_bw8.o
                0x0000000000820810                fb_bw8_putstr
 .text.fb_st7558_flush
                0x0000000000820b94      0x104 fb/fb_st7558.o
 .text.fb_st7558_init
                0x0000000000820c98       0x40 fb/fb_st7558.o
 .text          0x0000000000820cd8       0x90 board/compal/handlers.o
                0x0000000000820cd8                handle_abort
                0x0000000000820d18                irq_entry
                0x0000000000820d40                fiq_entry
 .text.calypso_pll_set
                0x0000000000820d68       0x34 calypso/libcalypso.a(clock.o)
                0x0000000000820d68                calypso_pll_set
 .text.calypso_reset_set
                0x0000000000820d9c       0x28 calypso/libcalypso.a(clock.o)
                0x0000000000820d9c                calypso_reset_set
 .text.calypso_clock_set
                0x0000000000820dc4       0x70 calypso/libcalypso.a(clock.o)
                0x0000000000820dc4                calypso_clock_set
 .text.calypso_mem_cfg
                0x0000000000820e34       0x24 calypso/libcalypso.a(clock.o)
                0x0000000000820e34                calypso_mem_cfg
 .text.calypso_bootrom
                0x0000000000820e58       0x20 calypso/libcalypso.a(clock.o)
                0x0000000000820e58                calypso_bootrom
 .text.dsp_bl_wait_ready
                0x0000000000820e78       0x18 calypso/libcalypso.a(dsp.o)
 .text.dsp_upload_sections_api
                0x0000000000820e90       0x88 calypso/libcalypso.a(dsp.o)
 .text.dsp_pre_boot
                0x0000000000820f18       0x84 calypso/libcalypso.a(dsp.o)
 .text.dsp_dump
                0x0000000000820f9c      0x178 calypso/libcalypso.a(dsp.o)
                0x0000000000820f9c                dsp_dump
 .text.i2c_write
                0x0000000000821114       0x78 calypso/libcalypso.a(i2c.o)
                0x0000000000821114                i2c_write
 .text.i2c_init
                0x000000000082118c       0x2c calypso/libcalypso.a(i2c.o)
                0x000000000082118c                i2c_init
 .text._irq_enable
                0x00000000008211b8       0x40 calypso/libcalypso.a(irq.o)
 .text.irq_enable
                0x00000000008211f8        0x8 calypso/libcalypso.a(irq.o)
                0x00000000008211f8                irq_enable
 .text.irq_config
                0x0000000000821200       0x48 calypso/libcalypso.a(irq.o)
                0x0000000000821200                irq_config
 .text.irq      0x0000000000821248       0x3c calypso/libcalypso.a(irq.o)
                0x0000000000821248                irq
 .text.fiq      0x0000000000821284       0x3c calypso/libcalypso.a(irq.o)
                0x0000000000821284                fiq
 .text.irq_register_handler
                0x00000000008212c0       0x14 calypso/libcalypso.a(irq.o)
                0x00000000008212c0                irq_register_handler
 .text.calypso_exceptions_install
                0x00000000008212d4       0x34 calypso/libcalypso.a(irq.o)
                0x00000000008212d4                calypso_exceptions_install
 .text.irq_init
                0x0000000000821308       0x5c calypso/libcalypso.a(irq.o)
                0x0000000000821308                irq_init
 .text.dump_dev_id
                0x0000000000821364       0x8c calypso/libcalypso.a(misc.o)
                0x0000000000821364                dump_dev_id
 .text.uart_set_lcr7bit
                0x00000000008213f0       0x2c calypso/libcalypso.a(uart.o)
 .text.uart_set_lcr_bf
                0x000000000082141c       0x38 calypso/libcalypso.a(uart.o)
 .text.uart_set_mcr6bit
                0x0000000000821454       0x2c calypso/libcalypso.a(uart.o)
 .text.uart_reg_write
                0x0000000000821480       0xa0 calypso/libcalypso.a(uart.o)
 .text.uart_reg_read
                0x0000000000821520       0xa0 calypso/libcalypso.a(uart.o)
 .text.uart_irq_handler_cons
                0x00000000008215c0       0x5c calypso/libcalypso.a(uart.o)
 .text.uart_irq_enable
                0x000000000082161c       0x50 calypso/libcalypso.a(uart.o)
                0x000000000082161c                uart_irq_enable
 .text.uart_init
                0x000000000082166c      0x188 calypso/libcalypso.a(uart.o)
                0x000000000082166c                uart_init
 .text.uart_putchar_wait
                0x00000000008217f4       0x30 calypso/libcalypso.a(uart.o)
                0x00000000008217f4                uart_putchar_wait
 .text.uart_putchar_nb
                0x0000000000821824       0x30 calypso/libcalypso.a(uart.o)
                0x0000000000821824                uart_putchar_nb
 .text.uart_getchar_nb
                0x0000000000821854       0x88 calypso/libcalypso.a(uart.o)
                0x0000000000821854                uart_getchar_nb
 .text.uart_tx_busy
                0x00000000008218dc       0x20 calypso/libcalypso.a(uart.o)
                0x00000000008218dc                uart_tx_busy
 .text.uart_irq_handler_sercomm
                0x00000000008218fc      0x124 calypso/libcalypso.a(uart.o)
 .text.uart_baudrate
                0x0000000000821a20       0x68 calypso/libcalypso.a(uart.o)
                0x0000000000821a20                uart_baudrate
 .text.arm_enable_interrupts
                0x0000000000821a88       0x10 calypso/libcalypso.a(arm.o)
                0x0000000000821a88                arm_enable_interrupts
 .text.skip_atoi
                0x0000000000821a98       0x44 lib/libmini.a(vsprintf.o)
 .text.number   0x0000000000821adc      0x254 lib/libmini.a(vsprintf.o)
 .text.vsnprintf
                0x0000000000821d30      0x518 lib/libmini.a(vsprintf.o)
                0x0000000000821d30                vsnprintf
 .text.puts     0x0000000000822248        0x4 lib/libmini.a(vsprintf.o)
                0x0000000000822248                puts
 .text.strnlen  0x000000000082224c       0x28 lib/libmini.a(string.o)
                0x000000000082224c                strnlen
 .text.strlen   0x0000000000822274       0x1c lib/libmini.a(string.o)
                0x0000000000822274                strlen
 .text.printf   0x0000000000822290       0x44 lib/libmini.a(printf.o)
                0x0000000000822290                printf
 .text.cons_rb_pull
                0x00000000008222d4       0x6c lib/libmini.a(console.o)
 .text.__cons_rb_append
                0x0000000000822340       0x70 lib/libmini.a(console.o)
 .text.cons_bind_uart
                0x00000000008223b0       0x18 lib/libmini.a(console.o)
                0x00000000008223b0                cons_bind_uart
 .text.cons_get_uart
                0x00000000008223c8       0x18 lib/libmini.a(console.o)
                0x00000000008223c8                cons_get_uart
 .text.cons_init
                0x00000000008223e0       0x40 lib/libmini.a(console.o)
                0x00000000008223e0                cons_init
 .text.cons_rb_flush
                0x0000000000822420       0x58 lib/libmini.a(console.o)
                0x0000000000822420                cons_rb_flush
 .text.cons_rb_append
                0x0000000000822478       0xe0 lib/libmini.a(console.o)
                0x0000000000822478                cons_rb_append
 .text.cons_puts
                0x0000000000822558       0x74 lib/libmini.a(console.o)
                0x0000000000822558                cons_puts
 .text.do_global_ctors
                0x00000000008225cc       0x2c lib/libmini.a(ctors.o)
                0x00000000008225cc                do_global_ctors
 .text.delay_ms
                0x00000000008225f8       0x40 lib/libmini.a(delay.o)
                0x00000000008225f8                delay_ms
 .text          0x0000000000822638      0x130 lib/libmini.a(div64.o)
                0x0000000000822638                __do_div64
 .text          0x0000000000822768      0x3d4 lib/libmini.a(lib1funcs.o)
                0x0000000000822768                __udivsi3
                0x0000000000822768                __aeabi_uidiv
                0x0000000000822850                __umodsi3
                0x000000000082290c                __aeabi_idiv
                0x000000000082290c                __divsi3
                0x0000000000822a24                __modsi3
                0x0000000000822af8                __aeabi_uidivmod
                0x0000000000822b10                __aeabi_idivmod
                0x0000000000822b38                __div0
 .text          0x0000000000822b3c      0x29c lib/libmini.a(memcpy.o)
                0x0000000000822b3c                memcpy
 *fill*         0x0000000000822dd8        0x8 00
 .text          0x0000000000822de0       0xc0 lib/libmini.a(memset.o)
                0x0000000000822e00                memset
 .text.sercomm_sendmsg
                0x0000000000822ea0       0x8c comm/libcomm.a(sercomm.o)
                0x0000000000822ea0                sercomm_sendmsg
 .text.sercomm_alloc_msgb.clone.2
                0x0000000000822f2c       0x38 comm/libcomm.a(sercomm.o)
 .text.sercomm_bind_uart
                0x0000000000822f64       0x10 comm/libcomm.a(sercomm.o)
                0x0000000000822f64                sercomm_bind_uart
 .text.sercomm_get_uart
                0x0000000000822f74       0x10 comm/libcomm.a(sercomm.o)
                0x0000000000822f74                sercomm_get_uart
 .text.sercomm_initialized
                0x0000000000822f84       0x10 comm/libcomm.a(sercomm.o)
                0x0000000000822f84                sercomm_initialized
 .text.sercomm_tx_queue_depth
                0x0000000000822f94       0x34 comm/libcomm.a(sercomm.o)
                0x0000000000822f94                sercomm_tx_queue_depth
 .text.sercomm_drv_pull
                0x0000000000822fc8      0x118 comm/libcomm.a(sercomm.o)
                0x0000000000822fc8                sercomm_drv_pull
 .text.sercomm_register_rx_cb
                0x00000000008230e0       0x34 comm/libcomm.a(sercomm.o)
                0x00000000008230e0                sercomm_register_rx_cb
 .text.sercomm_init
                0x0000000000823114       0x50 comm/libcomm.a(sercomm.o)
                0x0000000000823114                sercomm_init
 .text.sercomm_drv_rx_char
                0x0000000000823164      0x1a8 comm/libcomm.a(sercomm.o)
                0x0000000000823164                sercomm_drv_rx_char
 .text.raw_puts
                0x000000000082330c       0x38 comm/libcomm.a(sercomm_cons.o)
 .text.sercomm_puts
                0x0000000000823344      0x178 comm/libcomm.a(sercomm_cons.o)
                0x0000000000823344                sercomm_puts
 .text.sercomm_putchar
                0x00000000008234bc       0x28 comm/libcomm.a(sercomm_cons.o)
                0x00000000008234bc                sercomm_putchar
 .text.osmo_timer_del
                0x00000000008234e4       0x48 comm/libcomm.a(timer.o)
                0x00000000008234e4                osmo_timer_del
 .text.osmo_timers_update
                0x000000000082352c       0xdc comm/libcomm.a(timer.o)
                0x000000000082352c                osmo_timers_update
 .text.msgb_alloc
                0x0000000000823608       0x5c ../../shared/libosmocore/build-target/src/.libs/libosmocore.a(msgb.o)
                0x0000000000823608                msgb_alloc
 .text.msgb_free
                0x0000000000823664        0x4 ../../shared/libosmocore/build-target/src/.libs/libosmocore.a(msgb.o)
                0x0000000000823664                msgb_free
 .text.msgb_enqueue
                0x0000000000823668       0x18 ../../shared/libosmocore/build-target/src/.libs/libosmocore.a(msgb.o)
                0x0000000000823668                msgb_enqueue
 .text.msgb_dequeue
                0x0000000000823680       0x40 ../../shared/libosmocore/build-target/src/.libs/libosmocore.a(msgb.o)
                0x0000000000823680                msgb_dequeue
 .text.osmo_panic
                0x00000000008236c0       0x4c ../../shared/libosmocore/build-target/src/.libs/libosmocore.a(panic.o)
                0x00000000008236c0                osmo_panic
 .text._talloc_zero
                0x000000000082370c       0xa0 comm/libcomm.a(msgb.o)
                0x000000000082370c                _talloc_zero
 .text.talloc_free
                0x00000000008237ac        0xc comm/libcomm.a(msgb.o)
                0x00000000008237ac                talloc_free
 *(.ramtext*)
 *(.glue_7t)
 .glue_7t       0x0000000000000000        0x0 linker stubs
 *(.glue_7)
 .glue_7        0x0000000000000000        0x0 linker stubs
 *(.vfp11_veneer)
 .vfp11_veneer  0x0000000000000000        0x0 linker stubs
 *(.v4_bx)
 .v4_bx         0x0000000000000000        0x0 linker stubs
                0x00000000008237b8                . = ALIGN (0x4)
                0x0000000000820088                PROVIDE (_text_start, LOADADDR (.text))
                0x00000000008237b8                PROVIDE (_text_end, (LOADADDR (.text) + SIZEOF (.text)))

.ctors          0x00000000008237b8        0x8
                0x00000000008237b8        0x4 LONG 0x0 ((SIZEOF (.ctors) / 0x4) - 0x2)
 *(SORT(.ctors))
                0x00000000008237bc        0x4 LONG 0x0
                0x00000000008237b8                PROVIDE (_ctor_start, LOADADDR (.ctors))
                0x00000000008237c0                PROVIDE (_ctor_end, (LOADADDR (.ctors) + SIZEOF (.ctors)))

.dtors          0x00000000008237c0        0x8
                0x00000000008237c0        0x4 LONG 0x0 ((SIZEOF (.dtors) / 0x4) - 0x2)
 *(SORT(.dtors))
                0x00000000008237c4        0x4 LONG 0x0
                0x00000000008237c0                PROVIDE (_dtor_start, LOADADDR (.dtors))
                0x00000000008237c8                PROVIDE (_dtor_end, (LOADADDR (.dtors) + SIZEOF (.dtors)))
                0x00000000008237c8                . = ALIGN (0x4)

.rodata         0x00000000008237c8     0x17f6
 *(.rodata*)
 .rodata.str1.1
                0x00000000008237c8       0xac apps/compal_dsp_dump/main.o
 .rodata.str1.1
                0x0000000000823874       0x1b board/compal_e88/init.o
 *fill*         0x000000000082388f        0x1 00
 .rodata        0x0000000000823890      0x4bc fb/helvR08.o
                0x0000000000823890                font_helvR08
 .rodata        0x0000000000823d4c      0x70c fb/helvB14.o
                0x0000000000823d4c                font_helvB14
 .rodata        0x0000000000824458      0x5b0 fb/c64.o
                0x0000000000824458                font_c64
 .rodata        0x0000000000824a08       0x9c fb/symbols.o
                0x0000000000824a08                font_symbols
 .rodata        0x0000000000824aa4        0xc fb/fb_st7558.o
 .rodata        0x0000000000824ab0       0xb0 calypso/libcalypso.a(dsp.o)
 .rodata.str1.1
                0x0000000000824b60      0x1f1 calypso/libcalypso.a(dsp.o)
                                        0x1f8 (size before relaxing)
 *fill*         0x0000000000824d51        0x3 00
 .rodata        0x0000000000824d54       0x18 calypso/libcalypso.a(irq.o)
 .rodata.str1.1
                0x0000000000824d6c       0xf9 calypso/libcalypso.a(misc.o)
                                         0xfc (size before relaxing)
 *fill*         0x0000000000824e65        0x3 00
 .rodata        0x0000000000824e68       0x18 calypso/libcalypso.a(uart.o)
 .rodata.str1.1
                0x0000000000824e80       0x61 calypso/libcalypso.a(uart.o)
 *fill*         0x0000000000824ee1        0x3 00
 .rodata        0x0000000000824ee4       0x50 lib/libmini.a(vsprintf.o)
 .rodata.str1.1
                0x0000000000824f34       0x71 comm/libcomm.a(sercomm.o)
 .rodata.str1.1
                0x0000000000000000       0x3e comm/libcomm.a(sercomm_cons.o)
 .rodata.str1.1
                0x0000000000824fa5       0x19 comm/libcomm.a(msgb.o)
                0x00000000008237c8                PROVIDE (_rodata_start, LOADADDR (.rodata))
                0x0000000000824fbe                PROVIDE (_rodata_end, (LOADADDR (.rodata) + SIZEOF (.rodata)))

.rel.dyn        0x0000000000824fc0        0x0
 .rel.got       0x0000000000000000        0x0 ../../shared/libosmocore/build-target/src/.libs/libosmocore.a(msgb.o)
                0x0000000000824fc0                . = ALIGN (0x4)

.data           0x0000000000824fc0      0x8a8
 *(.data)
 .data          0x0000000000824fc0        0x4 apps/compal_dsp_dump/main.o
                0x0000000000824fc0                hr
 .data          0x0000000000824fc4       0x10 fb/font.o
                0x0000000000824fc4                fb_fonts
 .data          0x0000000000824fd4       0x48 fb/fb_st7558.o
                0x0000000000824fd4                fb_bw8
                0x0000000000824fd8                framebuffer
 .data          0x000000000082501c      0x744 calypso/libcalypso.a(dsp.o)
                0x000000000082501c                dsp_api
 .data          0x0000000000825760      0x100 lib/libmini.a(ctype.o)
                0x0000000000825760                _ctype
 .data          0x0000000000825860        0x8 comm/libcomm.a(timer.o)
                0x0000000000824fc0                PROVIDE (_data_start, LOADADDR (.data))
                0x0000000000825868                PROVIDE (_data_end, (LOADADDR (.data) + SIZEOF (.data)))
                0x0000000000825868                . = ALIGN (0x4)

.got            0x0000000000825868       0x10
 *(.got)
 .got           0x0000000000825868        0x4 ../../shared/libosmocore/build-target/src/.libs/libosmocore.a(msgb.o)
 *(.got.plt)
 .got.plt       0x000000000082586c        0xc ../../shared/libosmocore/build-target/src/.libs/libosmocore.a(msgb.o)
                0x000000000082586c                _GLOBAL_OFFSET_TABLE_
 *(.igot.plt)
 *(.got)
 *(.igot)
                0x0000000000825868                PROVIDE (_got_start, LOADADDR (.got))
                0x0000000000825878                PROVIDE (_got_end, (LOADADDR (.got) + SIZEOF (.got)))

.bss            0x0000000000825878     0x47b0
                0x0000000000825878                . = ALIGN (0x4)
                0x0000000000825878                __bss_start = .
 *(.bss)
 .bss           0x0000000000825878      0x360 fb/fb_st7558.o
 .bss           0x0000000000825bd8       0x80 calypso/libcalypso.a(irq.o)
 .bss           0x0000000000825c58        0x1 calypso/libcalypso.a(uart.o)
 *fill*         0x0000000000825c59        0x3 00
 .bss           0x0000000000825c5c      0x400 lib/libmini.a(printf.o)
 .bss           0x000000000082605c     0x1010 lib/libmini.a(console.o)
 .bss           0x000000000082706c      0x62c comm/libcomm.a(sercomm.o)
 .bss           0x0000000000827698        0x4 comm/libcomm.a(sercomm_cons.o)
 .bss           0x000000000082769c        0x4 ../../shared/libosmocore/build-target/src/.libs/libosmocore.a(panic.o)
 .bss           0x00000000008276a0     0x2980 comm/libcomm.a(msgb.o)
 COMMON         0x000000000082a020        0x4 comm/libcomm.a(timer.o)
                0x000000000082a020                jiffies
 COMMON         0x000000000082a024        0x4 ../../shared/libosmocore/build-target/src/.libs/libosmocore.a(msgb.o)
                0x000000000082a024                tall_msgb_ctx
                0x000000000082a028                . = ALIGN (0x4)
                0x000000000082a028                __bss_end = .
                0x0000000000825878                PROVIDE (_bss_start, __bss_start)
                0x000000000082a028                PROVIDE (_bss_end, __bss_end)
                0x000000000082a028                . = ALIGN (0x4)
                0x000000000082a028                _end = .
                0x000000000082a028                PROVIDE (end, .)
START GROUP
LOAD apps/compal_dsp_dump/main.o
LOAD abb/twl3025.o
LOAD rf/trf6151.o
LOAD flash/cfi_flash.o
LOAD board/common/calypso_uart.o
LOAD board/common/calypso_pwl.o
LOAD board/compal/rffe_dualband.o
LOAD board/compal/rf_power.o
LOAD board/compal_e88/init.o
LOAD battery/compal_e88.o
LOAD fb/framebuffer.o
LOAD fb/font.o
LOAD fb/helvR08.o
LOAD fb/helvB14.o
LOAD fb/c64.o
LOAD fb/symbols.o
LOAD fb/fb_bw8.o
LOAD fb/fb_st7558.o
LOAD board/compal/start.ram.o
LOAD board/compal/exceptions_redirected.o
LOAD board/compal/handlers.o
LOAD board/compal_e88/compal_dsp_dump.highram.manifest.o
LOAD calypso/libcalypso.a
LOAD layer1/liblayer1.a
LOAD lib/libmini.a
LOAD comm/libcomm.a
LOAD ../../shared/libosmocore/build-target/src/.libs/libosmocore.a
LOAD ../../shared/libosmocore/build-target/src/gsm/.libs/libosmogsm.a
END GROUP
OUTPUT(board/compal_e88/compal_dsp_dump.highram.elf elf32-littlearm)

.debug_abbrev   0x0000000000000000     0x3a63
 .debug_abbrev  0x0000000000000000      0x1ba apps/compal_dsp_dump/main.o
 .debug_abbrev  0x00000000000001ba      0x2b1 abb/twl3025.o
 .debug_abbrev  0x000000000000046b      0x2df rf/trf6151.o
 .debug_abbrev  0x000000000000074a      0x324 flash/cfi_flash.o
 .debug_abbrev  0x0000000000000a6e      0x121 board/compal/rffe_dualband.o
 .debug_abbrev  0x0000000000000b8f       0x72 board/compal/rf_power.o
 .debug_abbrev  0x0000000000000c01      0x13b board/compal_e88/init.o
 .debug_abbrev  0x0000000000000d3c      0x252 battery/compal_e88.o
 .debug_abbrev  0x0000000000000f8e       0xc0 fb/framebuffer.o
 .debug_abbrev  0x000000000000104e       0xd9 fb/font.o
 .debug_abbrev  0x0000000000001127       0xaf fb/helvR08.o
 .debug_abbrev  0x00000000000011d6       0xaf fb/helvB14.o
 .debug_abbrev  0x0000000000001285       0xaf fb/c64.o
 .debug_abbrev  0x0000000000001334       0x97 fb/symbols.o
 .debug_abbrev  0x00000000000013cb      0x2dc fb/fb_bw8.o
 .debug_abbrev  0x00000000000016a7      0x152 fb/fb_st7558.o
 .debug_abbrev  0x00000000000017f9       0x40 board/compal_e88/compal_dsp_dump.highram.manifest.o
 .debug_abbrev  0x0000000000001839      0x154 calypso/libcalypso.a(clock.o)
 .debug_abbrev  0x000000000000198d      0x422 calypso/libcalypso.a(dsp.o)
 .debug_abbrev  0x0000000000001daf       0xfb calypso/libcalypso.a(i2c.o)
 .debug_abbrev  0x0000000000001eaa      0x198 calypso/libcalypso.a(irq.o)
 .debug_abbrev  0x0000000000002042       0xd0 calypso/libcalypso.a(spi.o)
 .debug_abbrev  0x0000000000002112      0x27c calypso/libcalypso.a(tpu.o)
 .debug_abbrev  0x000000000000238e      0x127 calypso/libcalypso.a(tsp.o)
 .debug_abbrev  0x00000000000024b5       0xaa calypso/libcalypso.a(misc.o)
 .debug_abbrev  0x000000000000255f      0x1f6 calypso/libcalypso.a(uart.o)
 .debug_abbrev  0x0000000000002755       0x78 calypso/libcalypso.a(arm.o)
 .debug_abbrev  0x00000000000027cd      0x213 lib/libmini.a(vsprintf.o)
 .debug_abbrev  0x00000000000029e0       0xae lib/libmini.a(string.o)
 .debug_abbrev  0x0000000000002a8e       0x53 lib/libmini.a(ctype.o)
 .debug_abbrev  0x0000000000002ae1       0xaf lib/libmini.a(printf.o)
 .debug_abbrev  0x0000000000002b90      0x20b lib/libmini.a(console.o)
 .debug_abbrev  0x0000000000002d9b       0x7a lib/libmini.a(ctors.o)
 .debug_abbrev  0x0000000000002e15       0x81 lib/libmini.a(delay.o)
 .debug_abbrev  0x0000000000002e96      0x350 comm/libcomm.a(sercomm.o)
 .debug_abbrev  0x00000000000031e6      0x24e comm/libcomm.a(sercomm_cons.o)
 .debug_abbrev  0x0000000000003434      0x237 comm/libcomm.a(timer.o)
 .debug_abbrev  0x000000000000366b      0x164 calypso/libcalypso.a(keypad.o)
 .debug_abbrev  0x00000000000037cf      0x10b calypso/libcalypso.a(timer.o)
 .debug_abbrev  0x00000000000038da      0x189 comm/libcomm.a(msgb.o)

.debug_info     0x0000000000000000     0xb36f
 .debug_info    0x0000000000000000      0x4ab apps/compal_dsp_dump/main.o
 .debug_info    0x00000000000004ab      0x784 abb/twl3025.o
 .debug_info    0x0000000000000c2f      0xa18 rf/trf6151.o
 .debug_info    0x0000000000001647      0xa9e flash/cfi_flash.o
 .debug_info    0x00000000000020e5      0x2ab board/compal/rffe_dualband.o
 .debug_info    0x0000000000002390       0xce board/compal/rf_power.o
 .debug_info    0x000000000000245e      0x379 board/compal_e88/init.o
 .debug_info    0x00000000000027d7      0x6ef battery/compal_e88.o
 .debug_info    0x0000000000002ec6      0x1f4 fb/framebuffer.o
 .debug_info    0x00000000000030ba      0x275 fb/font.o
 .debug_info    0x000000000000332f      0x17f fb/helvR08.o
 .debug_info    0x00000000000034ae      0x17f fb/helvB14.o
 .debug_info    0x000000000000362d      0x17f fb/c64.o
 .debug_info    0x00000000000037ac      0x17c fb/symbols.o
 .debug_info    0x0000000000003928      0xac4 fb/fb_bw8.o
 .debug_info    0x00000000000043ec      0x39f fb/fb_st7558.o
 .debug_info    0x000000000000478b       0x80 board/compal_e88/compal_dsp_dump.highram.manifest.o
 .debug_info    0x000000000000480b      0x44d calypso/libcalypso.a(clock.o)
 .debug_info    0x0000000000004c58     0x1ced calypso/libcalypso.a(dsp.o)
 .debug_info    0x0000000000006945      0x1b9 calypso/libcalypso.a(i2c.o)
 .debug_info    0x0000000000006afe      0x480 calypso/libcalypso.a(irq.o)
 .debug_info    0x0000000000006f7e      0x188 calypso/libcalypso.a(spi.o)
 .debug_info    0x0000000000007106      0x57d calypso/libcalypso.a(tpu.o)
 .debug_info    0x0000000000007683      0x35d calypso/libcalypso.a(tsp.o)
 .debug_info    0x00000000000079e0      0x11c calypso/libcalypso.a(misc.o)
 .debug_info    0x0000000000007afc      0x719 calypso/libcalypso.a(uart.o)
 .debug_info    0x0000000000008215       0x91 calypso/libcalypso.a(arm.o)
 .debug_info    0x00000000000082a6      0x9fa lib/libmini.a(vsprintf.o)
 .debug_info    0x0000000000008ca0      0x131 lib/libmini.a(string.o)
 .debug_info    0x0000000000008dd1       0x63 lib/libmini.a(ctype.o)
 .debug_info    0x0000000000008e34      0x109 lib/libmini.a(printf.o)
 .debug_info    0x0000000000008f3d      0x3a5 lib/libmini.a(console.o)
 .debug_info    0x00000000000092e2       0xab lib/libmini.a(ctors.o)
 .debug_info    0x000000000000938d       0x9a lib/libmini.a(delay.o)
 .debug_info    0x0000000000009427      0x949 comm/libcomm.a(sercomm.o)
 .debug_info    0x0000000000009d70      0x589 comm/libcomm.a(sercomm_cons.o)
 .debug_info    0x000000000000a2f9      0x5ca comm/libcomm.a(timer.o)
 .debug_info    0x000000000000a8c3      0x461 calypso/libcalypso.a(keypad.o)
 .debug_info    0x000000000000ad24      0x320 calypso/libcalypso.a(timer.o)
 .debug_info    0x000000000000b044      0x32b comm/libcomm.a(msgb.o)

.debug_line     0x0000000000000000     0x3af0
 .debug_line    0x0000000000000000      0x139 apps/compal_dsp_dump/main.o
 .debug_line    0x0000000000000139      0x2c4 abb/twl3025.o
 .debug_line    0x00000000000003fd      0x370 rf/trf6151.o
 .debug_line    0x000000000000076d      0x1d8 flash/cfi_flash.o
 .debug_line    0x0000000000000945      0x19b board/compal/rffe_dualband.o
 .debug_line    0x0000000000000ae0       0x8f board/compal/rf_power.o
 .debug_line    0x0000000000000b6f      0x13d board/compal_e88/init.o
 .debug_line    0x0000000000000cac      0x1e3 battery/compal_e88.o
 .debug_line    0x0000000000000e8f       0x9a fb/framebuffer.o
 .debug_line    0x0000000000000f29       0xb6 fb/font.o
 .debug_line    0x0000000000000fdf       0x99 fb/helvR08.o
 .debug_line    0x0000000000001078       0x99 fb/helvB14.o
 .debug_line    0x0000000000001111       0x95 fb/c64.o
 .debug_line    0x00000000000011a6       0x99 fb/symbols.o
 .debug_line    0x000000000000123f      0x31b fb/fb_bw8.o
 .debug_line    0x000000000000155a      0x142 fb/fb_st7558.o
 .debug_line    0x000000000000169c       0x31 board/compal_e88/compal_dsp_dump.highram.manifest.o
 .debug_line    0x00000000000016cd      0x19d calypso/libcalypso.a(clock.o)
 .debug_line    0x000000000000186a      0x527 calypso/libcalypso.a(dsp.o)
 .debug_line    0x0000000000001d91       0xc8 calypso/libcalypso.a(i2c.o)
 .debug_line    0x0000000000001e59      0x18b calypso/libcalypso.a(irq.o)
 .debug_line    0x0000000000001fe4       0xe1 calypso/libcalypso.a(spi.o)
 .debug_line    0x00000000000020c5      0x275 calypso/libcalypso.a(tpu.o)
 .debug_line    0x000000000000233a      0x185 calypso/libcalypso.a(tsp.o)
 .debug_line    0x00000000000024bf       0x8c calypso/libcalypso.a(misc.o)
 .debug_line    0x000000000000254b      0x28c calypso/libcalypso.a(uart.o)
 .debug_line    0x00000000000027d7       0x4f calypso/libcalypso.a(arm.o)
 .debug_line    0x0000000000002826      0x573 lib/libmini.a(vsprintf.o)
 .debug_line    0x0000000000002d99       0xb2 lib/libmini.a(string.o)
 .debug_line    0x0000000000002e4b       0x3f lib/libmini.a(ctype.o)
 .debug_line    0x0000000000002e8a       0x80 lib/libmini.a(printf.o)
 .debug_line    0x0000000000002f0a      0x149 lib/libmini.a(console.o)
 .debug_line    0x0000000000003053       0x47 lib/libmini.a(ctors.o)
 .debug_line    0x000000000000309a       0x66 lib/libmini.a(delay.o)
 .debug_line    0x0000000000003100      0x2be comm/libcomm.a(sercomm.o)
 .debug_line    0x00000000000033be      0x199 comm/libcomm.a(sercomm_cons.o)
 .debug_line    0x0000000000003557      0x1ad comm/libcomm.a(timer.o)
 .debug_line    0x0000000000003704      0x195 calypso/libcalypso.a(keypad.o)
 .debug_line    0x0000000000003899      0x156 calypso/libcalypso.a(timer.o)
 .debug_line    0x00000000000039ef      0x101 comm/libcomm.a(msgb.o)

.debug_loc      0x0000000000000000     0x5d74
 .debug_loc     0x0000000000000000       0x3d apps/compal_dsp_dump/main.o
 .debug_loc     0x000000000000003d      0x413 abb/twl3025.o
 .debug_loc     0x0000000000000450      0x784 rf/trf6151.o
 .debug_loc     0x0000000000000bd4      0x60c flash/cfi_flash.o
 .debug_loc     0x00000000000011e0      0x153 board/compal/rffe_dualband.o
 .debug_loc     0x0000000000001333       0x99 board/compal_e88/init.o
 .debug_loc     0x00000000000013cc      0x133 battery/compal_e88.o
 .debug_loc     0x00000000000014ff       0x4f fb/font.o
 .debug_loc     0x000000000000154e      0x93d fb/fb_bw8.o
 .debug_loc     0x0000000000001e8b       0xcb fb/fb_st7558.o
 .debug_loc     0x0000000000001f56      0x297 calypso/libcalypso.a(clock.o)
 .debug_loc     0x00000000000021ed      0x724 calypso/libcalypso.a(dsp.o)
 .debug_loc     0x0000000000002911       0xee calypso/libcalypso.a(i2c.o)
 .debug_loc     0x00000000000029ff      0x215 calypso/libcalypso.a(irq.o)
 .debug_loc     0x0000000000002c14      0x155 calypso/libcalypso.a(spi.o)
 .debug_loc     0x0000000000002d69      0x31e calypso/libcalypso.a(tpu.o)
 .debug_loc     0x0000000000003087      0x153 calypso/libcalypso.a(tsp.o)
 .debug_loc     0x00000000000031da       0xfa calypso/libcalypso.a(misc.o)
 .debug_loc     0x00000000000032d4      0x4b2 calypso/libcalypso.a(uart.o)
 .debug_loc     0x0000000000003786     0x1604 lib/libmini.a(vsprintf.o)
 .debug_loc     0x0000000000004d8a       0x8b lib/libmini.a(string.o)
 .debug_loc     0x0000000000004e15       0x4a lib/libmini.a(printf.o)
 .debug_loc     0x0000000000004e5f      0x23b lib/libmini.a(console.o)
 .debug_loc     0x000000000000509a       0x7b lib/libmini.a(ctors.o)
 .debug_loc     0x0000000000005115       0xa9 lib/libmini.a(delay.o)
 .debug_loc     0x00000000000051be      0x2fc comm/libcomm.a(sercomm.o)
 .debug_loc     0x00000000000054ba      0x2ea comm/libcomm.a(sercomm_cons.o)
 .debug_loc     0x00000000000057a4      0x291 comm/libcomm.a(timer.o)
 .debug_loc     0x0000000000005a35      0x174 calypso/libcalypso.a(keypad.o)
 .debug_loc     0x0000000000005ba9      0x154 calypso/libcalypso.a(timer.o)
 .debug_loc     0x0000000000005cfd       0x77 comm/libcomm.a(msgb.o)

.debug_pubnames
                0x0000000000000000     0x119b
 .debug_pubnames
                0x0000000000000000       0x22 apps/compal_dsp_dump/main.o
 .debug_pubnames
                0x0000000000000022      0x13c abb/twl3025.o
 .debug_pubnames
                0x000000000000015e      0x164 rf/trf6151.o
 .debug_pubnames
                0x00000000000002c2       0xa6 flash/cfi_flash.o
 .debug_pubnames
                0x0000000000000368       0xd6 board/compal/rffe_dualband.o
 .debug_pubnames
                0x000000000000043e       0x3c board/compal/rf_power.o
 .debug_pubnames
                0x000000000000047a       0x21 board/compal_e88/init.o
 .debug_pubnames
                0x000000000000049b       0x57 battery/compal_e88.o
 .debug_pubnames
                0x00000000000004f2       0x34 fb/font.o
 .debug_pubnames
                0x0000000000000526       0x23 fb/helvR08.o
 .debug_pubnames
                0x0000000000000549       0x23 fb/helvB14.o
 .debug_pubnames
                0x000000000000056c       0x1f fb/c64.o
 .debug_pubnames
                0x000000000000058b       0x23 fb/symbols.o
 .debug_pubnames
                0x00000000000005ae       0x6b fb/fb_bw8.o
 .debug_pubnames
                0x0000000000000619       0x2d fb/fb_st7558.o
 .debug_pubnames
                0x0000000000000646       0x6d board/compal_e88/compal_dsp_dump.highram.manifest.o
 .debug_pubnames
                0x00000000000006b3       0xd0 calypso/libcalypso.a(clock.o)
 .debug_pubnames
                0x0000000000000783      0x12b calypso/libcalypso.a(dsp.o)
 .debug_pubnames
                0x00000000000008ae       0x2d calypso/libcalypso.a(i2c.o)
 .debug_pubnames
                0x00000000000008db       0x95 calypso/libcalypso.a(irq.o)
 .debug_pubnames
                0x0000000000000970       0x2c calypso/libcalypso.a(spi.o)
 .debug_pubnames
                0x000000000000099c      0x12d calypso/libcalypso.a(tpu.o)
 .debug_pubnames
                0x0000000000000ac9       0x9a calypso/libcalypso.a(tsp.o)
 .debug_pubnames
                0x0000000000000b63       0x41 calypso/libcalypso.a(misc.o)
 .debug_pubnames
                0x0000000000000ba4       0xa3 calypso/libcalypso.a(uart.o)
 .debug_pubnames
                0x0000000000000c47       0x47 calypso/libcalypso.a(arm.o)
 .debug_pubnames
                0x0000000000000c8e       0xb3 lib/libmini.a(vsprintf.o)
 .debug_pubnames
                0x0000000000000d41       0x29 lib/libmini.a(string.o)
 .debug_pubnames
                0x0000000000000d6a       0x1d lib/libmini.a(ctype.o)
 .debug_pubnames
                0x0000000000000d87       0x1d lib/libmini.a(printf.o)
 .debug_pubnames
                0x0000000000000da4       0x89 lib/libmini.a(console.o)
 .debug_pubnames
                0x0000000000000e2d       0x26 lib/libmini.a(ctors.o)
 .debug_pubnames
                0x0000000000000e53       0x2c lib/libmini.a(delay.o)
 .debug_pubnames
                0x0000000000000e7f       0xdd comm/libcomm.a(sercomm.o)
 .debug_pubnames
                0x0000000000000f5c       0x37 comm/libcomm.a(sercomm_cons.o)
 .debug_pubnames
                0x0000000000000f93       0xaf comm/libcomm.a(timer.o)
 .debug_pubnames
                0x0000000000001042       0x8a calypso/libcalypso.a(keypad.o)
 .debug_pubnames
                0x00000000000010cc       0x8a calypso/libcalypso.a(timer.o)
 .debug_pubnames
                0x0000000000001156       0x45 comm/libcomm.a(msgb.o)

.debug_pubtypes
                0x0000000000000000      0xe71
 .debug_pubtypes
                0x0000000000000000       0x4b apps/compal_dsp_dump/main.o
 .debug_pubtypes
                0x000000000000004b       0xa2 abb/twl3025.o
 .debug_pubtypes
                0x00000000000000ed       0xa3 rf/trf6151.o
 .debug_pubtypes
                0x0000000000000190      0x109 flash/cfi_flash.o
 .debug_pubtypes
                0x0000000000000299       0x5f board/compal/rffe_dualband.o
 .debug_pubtypes
                0x00000000000002f8       0x1e board/compal/rf_power.o
 .debug_pubtypes
                0x0000000000000316       0xa9 board/compal_e88/init.o
 .debug_pubtypes
                0x00000000000003bf      0x139 battery/compal_e88.o
 .debug_pubtypes
                0x00000000000004f8       0x4b fb/framebuffer.o
 .debug_pubtypes
                0x0000000000000543       0x4e fb/font.o
 .debug_pubtypes
                0x0000000000000591       0x42 fb/helvR08.o
 .debug_pubtypes
                0x00000000000005d3       0x42 fb/helvB14.o
 .debug_pubtypes
                0x0000000000000615       0x42 fb/c64.o
 .debug_pubtypes
                0x0000000000000657       0x42 fb/symbols.o
 .debug_pubtypes
                0x0000000000000699       0x85 fb/fb_bw8.o
 .debug_pubtypes
                0x000000000000071e       0x72 fb/fb_st7558.o
 .debug_pubtypes
                0x0000000000000790       0x97 calypso/libcalypso.a(clock.o)
 .debug_pubtypes
                0x0000000000000827       0xf2 calypso/libcalypso.a(dsp.o)
 .debug_pubtypes
                0x0000000000000919       0x37 calypso/libcalypso.a(i2c.o)
 .debug_pubtypes
                0x0000000000000950       0x6a calypso/libcalypso.a(irq.o)
 .debug_pubtypes
                0x00000000000009ba       0x45 calypso/libcalypso.a(spi.o)
 .debug_pubtypes
                0x00000000000009ff       0x89 calypso/libcalypso.a(tpu.o)
 .debug_pubtypes
                0x0000000000000a88       0x6a calypso/libcalypso.a(tsp.o)
 .debug_pubtypes
                0x0000000000000af2       0x12 calypso/libcalypso.a(misc.o)
 .debug_pubtypes
                0x0000000000000b04       0x7c calypso/libcalypso.a(uart.o)
 .debug_pubtypes
                0x0000000000000b80       0x3c lib/libmini.a(vsprintf.o)
 .debug_pubtypes
                0x0000000000000bbc       0x1d lib/libmini.a(string.o)
 .debug_pubtypes
                0x0000000000000bd9       0x31 lib/libmini.a(printf.o)
 .debug_pubtypes
                0x0000000000000c0a       0x28 lib/libmini.a(console.o)
 .debug_pubtypes
                0x0000000000000c32       0x7c comm/libcomm.a(sercomm.o)
 .debug_pubtypes
                0x0000000000000cae       0x54 comm/libcomm.a(sercomm_cons.o)
 .debug_pubtypes
                0x0000000000000d02       0x40 comm/libcomm.a(timer.o)
 .debug_pubtypes
                0x0000000000000d42       0x72 calypso/libcalypso.a(keypad.o)
 .debug_pubtypes
                0x0000000000000db4       0x6d calypso/libcalypso.a(timer.o)
 .debug_pubtypes
                0x0000000000000e21       0x50 comm/libcomm.a(msgb.o)

.debug_aranges  0x0000000000000000      0x9e8
 .debug_aranges
                0x0000000000000000       0x20 apps/compal_dsp_dump/main.o
 .debug_aranges
                0x0000000000000020       0xa8 abb/twl3025.o
 .debug_aranges
                0x00000000000000c8       0xa8 rf/trf6151.o
 .debug_aranges
                0x0000000000000170       0x50 flash/cfi_flash.o
 .debug_aranges
                0x00000000000001c0       0x60 board/compal/rffe_dualband.o
 .debug_aranges
                0x0000000000000220       0x20 board/compal_e88/init.o
 .debug_aranges
                0x0000000000000240       0x30 battery/compal_e88.o
 .debug_aranges
                0x0000000000000270       0x20 fb/font.o
 .debug_aranges
                0x0000000000000290       0x58 fb/fb_bw8.o
 .debug_aranges
                0x00000000000002e8       0x28 fb/fb_st7558.o
 .debug_aranges
                0x0000000000000310       0x68 calypso/libcalypso.a(clock.o)
 .debug_aranges
                0x0000000000000378       0xa0 calypso/libcalypso.a(dsp.o)
 .debug_aranges
                0x0000000000000418       0x28 calypso/libcalypso.a(i2c.o)
 .debug_aranges
                0x0000000000000440       0x60 calypso/libcalypso.a(irq.o)
 .debug_aranges
                0x00000000000004a0       0x28 calypso/libcalypso.a(spi.o)
 .debug_aranges
                0x00000000000004c8       0x98 calypso/libcalypso.a(tpu.o)
 .debug_aranges
                0x0000000000000560       0x60 calypso/libcalypso.a(tsp.o)
 .debug_aranges
                0x00000000000005c0       0x30 calypso/libcalypso.a(misc.o)
 .debug_aranges
                0x00000000000005f0       0x90 calypso/libcalypso.a(uart.o)
 .debug_aranges
                0x0000000000000680       0x28 calypso/libcalypso.a(arm.o)
 .debug_aranges
                0x00000000000006a8       0x98 lib/libmini.a(vsprintf.o)
 .debug_aranges
                0x0000000000000740       0x28 lib/libmini.a(string.o)
 .debug_aranges
                0x0000000000000768       0x20 lib/libmini.a(printf.o)
 .debug_aranges
                0x0000000000000788       0x60 lib/libmini.a(console.o)
 .debug_aranges
                0x00000000000007e8       0x20 lib/libmini.a(ctors.o)
 .debug_aranges
                0x0000000000000808       0x28 lib/libmini.a(delay.o)
 .debug_aranges
                0x0000000000000830       0x68 comm/libcomm.a(sercomm.o)
 .debug_aranges
                0x0000000000000898       0x30 comm/libcomm.a(sercomm_cons.o)
 .debug_aranges
                0x00000000000008c8       0x58 comm/libcomm.a(timer.o)
 .debug_aranges
                0x0000000000000920       0x48 calypso/libcalypso.a(keypad.o)
 .debug_aranges
                0x0000000000000968       0x58 calypso/libcalypso.a(timer.o)
 .debug_aranges
                0x00000000000009c0       0x28 comm/libcomm.a(msgb.o)

.debug_ranges   0x0000000000000000      0xe40
 .debug_ranges  0x0000000000000000       0xe0 apps/compal_dsp_dump/main.o
 .debug_ranges  0x00000000000000e0       0xc8 abb/twl3025.o
 .debug_ranges  0x00000000000001a8       0x98 rf/trf6151.o
 .debug_ranges  0x0000000000000240      0x110 flash/cfi_flash.o
 .debug_ranges  0x0000000000000350       0x50 board/compal/rffe_dualband.o
 .debug_ranges  0x00000000000003a0       0x10 board/compal_e88/init.o
 .debug_ranges  0x00000000000003b0       0xb0 battery/compal_e88.o
 .debug_ranges  0x0000000000000460       0x10 fb/font.o
 .debug_ranges  0x0000000000000470      0x170 fb/fb_bw8.o
 .debug_ranges  0x00000000000005e0       0x18 fb/fb_st7558.o
 .debug_ranges  0x00000000000005f8       0x58 calypso/libcalypso.a(clock.o)
 .debug_ranges  0x0000000000000650      0x1c8 calypso/libcalypso.a(dsp.o)
 .debug_ranges  0x0000000000000818       0x18 calypso/libcalypso.a(i2c.o)
 .debug_ranges  0x0000000000000830       0x50 calypso/libcalypso.a(irq.o)
 .debug_ranges  0x0000000000000880       0x18 calypso/libcalypso.a(spi.o)
 .debug_ranges  0x0000000000000898       0xd0 calypso/libcalypso.a(tpu.o)
 .debug_ranges  0x0000000000000968       0x50 calypso/libcalypso.a(tsp.o)
 .debug_ranges  0x00000000000009b8       0x38 calypso/libcalypso.a(misc.o)
 .debug_ranges  0x00000000000009f0       0x98 calypso/libcalypso.a(uart.o)
 .debug_ranges  0x0000000000000a88       0x18 calypso/libcalypso.a(arm.o)
 .debug_ranges  0x0000000000000aa0       0xd0 lib/libmini.a(vsprintf.o)
 .debug_ranges  0x0000000000000b70       0x18 lib/libmini.a(string.o)
 .debug_ranges  0x0000000000000b88       0x10 lib/libmini.a(printf.o)
 .debug_ranges  0x0000000000000b98       0x68 lib/libmini.a(console.o)
 .debug_ranges  0x0000000000000c00       0x10 lib/libmini.a(ctors.o)
 .debug_ranges  0x0000000000000c10       0x18 lib/libmini.a(delay.o)
 .debug_ranges  0x0000000000000c28       0xb8 comm/libcomm.a(sercomm.o)
 .debug_ranges  0x0000000000000ce0       0x50 comm/libcomm.a(sercomm_cons.o)
 .debug_ranges  0x0000000000000d30       0x78 comm/libcomm.a(timer.o)
 .debug_ranges  0x0000000000000da8       0x38 calypso/libcalypso.a(keypad.o)
 .debug_ranges  0x0000000000000de0       0x48 calypso/libcalypso.a(timer.o)
 .debug_ranges  0x0000000000000e28       0x18 comm/libcomm.a(msgb.o)

.debug_str      0x0000000000000000     0x4046
 .debug_str     0x0000000000000000      0x179 apps/compal_dsp_dump/main.o
                                        0x1f4 (size before relaxing)
 .debug_str     0x0000000000000179      0x5f3 abb/twl3025.o
                                        0x6e6 (size before relaxing)
 .debug_str     0x000000000000076c      0x3e9 rf/trf6151.o
                                        0x5b6 (size before relaxing)
 .debug_str     0x0000000000000b55      0x58f flash/cfi_flash.o
                                        0x695 (size before relaxing)
 .debug_str     0x00000000000010e4       0xab board/compal/rffe_dualband.o
                                        0x276 (size before relaxing)
 .debug_str     0x000000000000118f       0x3a board/compal/rf_power.o
                                         0xf5 (size before relaxing)
 .debug_str     0x00000000000011c9      0x1ec board/compal_e88/init.o
                                        0x390 (size before relaxing)
 .debug_str     0x00000000000013b5      0x41e battery/compal_e88.o
                                        0x700 (size before relaxing)
 .debug_str     0x00000000000017d3       0x11 fb/framebuffer.o
                                        0x189 (size before relaxing)
 .debug_str     0x00000000000017e4       0xb3 fb/font.o
                                        0x195 (size before relaxing)
 .debug_str     0x0000000000001897       0x34 fb/helvR08.o
                                        0x14e (size before relaxing)
 .debug_str     0x00000000000018cb       0x34 fb/helvB14.o
                                        0x14e (size before relaxing)
 .debug_str     0x00000000000018ff       0x28 fb/c64.o
                                        0x13e (size before relaxing)
 .debug_str     0x0000000000001927       0x34 fb/symbols.o
                                        0x14e (size before relaxing)
 .debug_str     0x000000000000195b      0x194 fb/fb_bw8.o
                                        0x397 (size before relaxing)
 .debug_str     0x0000000000001aef       0xa2 fb/fb_st7558.o
                                        0x25d (size before relaxing)
 .debug_str     0x0000000000001b91       0x5c board/compal_e88/compal_dsp_dump.highram.manifest.o
                                         0x8b (size before relaxing)
 .debug_str     0x0000000000001bed      0x15c calypso/libcalypso.a(clock.o)
                                        0x3ce (size before relaxing)
 .debug_str     0x0000000000001d49      0xfeb calypso/libcalypso.a(dsp.o)
                                       0x12c9 (size before relaxing)
 .debug_str     0x0000000000002d34       0xca calypso/libcalypso.a(i2c.o)
                                        0x19f (size before relaxing)
 .debug_str     0x0000000000002dfe      0x112 calypso/libcalypso.a(irq.o)
                                        0x348 (size before relaxing)
 .debug_str     0x0000000000002f10       0xb2 calypso/libcalypso.a(spi.o)
                                        0x17f (size before relaxing)
 .debug_str     0x0000000000002fc2      0x27e calypso/libcalypso.a(tpu.o)
                                        0x3ef (size before relaxing)
 .debug_str     0x0000000000003240      0x1a1 calypso/libcalypso.a(tsp.o)
                                        0x303 (size before relaxing)
 .debug_str     0x00000000000033e1       0x32 calypso/libcalypso.a(misc.o)
                                         0xe5 (size before relaxing)
 .debug_str     0x0000000000003413      0x28e calypso/libcalypso.a(uart.o)
                                        0x4e9 (size before relaxing)
 .debug_str     0x00000000000036a1       0x3b calypso/libcalypso.a(arm.o)
                                         0x7c (size before relaxing)
 .debug_str     0x00000000000036dc      0x10b lib/libmini.a(vsprintf.o)
                                        0x220 (size before relaxing)
 .debug_str     0x00000000000037e7       0x1c lib/libmini.a(string.o)
                                         0xe3 (size before relaxing)
 .debug_str     0x0000000000003803        0xc lib/libmini.a(ctype.o)
                                         0x5d (size before relaxing)
 .debug_str     0x000000000000380f       0x1b lib/libmini.a(printf.o)
                                        0x103 (size before relaxing)
 .debug_str     0x000000000000382a       0xdc lib/libmini.a(console.o)
                                        0x1f8 (size before relaxing)
 .debug_str     0x0000000000003906       0x41 lib/libmini.a(ctors.o)
                                         0x7c (size before relaxing)
 .debug_str     0x0000000000003947       0x1e lib/libmini.a(delay.o)
                                         0x55 (size before relaxing)
 .debug_str     0x0000000000003965      0x256 comm/libcomm.a(sercomm.o)
                                        0x3cf (size before relaxing)
 .debug_str     0x0000000000003bbb       0x5d comm/libcomm.a(sercomm_cons.o)
                                        0x270 (size before relaxing)
 .debug_str     0x0000000000003c18       0xd2 comm/libcomm.a(timer.o)
                                        0x334 (size before relaxing)
 .debug_str     0x0000000000003cea      0x1c1 calypso/libcalypso.a(keypad.o)
                                        0x3e0 (size before relaxing)
 .debug_str     0x0000000000003eab      0x145 calypso/libcalypso.a(timer.o)
                                        0x34c (size before relaxing)
 .debug_str     0x0000000000003ff0       0x56 comm/libcomm.a(msgb.o)
                                        0x188 (size before relaxing)

.comment        0x0000000000000000       0x11
 .comment       0x0000000000000000       0x11 apps/compal_dsp_dump/main.o
                                         0x12 (size before relaxing)
 .comment       0x0000000000000000       0x12 abb/twl3025.o
 .comment       0x0000000000000000       0x12 rf/trf6151.o
 .comment       0x0000000000000000       0x12 flash/cfi_flash.o
 .comment       0x0000000000000000       0x12 board/compal/rffe_dualband.o
 .comment       0x0000000000000000       0x12 board/compal/rf_power.o
 .comment       0x0000000000000000       0x12 board/compal_e88/init.o
 .comment       0x0000000000000000       0x12 battery/compal_e88.o
 .comment       0x0000000000000000       0x12 fb/framebuffer.o
 .comment       0x0000000000000000       0x12 fb/font.o
 .comment       0x0000000000000000       0x12 fb/helvR08.o
 .comment       0x0000000000000000       0x12 fb/helvB14.o
 .comment       0x0000000000000000       0x12 fb/c64.o
 .comment       0x0000000000000000       0x12 fb/symbols.o
 .comment       0x0000000000000000       0x12 fb/fb_bw8.o
 .comment       0x0000000000000000       0x12 fb/fb_st7558.o
 .comment       0x0000000000000000       0x12 board/compal_e88/compal_dsp_dump.highram.manifest.o
 .comment       0x0000000000000000       0x12 calypso/libcalypso.a(clock.o)
 .comment       0x0000000000000000       0x12 calypso/libcalypso.a(dsp.o)
 .comment       0x0000000000000000       0x12 calypso/libcalypso.a(i2c.o)
 .comment       0x0000000000000000       0x12 calypso/libcalypso.a(irq.o)
 .comment       0x0000000000000000       0x12 calypso/libcalypso.a(spi.o)
 .comment       0x0000000000000000       0x12 calypso/libcalypso.a(tpu.o)
 .comment       0x0000000000000000       0x12 calypso/libcalypso.a(tsp.o)
 .comment       0x0000000000000000       0x12 calypso/libcalypso.a(misc.o)
 .comment       0x0000000000000000       0x12 calypso/libcalypso.a(uart.o)
 .comment       0x0000000000000000       0x12 calypso/libcalypso.a(arm.o)
 .comment       0x0000000000000000       0x12 lib/libmini.a(vsprintf.o)
 .comment       0x0000000000000000       0x12 lib/libmini.a(string.o)
 .comment       0x0000000000000000       0x12 lib/libmini.a(ctype.o)
 .comment       0x0000000000000000       0x12 lib/libmini.a(printf.o)
 .comment       0x0000000000000000       0x12 lib/libmini.a(console.o)
 .comment       0x0000000000000000       0x12 lib/libmini.a(ctors.o)
 .comment       0x0000000000000000       0x12 lib/libmini.a(delay.o)
 .comment       0x0000000000000000       0x12 comm/libcomm.a(sercomm.o)
 .comment       0x0000000000000000       0x12 comm/libcomm.a(sercomm_cons.o)
 .comment       0x0000000000000000       0x12 comm/libcomm.a(timer.o)
 .comment       0x0000000000000000       0x12 ../../shared/libosmocore/build-target/src/.libs/libosmocore.a(msgb.o)
 .comment       0x0000000000000000       0x12 ../../shared/libosmocore/build-target/src/.libs/libosmocore.a(panic.o)
 .comment       0x0000000000000000       0x12 ../../shared/libosmocore/build-target/src/gsm/.libs/libosmogsm.a(gsm_utils.o)
 .comment       0x0000000000000000       0x12 calypso/libcalypso.a(keypad.o)
 .comment       0x0000000000000000       0x12 calypso/libcalypso.a(timer.o)
 .comment       0x0000000000000000       0x12 comm/libcomm.a(msgb.o)

.ARM.attributes
                0x0000000000000000       0x10
 .ARM.attributes
                0x0000000000000000       0x10 apps/compal_dsp_dump/main.o
 .ARM.attributes
                0x0000000000000010       0x10 abb/twl3025.o
 .ARM.attributes
                0x0000000000000020       0x10 rf/trf6151.o
 .ARM.attributes
                0x0000000000000030       0x10 flash/cfi_flash.o
 .ARM.attributes
                0x0000000000000040       0x10 board/common/calypso_uart.o
 .ARM.attributes
                0x0000000000000050       0x10 board/common/calypso_pwl.o
 .ARM.attributes
                0x0000000000000060       0x10 board/compal/rffe_dualband.o
 .ARM.attributes
                0x0000000000000070       0x10 board/compal/rf_power.o
 .ARM.attributes
                0x0000000000000080       0x10 board/compal_e88/init.o
 .ARM.attributes
                0x0000000000000090       0x10 battery/compal_e88.o
 .ARM.attributes
                0x00000000000000a0       0x10 fb/framebuffer.o
 .ARM.attributes
                0x00000000000000b0       0x10 fb/font.o
 .ARM.attributes
                0x00000000000000c0       0x10 fb/helvR08.o
 .ARM.attributes
                0x00000000000000d0       0x10 fb/helvB14.o
 .ARM.attributes
                0x00000000000000e0       0x10 fb/c64.o
 .ARM.attributes
                0x00000000000000f0       0x10 fb/symbols.o
 .ARM.attributes
                0x0000000000000100       0x10 fb/fb_bw8.o
 .ARM.attributes
                0x0000000000000110       0x10 fb/fb_st7558.o
 .ARM.attributes
                0x0000000000000120       0x10 board/compal/start.ram.o
 .ARM.attributes
                0x0000000000000130       0x10 board/compal/exceptions_redirected.o
 .ARM.attributes
                0x0000000000000140       0x10 board/compal/handlers.o
 .ARM.attributes
                0x0000000000000150       0x10 board/compal_e88/compal_dsp_dump.highram.manifest.o
 .ARM.attributes
                0x0000000000000160       0x10 calypso/libcalypso.a(clock.o)
 .ARM.attributes
                0x0000000000000170       0x10 calypso/libcalypso.a(dsp.o)
 .ARM.attributes
                0x0000000000000180       0x10 calypso/libcalypso.a(i2c.o)
 .ARM.attributes
                0x0000000000000190       0x10 calypso/libcalypso.a(irq.o)
 .ARM.attributes
                0x00000000000001a0       0x10 calypso/libcalypso.a(spi.o)
 .ARM.attributes
                0x00000000000001b0       0x10 calypso/libcalypso.a(tpu.o)
 .ARM.attributes
                0x00000000000001c0       0x10 calypso/libcalypso.a(tsp.o)
 .ARM.attributes
                0x00000000000001d0       0x10 calypso/libcalypso.a(misc.o)
 .ARM.attributes
                0x00000000000001e0       0x10 calypso/libcalypso.a(uart.o)
 .ARM.attributes
                0x00000000000001f0       0x10 calypso/libcalypso.a(arm.o)
 .ARM.attributes
                0x0000000000000200       0x10 lib/libmini.a(vsprintf.o)
 .ARM.attributes
                0x0000000000000210       0x10 lib/libmini.a(string.o)
 .ARM.attributes
                0x0000000000000220       0x10 lib/libmini.a(ctype.o)
 .ARM.attributes
                0x0000000000000230       0x10 lib/libmini.a(printf.o)
 .ARM.attributes
                0x0000000000000240       0x10 lib/libmini.a(console.o)
 .ARM.attributes
                0x0000000000000250       0x10 lib/libmini.a(ctors.o)
 .ARM.attributes
                0x0000000000000260       0x10 lib/libmini.a(delay.o)
 .ARM.attributes
                0x0000000000000270       0x10 lib/libmini.a(div64.o)
 .ARM.attributes
                0x0000000000000280       0x10 lib/libmini.a(lib1funcs.o)
 .ARM.attributes
                0x0000000000000290       0x10 lib/libmini.a(memcpy.o)
 .ARM.attributes
                0x00000000000002a0       0x10 lib/libmini.a(memset.o)
 .ARM.attributes
                0x00000000000002b0       0x10 comm/libcomm.a(sercomm.o)
 .ARM.attributes
                0x00000000000002c0       0x10 comm/libcomm.a(sercomm_cons.o)
 .ARM.attributes
                0x00000000000002d0       0x10 comm/libcomm.a(timer.o)
 .ARM.attributes
                0x00000000000002e0       0x10 ../../shared/libosmocore/build-target/src/.libs/libosmocore.a(msgb.o)
 .ARM.attributes
                0x00000000000002f0       0x10 ../../shared/libosmocore/build-target/src/.libs/libosmocore.a(panic.o)
 .ARM.attributes
                0x0000000000000300       0x10 ../../shared/libosmocore/build-target/src/gsm/.libs/libosmogsm.a(gsm_utils.o)
 .ARM.attributes
                0x0000000000000310       0x10 calypso/libcalypso.a(keypad.o)
 .ARM.attributes
                0x0000000000000320       0x10 calypso/libcalypso.a(timer.o)
 .ARM.attributes
                0x0000000000000330       0x10 comm/libcomm.a(msgb.o)

.debug_frame    0x0000000000000000     0x16fc
 .debug_frame   0x0000000000000000       0x30 apps/compal_dsp_dump/main.o
 .debug_frame   0x0000000000000030      0x1cc abb/twl3025.o
 .debug_frame   0x00000000000001fc      0x1a8 rf/trf6151.o
 .debug_frame   0x00000000000003a4       0xac flash/cfi_flash.o
 .debug_frame   0x0000000000000450       0xb4 board/compal/rffe_dualband.o
 .debug_frame   0x0000000000000504       0x2c board/compal_e88/init.o
 .debug_frame   0x0000000000000530       0x6c battery/compal_e88.o
 .debug_frame   0x000000000000059c       0x20 fb/font.o
 .debug_frame   0x00000000000005bc      0x11c fb/fb_bw8.o
 .debug_frame   0x00000000000006d8       0x64 fb/fb_st7558.o
 .debug_frame   0x000000000000073c       0xd0 calypso/libcalypso.a(clock.o)
 .debug_frame   0x000000000000080c      0x1c0 calypso/libcalypso.a(dsp.o)
 .debug_frame   0x00000000000009cc       0x30 calypso/libcalypso.a(i2c.o)
 .debug_frame   0x00000000000009fc       0xb0 calypso/libcalypso.a(irq.o)
 .debug_frame   0x0000000000000aac       0x3c calypso/libcalypso.a(spi.o)
 .debug_frame   0x0000000000000ae8      0x13c calypso/libcalypso.a(tpu.o)
 .debug_frame   0x0000000000000c24       0xc4 calypso/libcalypso.a(tsp.o)
 .debug_frame   0x0000000000000ce8       0x6c calypso/libcalypso.a(misc.o)
 .debug_frame   0x0000000000000d54      0x18c calypso/libcalypso.a(uart.o)
 .debug_frame   0x0000000000000ee0       0x30 calypso/libcalypso.a(arm.o)
 .debug_frame   0x0000000000000f10      0x23c lib/libmini.a(vsprintf.o)
 .debug_frame   0x000000000000114c       0x30 lib/libmini.a(string.o)
 .debug_frame   0x000000000000117c       0x3c lib/libmini.a(printf.o)
 .debug_frame   0x00000000000011b8      0x128 lib/libmini.a(console.o)
 .debug_frame   0x00000000000012e0       0x2c lib/libmini.a(ctors.o)
 .debug_frame   0x000000000000130c       0x38 lib/libmini.a(delay.o)
 .debug_frame   0x0000000000001344       0xf8 comm/libcomm.a(sercomm.o)
 .debug_frame   0x000000000000143c       0x80 comm/libcomm.a(sercomm_cons.o)
 .debug_frame   0x00000000000014bc       0xb4 comm/libcomm.a(timer.o)
 .debug_frame   0x0000000000001570       0xac calypso/libcalypso.a(keypad.o)
 .debug_frame   0x000000000000161c       0x98 calypso/libcalypso.a(timer.o)
 .debug_frame   0x00000000000016b4       0x48 comm/libcomm.a(msgb.o)

Cross Reference Table

Symbol                                            File
_GLOBAL_OFFSET_TABLE_                             ../../shared/libosmocore/build-target/src/.libs/libosmocore.a(msgb.o)
                                                  ../../shared/libosmocore/build-target/src/gsm/.libs/libosmogsm.a(gsm_utils.o)
                                                  ../../shared/libosmocore/build-target/src/.libs/libosmocore.a(panic.o)
__aeabi_idiv                                      lib/libmini.a(lib1funcs.o)
__aeabi_idivmod                                   lib/libmini.a(lib1funcs.o)
__aeabi_uidiv                                     lib/libmini.a(lib1funcs.o)
__aeabi_uidivmod                                  lib/libmini.a(lib1funcs.o)
__bss_end                                         board/compal/start.ram.o
__bss_start                                       board/compal/start.ram.o
__div0                                            lib/libmini.a(lib1funcs.o)
                                                  lib/libmini.a(div64.o)
__divsi3                                          lib/libmini.a(lib1funcs.o)
                                                  ../../shared/libosmocore/build-target/src/gsm/.libs/libosmogsm.a(gsm_utils.o)
                                                  comm/libcomm.a(timer.o)
                                                  battery/compal_e88.o
__do_div64                                        lib/libmini.a(div64.o)
                                                  lib/libmini.a(vsprintf.o)
__modsi3                                          lib/libmini.a(lib1funcs.o)
                                                  ../../shared/libosmocore/build-target/src/gsm/.libs/libosmogsm.a(gsm_utils.o)
                                                  calypso/libcalypso.a(tpu.o)
__udivsi3                                         lib/libmini.a(lib1funcs.o)
                                                  ../../shared/libosmocore/build-target/src/gsm/.libs/libosmogsm.a(gsm_utils.o)
                                                  rf/trf6151.o
__umodsi3                                         lib/libmini.a(lib1funcs.o)
                                                  ../../shared/libosmocore/build-target/src/gsm/.libs/libosmogsm.a(gsm_utils.o)
                                                  calypso/libcalypso.a(dsp.o)
_ctor_end                                         board/compal/start.ram.o
_ctor_start                                       board/compal/start.ram.o
_ctype                                            lib/libmini.a(ctype.o)
                                                  ../../shared/libosmocore/build-target/src/gsm/.libs/libosmogsm.a(gsm_utils.o)
                                                  lib/libmini.a(vsprintf.o)
_exceptions                                       calypso/libcalypso.a(irq.o)
_start                                            board/compal/start.ram.o
_talloc_zero                                      comm/libcomm.a(msgb.o)
                                                  ../../shared/libosmocore/build-target/src/.libs/libosmocore.a(msgb.o)
add_mod5000                                       calypso/libcalypso.a(tpu.o)
                                                  rf/trf6151.o
arm_disable_interrupts                            calypso/libcalypso.a(arm.o)
arm_enable_interrupts                             calypso/libcalypso.a(arm.o)
                                                  calypso/libcalypso.a(irq.o)
bat_compal_e88_madc                               battery/compal_e88.o
battery_compal_e88_init                           battery/compal_e88.o
battery_info                                      battery/compal_e88.o
board_init                                        board/compal_e88/init.o
                                                  apps/compal_dsp_dump/main.o
calloc                                            ../../shared/libosmocore/build-target/src/gsm/.libs/libosmogsm.a(gsm_utils.o)
calypso_bootrom                                   calypso/libcalypso.a(clock.o)
                                                  board/compal_e88/init.o
calypso_clk_dump                                  calypso/libcalypso.a(clock.o)
calypso_clock_set                                 calypso/libcalypso.a(clock.o)
                                                  board/compal_e88/init.o
calypso_debugunit                                 calypso/libcalypso.a(clock.o)
calypso_exceptions_install                        calypso/libcalypso.a(irq.o)
                                                  board/compal_e88/init.o
calypso_mem_cfg                                   calypso/libcalypso.a(clock.o)
                                                  board/compal_e88/init.o
calypso_pll_set                                   calypso/libcalypso.a(clock.o)
calypso_reset_get                                 calypso/libcalypso.a(clock.o)
calypso_reset_set                                 calypso/libcalypso.a(clock.o)
                                                  calypso/libcalypso.a(dsp.o)
                                                  fb/fb_st7558.o
calypso_rhea_cfg                                  calypso/libcalypso.a(clock.o)
cons_bind_uart                                    lib/libmini.a(console.o)
                                                  board/compal_e88/init.o
cons_get_uart                                     lib/libmini.a(console.o)
                                                  calypso/libcalypso.a(uart.o)
cons_init                                         lib/libmini.a(console.o)
                                                  calypso/libcalypso.a(uart.o)
cons_putchar                                      lib/libmini.a(console.o)
cons_puts                                         lib/libmini.a(console.o)
                                                  comm/libcomm.a(msgb.o)
cons_rb_append                                    lib/libmini.a(console.o)
cons_rb_flush                                     lib/libmini.a(console.o)
                                                  calypso/libcalypso.a(uart.o)
dbm2apc_gsm900                                    board/compal/rf_power.o
dbm2apc_gsm900_max                                board/compal/rf_power.o
dbm2rxlev                                         ../../shared/libosmocore/build-target/src/gsm/.libs/libosmogsm.a(gsm_utils.o)
delay_ms                                          lib/libmini.a(delay.o)
                                                  calypso/libcalypso.a(spi.o)
                                                  calypso/libcalypso.a(dsp.o)
                                                  abb/twl3025.o
delay_us                                          lib/libmini.a(delay.o)
                                                  calypso/libcalypso.a(tpu.o)
dispatch_buttons                                  calypso/libcalypso.a(keypad.o)
do_global_ctors                                   lib/libmini.a(ctors.o)
                                                  board/compal/start.ram.o
dsp_api                                           calypso/libcalypso.a(dsp.o)
dsp_api_memset                                    calypso/libcalypso.a(dsp.o)
dsp_checksum_task                                 calypso/libcalypso.a(dsp.o)
dsp_dump                                          calypso/libcalypso.a(dsp.o)
                                                  apps/compal_dsp_dump/main.o
dsp_dump_version                                  calypso/libcalypso.a(dsp.o)
dsp_end_scenario                                  calypso/libcalypso.a(dsp.o)
dsp_load_apc_dac                                  calypso/libcalypso.a(dsp.o)
dsp_load_ciph_param                               calypso/libcalypso.a(dsp.o)
dsp_load_rx_task                                  calypso/libcalypso.a(dsp.o)
dsp_load_tch_param                                calypso/libcalypso.a(dsp.o)
dsp_load_tx_task                                  calypso/libcalypso.a(dsp.o)
dsp_memcpy_from_api                               calypso/libcalypso.a(dsp.o)
dsp_memcpy_to_api                                 calypso/libcalypso.a(dsp.o)
dsp_power_on                                      calypso/libcalypso.a(dsp.o)
dump_dev_id                                       calypso/libcalypso.a(misc.o)
                                                  apps/compal_dsp_dump/main.o
dump_mem                                          calypso/libcalypso.a(misc.o)
emit_key                                          calypso/libcalypso.a(keypad.o)
fb_bw8                                            fb/fb_st7558.o
                                                  fb/fb_bw8.o
fb_bw8_boxto                                      fb/fb_bw8.o
                                                  fb/fb_st7558.o
fb_bw8_clear                                      fb/fb_bw8.o
                                                  fb/fb_st7558.o
fb_bw8_lineto                                     fb/fb_bw8.o
                                                  fb/fb_st7558.o
fb_bw8_putchar                                    fb/fb_bw8.o
fb_bw8_putstr                                     fb/fb_bw8.o
                                                  fb/fb_st7558.o
fb_font_get_char                                  fb/font.o
                                                  fb/fb_bw8.o
fb_fonts                                          fb/font.o
                                                  fb/fb_bw8.o
fiq                                               calypso/libcalypso.a(irq.o)
                                                  board/compal/handlers.o
fiq_entry                                         board/compal/handlers.o
                                                  board/compal/exceptions_redirected.o
flash_block_erase                                 flash/cfi_flash.o
flash_block_getlock                               flash/cfi_flash.o
flash_block_lock                                  flash/cfi_flash.o
flash_block_lockdown                              flash/cfi_flash.o
flash_block_unlock                                flash/cfi_flash.o
flash_init                                        flash/cfi_flash.o
flash_program                                     flash/cfi_flash.o
font_c64                                          fb/c64.o
                                                  fb/font.o
font_helvB14                                      fb/helvB14.o
                                                  fb/font.o
font_helvR08                                      fb/helvR08.o
                                                  fb/font.o
font_symbols                                      fb/symbols.o
                                                  fb/font.o
framebuffer                                       fb/fb_st7558.o
                                                  fb/fb_bw8.o
                                                  apps/compal_dsp_dump/main.o
free                                              ../../shared/libosmocore/build-target/src/gsm/.libs/libosmogsm.a(gsm_utils.o)
gprs_tlli_type                                    ../../shared/libosmocore/build-target/src/gsm/.libs/libosmogsm.a(gsm_utils.o)
gprs_tmsi2tlli                                    ../../shared/libosmocore/build-target/src/gsm/.libs/libosmogsm.a(gsm_utils.o)
gsm_7bit_decode                                   ../../shared/libosmocore/build-target/src/gsm/.libs/libosmogsm.a(gsm_utils.o)
gsm_7bit_decode_hdr                               ../../shared/libosmocore/build-target/src/gsm/.libs/libosmogsm.a(gsm_utils.o)
gsm_7bit_encode                                   ../../shared/libosmocore/build-target/src/gsm/.libs/libosmogsm.a(gsm_utils.o)
gsm_arfcn2band                                    ../../shared/libosmocore/build-target/src/gsm/.libs/libosmogsm.a(gsm_utils.o)
                                                  rf/trf6151.o
gsm_arfcn2freq10                                  ../../shared/libosmocore/build-target/src/gsm/.libs/libosmogsm.a(gsm_utils.o)
                                                  rf/trf6151.o
gsm_band_name                                     ../../shared/libosmocore/build-target/src/gsm/.libs/libosmogsm.a(gsm_utils.o)
gsm_band_parse                                    ../../shared/libosmocore/build-target/src/gsm/.libs/libosmogsm.a(gsm_utils.o)
gsm_fn2gsmtime                                    ../../shared/libosmocore/build-target/src/gsm/.libs/libosmogsm.a(gsm_utils.o)
gsm_get_octet_len                                 ../../shared/libosmocore/build-target/src/gsm/.libs/libosmogsm.a(gsm_utils.o)
gsm_gsmtime2fn                                    ../../shared/libosmocore/build-target/src/gsm/.libs/libosmogsm.a(gsm_utils.o)
gsm_septet_encode                                 ../../shared/libosmocore/build-target/src/gsm/.libs/libosmogsm.a(gsm_utils.o)
gsm_septets2octets                                ../../shared/libosmocore/build-target/src/gsm/.libs/libosmogsm.a(gsm_utils.o)
handle_abort                                      board/compal/handlers.o
                                                  board/compal/exceptions_redirected.o
hr                                                apps/compal_dsp_dump/main.o
hwtimer_config                                    calypso/libcalypso.a(timer.o)
                                                  comm/libcomm.a(timer.o)
hwtimer_enable                                    calypso/libcalypso.a(timer.o)
                                                  comm/libcomm.a(timer.o)
hwtimer_init                                      calypso/libcalypso.a(timer.o)
hwtimer_load                                      calypso/libcalypso.a(timer.o)
                                                  comm/libcomm.a(timer.o)
hwtimer_read                                      calypso/libcalypso.a(timer.o)
i2c_init                                          calypso/libcalypso.a(i2c.o)
                                                  fb/fb_st7558.o
i2c_write                                         calypso/libcalypso.a(i2c.o)
                                                  fb/fb_st7558.o
irq                                               calypso/libcalypso.a(irq.o)
                                                  board/compal/handlers.o
irq_config                                        calypso/libcalypso.a(irq.o)
                                                  calypso/libcalypso.a(timer.o)
                                                  calypso/libcalypso.a(keypad.o)
                                                  comm/libcomm.a(timer.o)
                                                  calypso/libcalypso.a(uart.o)
                                                  abb/twl3025.o
irq_disable                                       calypso/libcalypso.a(irq.o)
                                                  calypso/libcalypso.a(keypad.o)
irq_enable                                        calypso/libcalypso.a(irq.o)
                                                  calypso/libcalypso.a(timer.o)
                                                  calypso/libcalypso.a(keypad.o)
                                                  comm/libcomm.a(timer.o)
                                                  calypso/libcalypso.a(uart.o)
                                                  abb/twl3025.o
irq_entry                                         board/compal/handlers.o
                                                  board/compal/exceptions_redirected.o
irq_init                                          calypso/libcalypso.a(irq.o)
                                                  board/compal_e88/init.o
irq_register_handler                              calypso/libcalypso.a(irq.o)
                                                  calypso/libcalypso.a(timer.o)
                                                  calypso/libcalypso.a(keypad.o)
                                                  comm/libcomm.a(timer.o)
                                                  calypso/libcalypso.a(uart.o)
                                                  abb/twl3025.o
jiffies                                           calypso/libcalypso.a(keypad.o)
                                                  comm/libcomm.a(timer.o)
keypad_init                                       calypso/libcalypso.a(keypad.o)
keypad_poll                                       calypso/libcalypso.a(keypad.o)
                                                  comm/libcomm.a(timer.o)
keypad_set_handler                                calypso/libcalypso.a(keypad.o)
lastbuttons                                       calypso/libcalypso.a(keypad.o)
main                                              apps/compal_dsp_dump/main.o
                                                  board/compal/start.ram.o
manifest_application                              board/compal_e88/compal_dsp_dump.highram.manifest.o
manifest_board                                    board/compal_e88/compal_dsp_dump.highram.manifest.o
manifest_environment                              board/compal_e88/compal_dsp_dump.highram.manifest.o
manifest_revision                                 board/compal_e88/compal_dsp_dump.highram.manifest.o
memcpy                                            lib/libmini.a(memcpy.o)
                                                  ../../shared/libosmocore/build-target/src/gsm/.libs/libosmogsm.a(gsm_utils.o)
                                                  lib/libmini.a(console.o)
memdump_asm                                       board/common/calypso_uart.o
memdump_range                                     calypso/libcalypso.a(misc.o)
memset                                            lib/libmini.a(memset.o)
                                                  comm/libcomm.a(msgb.o)
                                                  ../../shared/libosmocore/build-target/src/.libs/libosmocore.a(msgb.o)
                                                  lib/libmini.a(console.o)
ms_class_gmsk_dbm                                 ../../shared/libosmocore/build-target/src/gsm/.libs/libosmogsm.a(gsm_utils.o)
ms_pwr_ctl_lvl                                    ../../shared/libosmocore/build-target/src/gsm/.libs/libosmogsm.a(gsm_utils.o)
ms_pwr_dbm                                        ../../shared/libosmocore/build-target/src/gsm/.libs/libosmogsm.a(gsm_utils.o)
msgb_alloc                                        ../../shared/libosmocore/build-target/src/.libs/libosmocore.a(msgb.o)
                                                  comm/libcomm.a(sercomm_cons.o)
                                                  comm/libcomm.a(sercomm.o)
msgb_data                                         ../../shared/libosmocore/build-target/src/.libs/libosmocore.a(msgb.o)
msgb_dequeue                                      ../../shared/libosmocore/build-target/src/.libs/libosmocore.a(msgb.o)
                                                  comm/libcomm.a(sercomm.o)
msgb_enqueue                                      ../../shared/libosmocore/build-target/src/.libs/libosmocore.a(msgb.o)
                                                  comm/libcomm.a(sercomm.o)
msgb_free                                         ../../shared/libosmocore/build-target/src/.libs/libosmocore.a(msgb.o)
                                                  comm/libcomm.a(sercomm.o)
msgb_length                                       ../../shared/libosmocore/build-target/src/.libs/libosmocore.a(msgb.o)
msgb_reset                                        ../../shared/libosmocore/build-target/src/.libs/libosmocore.a(msgb.o)
msgb_set_talloc_ctx                               ../../shared/libosmocore/build-target/src/.libs/libosmocore.a(msgb.o)
osmo_panic                                        ../../shared/libosmocore/build-target/src/.libs/libosmocore.a(panic.o)
                                                  comm/libcomm.a(sercomm_cons.o)
                                                  comm/libcomm.a(sercomm.o)
osmo_set_panic_handler                            ../../shared/libosmocore/build-target/src/.libs/libosmocore.a(panic.o)
osmo_timer_add                                    comm/libcomm.a(timer.o)
osmo_timer_del                                    comm/libcomm.a(timer.o)
osmo_timer_pending                                comm/libcomm.a(timer.o)
osmo_timer_schedule                               comm/libcomm.a(timer.o)
                                                  battery/compal_e88.o
osmo_timers_check                                 comm/libcomm.a(timer.o)
osmo_timers_update                                comm/libcomm.a(timer.o)
                                                  apps/compal_dsp_dump/main.o
phex                                              board/common/calypso_uart.o
                                                  board/compal/handlers.o
phexubf                                           board/common/calypso_uart.o
power_hold                                        calypso/libcalypso.a(keypad.o)
printf                                            lib/libmini.a(printf.o)
                                                  calypso/libcalypso.a(timer.o)
                                                  calypso/libcalypso.a(keypad.o)
                                                  calypso/libcalypso.a(misc.o)
                                                  calypso/libcalypso.a(dsp.o)
                                                  calypso/libcalypso.a(clock.o)
                                                  battery/compal_e88.o
                                                  flash/cfi_flash.o
                                                  abb/twl3025.o
putchar_asm                                       board/common/calypso_uart.o
                                                  board/compal/handlers.o
puts                                              lib/libmini.a(vsprintf.o)
                                                  calypso/libcalypso.a(timer.o)
                                                  lib/libmini.a(printf.o)
                                                  calypso/libcalypso.a(uart.o)
                                                  calypso/libcalypso.a(misc.o)
                                                  calypso/libcalypso.a(tpu.o)
                                                  calypso/libcalypso.a(dsp.o)
                                                  battery/compal_e88.o
                                                  board/compal_e88/init.o
                                                  rf/trf6151.o
                                                  abb/twl3025.o
                                                  apps/compal_dsp_dump/main.o
puts_asm                                          board/common/calypso_uart.o
pwl_init                                          board/common/calypso_pwl.o
pwl_set_level                                     board/common/calypso_pwl.o
rf_arfcn                                          rf/trf6151.o
rffe_compute_gain                                 board/compal/rffe_dualband.o
rffe_get_gain                                     board/compal/rffe_dualband.o
rffe_get_rx_ports                                 board/compal/rffe_dualband.o
                                                  rf/trf6151.o
rffe_get_tx_ports                                 board/compal/rffe_dualband.o
rffe_init                                         board/compal/rffe_dualband.o
rffe_iq_swapped                                   board/compal/rffe_dualband.o
rffe_mode                                         board/compal/rffe_dualband.o
rffe_rx_win_ctrl                                  board/compal/rffe_dualband.o
rffe_set_gain                                     board/compal/rffe_dualband.o
rxlev2dbm                                         ../../shared/libosmocore/build-target/src/gsm/.libs/libosmogsm.a(gsm_utils.o)
scnprintf                                         lib/libmini.a(vsprintf.o)
sercomm_bind_uart                                 comm/libcomm.a(sercomm.o)
                                                  board/compal_e88/init.o
sercomm_drv_pull                                  comm/libcomm.a(sercomm.o)
                                                  calypso/libcalypso.a(uart.o)
sercomm_drv_rx_char                               comm/libcomm.a(sercomm.o)
                                                  calypso/libcalypso.a(uart.o)
sercomm_get_uart                                  comm/libcomm.a(sercomm.o)
                                                  comm/libcomm.a(sercomm_cons.o)
                                                  calypso/libcalypso.a(uart.o)
sercomm_init                                      comm/libcomm.a(sercomm.o)
                                                  calypso/libcalypso.a(uart.o)
sercomm_initialized                               comm/libcomm.a(sercomm.o)
                                                  comm/libcomm.a(sercomm_cons.o)
sercomm_putchar                                   comm/libcomm.a(sercomm_cons.o)
                                                  calypso/libcalypso.a(misc.o)
sercomm_puts                                      comm/libcomm.a(sercomm_cons.o)
                                                  lib/libmini.a(vsprintf.o)
sercomm_register_rx_cb                            comm/libcomm.a(sercomm.o)
sercomm_sendmsg                                   comm/libcomm.a(sercomm.o)
                                                  comm/libcomm.a(sercomm_cons.o)
sercomm_tx_queue_depth                            comm/libcomm.a(sercomm.o)
                                                  comm/libcomm.a(sercomm_cons.o)
snprintf                                          lib/libmini.a(vsprintf.o)
spi_init                                          calypso/libcalypso.a(spi.o)
                                                  abb/twl3025.o
spi_xfer                                          calypso/libcalypso.a(spi.o)
                                                  abb/twl3025.o
sprintf                                           lib/libmini.a(vsprintf.o)
sscanf                                            lib/libmini.a(vsprintf.o)
strlen                                            lib/libmini.a(string.o)
                                                  ../../shared/libosmocore/build-target/src/gsm/.libs/libosmogsm.a(gsm_utils.o)
                                                  comm/libcomm.a(sercomm_cons.o)
                                                  lib/libmini.a(console.o)
strnlen                                           lib/libmini.a(string.o)
                                                  lib/libmini.a(vsprintf.o)
strtol                                            lib/libmini.a(vsprintf.o)
                                                  ../../shared/libosmocore/build-target/src/gsm/.libs/libosmogsm.a(gsm_utils.o)
strtoll                                           lib/libmini.a(vsprintf.o)
strtoul                                           lib/libmini.a(vsprintf.o)
strtoull                                          lib/libmini.a(vsprintf.o)
system_inherent_gain                              board/compal/rffe_dualband.o
                                                  rf/trf6151.o
tall_msgb_ctx                                     comm/libcomm.a(msgb.o)
                                                  ../../shared/libosmocore/build-target/src/.libs/libosmocore.a(msgb.o)
talloc_free                                       comm/libcomm.a(msgb.o)
                                                  ../../shared/libosmocore/build-target/src/.libs/libosmocore.a(msgb.o)
timer_init                                        comm/libcomm.a(timer.o)
tpu_clk_enable                                    calypso/libcalypso.a(tpu.o)
tpu_dsp_fameirq_pending                           calypso/libcalypso.a(tpu.o)
tpu_dsp_frameirq_enable                           calypso/libcalypso.a(tpu.o)
                                                  calypso/libcalypso.a(dsp.o)
tpu_enable                                        calypso/libcalypso.a(tpu.o)
                                                  rf/trf6151.o
tpu_enqueue                                       calypso/libcalypso.a(tpu.o)
                                                  calypso/libcalypso.a(tsp.o)
                                                  rf/trf6151.o
                                                  abb/twl3025.o
tpu_force_dsp_frame_irq                           calypso/libcalypso.a(tpu.o)
tpu_frame_irq_en                                  calypso/libcalypso.a(tpu.o)
                                                  calypso/libcalypso.a(dsp.o)
tpu_get_offset                                    calypso/libcalypso.a(tpu.o)
tpu_get_synchro                                   calypso/libcalypso.a(tpu.o)
tpu_init                                          calypso/libcalypso.a(tpu.o)
tpu_reset                                         calypso/libcalypso.a(tpu.o)
tpu_rewind                                        calypso/libcalypso.a(tpu.o)
tpu_test                                          calypso/libcalypso.a(tpu.o)
tpu_wait_idle                                     calypso/libcalypso.a(tpu.o)
                                                  rf/trf6151.o
trf6151_calib_dc_offs                             rf/trf6151.o
trf6151_compute_gain                              rf/trf6151.o
                                                  board/compal/rffe_dualband.o
trf6151_get_gain                                  rf/trf6151.o
                                                  board/compal/rffe_dualband.o
trf6151_get_gain_reg                              rf/trf6151.o
trf6151_init                                      rf/trf6151.o
                                                  board/compal/rffe_dualband.o
trf6151_iq_swapped                                rf/trf6151.o
                                                  board/compal/rffe_dualband.o
trf6151_power                                     rf/trf6151.o
trf6151_rx_window                                 rf/trf6151.o
trf6151_set_arfcn                                 rf/trf6151.o
trf6151_set_gain                                  rf/trf6151.o
                                                  board/compal/rffe_dualband.o
trf6151_set_gain_reg                              rf/trf6151.o
trf6151_set_mode                                  rf/trf6151.o
trf6151_test                                      rf/trf6151.o
trf6151_tx_test                                   rf/trf6151.o
trf6151_tx_window                                 rf/trf6151.o
tsp_act_disable                                   calypso/libcalypso.a(tsp.o)
                                                  calypso/libcalypso.a(tpu.o)
                                                  rf/trf6151.o
tsp_act_enable                                    calypso/libcalypso.a(tsp.o)
                                                  calypso/libcalypso.a(tpu.o)
                                                  rf/trf6151.o
tsp_act_state                                     calypso/libcalypso.a(tsp.o)
                                                  board/compal/rffe_dualband.o
tsp_act_toggle                                    calypso/libcalypso.a(tsp.o)
tsp_act_update                                    calypso/libcalypso.a(tsp.o)
                                                  board/compal/rffe_dualband.o
tsp_init                                          calypso/libcalypso.a(tsp.o)
tsp_setup                                         calypso/libcalypso.a(tsp.o)
                                                  board/compal/rffe_dualband.o
                                                  rf/trf6151.o
tsp_write                                         calypso/libcalypso.a(tsp.o)
                                                  rf/trf6151.o
                                                  abb/twl3025.o
twl3025_afc_get                                   abb/twl3025.o
twl3025_afc_set                                   abb/twl3025.o
twl3025_afcout_get                                abb/twl3025.o
twl3025_afcout_set                                abb/twl3025.o
twl3025_clk13m                                    abb/twl3025.o
twl3025_default_ramp                              abb/twl3025.o
twl3025_downlink                                  abb/twl3025.o
twl3025_init                                      abb/twl3025.o
twl3025_power_off                                 abb/twl3025.o
                                                  calypso/libcalypso.a(keypad.o)
twl3025_reg_read                                  abb/twl3025.o
                                                  battery/compal_e88.o
twl3025_reg_write                                 abb/twl3025.o
                                                  battery/compal_e88.o
twl3025_tsp_write                                 abb/twl3025.o
twl3025_unit_enable                               abb/twl3025.o
                                                  battery/compal_e88.o
twl3025_uplink                                    abb/twl3025.o
uart_baudrate                                     calypso/libcalypso.a(uart.o)
                                                  board/compal_e88/init.o
uart_getchar_nb                                   calypso/libcalypso.a(uart.o)
uart_init                                         calypso/libcalypso.a(uart.o)
                                                  board/compal_e88/init.o