Archive member included because of file (symbol)

calypso/libcalypso.a(buzzer.o)
                              apps/rssi/main.o (buzzer_mode_pwt)
calypso/libcalypso.a(clock.o)
                              apps/rssi/main.o (calypso_clk_dump)
calypso/libcalypso.a(i2c.o)   fb/fb_st7558.o (i2c_write)
calypso/libcalypso.a(irq.o)   abb/twl3025.o (irq_enable)
calypso/libcalypso.a(spi.o)   abb/twl3025.o (spi_init)
calypso/libcalypso.a(tpu.o)   rf/trf6151.o (tpu_enable)
calypso/libcalypso.a(tsp.o)   abb/twl3025.o (tsp_write)
calypso/libcalypso.a(keypad.o)
                              apps/rssi/main.o (keypad_set_handler)
calypso/libcalypso.a(misc.o)  apps/rssi/main.o (dump_dev_id)
calypso/libcalypso.a(uart.o)  board/compal_e88/init.o (uart_init)
calypso/libcalypso.a(arm.o)   calypso/libcalypso.a(irq.o) (arm_enable_interrupts)
layer1/liblayer1.a(sync.o)    apps/rssi/main.o (l1s)
layer1/liblayer1.a(tdma_sched.o)
                              layer1/liblayer1.a(sync.o) (tdma_schedule)
layer1/liblayer1.a(tpu_window.o)
                              layer1/liblayer1.a(sync.o) (l1s_win_init)
layer1/liblayer1.a(init.o)    apps/rssi/main.o (layer1_init)
layer1/liblayer1.a(l23_api.o)
                              apps/rssi/main.o (l1a_l23_rx)
layer1/liblayer1.a(mframe_sched.o)
                              layer1/liblayer1.a(l23_api.o) (mframe_enable)
layer1/liblayer1.a(sched_gsmtime.o)
                              layer1/liblayer1.a(sync.o) (sched_gsmtime_execute)
layer1/liblayer1.a(async.o)   layer1/liblayer1.a(l23_api.o) (l1a_txq_msgb_enq)
layer1/liblayer1.a(rfch.o)    layer1/liblayer1.a(tpu_window.o) (rfch_get_params)
layer1/liblayer1.a(apc.o)     layer1/liblayer1.a(sync.o) (apc_tx_pwrlvl2auxapc)
layer1/liblayer1.a(trx_dummy.o)
                              layer1/liblayer1.a(l23_api.o) (trx_put_burst)
layer1/liblayer1.a(prim_pm.o)
                              layer1/liblayer1.a(l23_api.o) (l1s_pm_test)
layer1/liblayer1.a(prim_rach.o)
                              layer1/liblayer1.a(l23_api.o) (l1a_rach_req)
layer1/liblayer1.a(prim_tx_nb.o)
                              layer1/liblayer1.a(mframe_sched.o) (nb_sched_set_ul)
layer1/liblayer1.a(prim_rx_nb.o)
                              layer1/liblayer1.a(mframe_sched.o) (nb_sched_set)
layer1/liblayer1.a(prim_fbsb.o)
                              layer1/liblayer1.a(l23_api.o) (l1s_fbsb_req)
layer1/liblayer1.a(prim_freq.o)
                              layer1/liblayer1.a(l23_api.o) (l1a_freq_req)
layer1/liblayer1.a(prim_utils.o)
                              layer1/liblayer1.a(prim_tx_nb.o) (pu_get_idle_frame)
layer1/liblayer1.a(prim_tch.o)
                              layer1/liblayer1.a(mframe_sched.o) (tch_sched_set)
layer1/liblayer1.a(prim_bts.o)
                              layer1/liblayer1.a(mframe_sched.o) (bts_sched_set)
layer1/liblayer1.a(prim_bts_sync.o)
                              layer1/liblayer1.a(mframe_sched.o) (bts_sync_sched_set)
layer1/liblayer1.a(agc.o)     layer1/liblayer1.a(prim_pm.o) (agc_inp_dbm8_by_pm)
layer1/liblayer1.a(afc.o)     layer1/liblayer1.a(prim_fbsb.o) (afc_correct)
layer1/liblayer1.a(toa.o)     layer1/liblayer1.a(prim_rx_nb.o) (toa_input)
layer1/liblayer1.a(avg.o)     layer1/liblayer1.a(afc.o) (runavg_input)
lib/libmini.a(vsprintf.o)     apps/rssi/main.o (sprintf)
lib/libmini.a(string.o)       lib/libmini.a(vsprintf.o) (strnlen)
lib/libmini.a(ctype.o)        lib/libmini.a(vsprintf.o) (_ctype)
lib/libmini.a(printf.o)       apps/rssi/main.o (printf)
lib/libmini.a(console.o)      board/compal_e88/init.o (cons_bind_uart)
lib/libmini.a(ctors.o)        board/compal/start.ram.o (do_global_ctors)
lib/libmini.a(delay.o)        calypso/libcalypso.a(tpu.o) (delay_us)
lib/libmini.a(div64.o)        lib/libmini.a(vsprintf.o) (__do_div64)
lib/libmini.a(lib1funcs.o)    apps/rssi/main.o (__udivsi3)
lib/libmini.a(memcpy.o)       apps/rssi/main.o (memcpy)
lib/libmini.a(memset.o)       apps/rssi/main.o (memset)
comm/libcomm.a(sercomm.o)     apps/rssi/main.o (sercomm_sendmsg)
comm/libcomm.a(sercomm_cons.o)
                              lib/libmini.a(vsprintf.o) (sercomm_puts)
comm/libcomm.a(timer.o)       apps/rssi/main.o (jiffies)
../../shared/libosmocore/build-target/src/.libs/libosmocore.a(msgb.o)
                              layer1/liblayer1.a(l23_api.o) (msgb_alloc)
../../shared/libosmocore/build-target/src/.libs/libosmocore.a(panic.o)
                              apps/rssi/main.o (osmo_panic)
../../shared/libosmocore/build-target/src/gsm/.libs/libosmogsm.a(gsm_utils.o)
                              layer1/liblayer1.a(l23_api.o) (ms_pwr_ctl_lvl)
../../shared/libosmocore/build-target/src/gsm/.libs/libosmogsm.a(rsl.o)
                              apps/rssi/main.o (rsl_dec_chan_nr)
../../shared/libosmocore/build-target/src/gsm/.libs/libosmogsm.a(gsm48_ie.o)
                              apps/rssi/main.o (gsm48_decode_freq_list)
calypso/libcalypso.a(dsp.o)   layer1/liblayer1.a(sync.o) (dsp_api_memset)
[...]
Memory Configuration

Name             Origin             Length             Attributes
XRAM             0x0000000000800000 0x0000000000020000 rw
RAM              0x0000000000820000 0x0000000000030000 rw
*default*        0x0000000000000000 0xffffffffffffffff

Linker script and memory map

                0x0000000000820000                . = 0x820000

.text.start     0x0000000000820000       0x6c
                0x0000000000820000                PROVIDE (_start, .)
 *(.text.start)
 .text.start    0x0000000000820000       0x6c board/compal/start.ram.o
                0x0000000000820000                _start
 *(.text.start)

.text.exceptions
                0x000000000080001c       0x1c load address 0x000000000082006c
 *(.text.exceptions)
 .text.exceptions
                0x000000000080001c       0x1c board/compal/exceptions_redirected.o
 *(.text.exceptions)
                0x0000000000800038                . = ALIGN (0x4)
                0x000000000082006c                PROVIDE (_exceptions, LOADADDR (.text.exceptions))
                0x0000000000800038                . = ALIGN (0x4)

.text           0x0000000000820088    0x1024c
 *(.text*)
 .text.fb_boxto
                0x0000000000820088       0x1c apps/rssi/main.o
 .text.fb_putstr
                0x00000000008200a4       0x1c apps/rssi/main.o
 .text.fb_gotoxy
                0x00000000008200c0       0x18 apps/rssi/main.o
 .text.print_display
                0x00000000008200d8       0x70 apps/rssi/main.o
 .text.gsm48_match_ra
                0x0000000000820148       0xa8 apps/rssi/main.o
 .text.key_handler
                0x00000000008201f0       0x70 apps/rssi/main.o
 .text.refresh_display
                0x0000000000820260     0x1238 apps/rssi/main.o
 .text.inc_dec_arfcn
                0x0000000000821498      0x17c apps/rssi/main.o
 .text.tone_inc_dec
                0x0000000000821614       0x3c apps/rssi/main.o
 .text.inc_dec_neighbour
                0x0000000000821650       0x94 apps/rssi/main.o
 .text.inc_dec_spectrum
                0x00000000008216e4       0x58 apps/rssi/main.o
 .text.exit_arfcn
                0x000000000082173c       0x1c apps/rssi/main.o
 .text.enter_arfcn
                0x0000000000821758      0x18c apps/rssi/main.o
 .text.msgb_put
                0x00000000008218e4       0x58 apps/rssi/main.o
 .text.request_ul_levels
                0x000000000082193c       0xb8 apps/rssi/main.o
 .text.inc_dec_ul_arfcn
                0x00000000008219f4       0xc0 apps/rssi/main.o
 .text.toggle_up_down
                0x0000000000821ab4       0x4c apps/rssi/main.o
 .text.exit_rach
                0x0000000000821b00       0x2c apps/rssi/main.o
 .text.exit_sync
                0x0000000000821b2c       0x28 apps/rssi/main.o
 .text.toggle_spectrum
                0x0000000000821b54       0x50 apps/rssi/main.o
 .text.l1a_l23_rx_cb
                0x0000000000821ba4       0x54 apps/rssi/main.o
 .text.console_rx_cb
                0x0000000000821bf8       0x40 apps/rssi/main.o
 .text.l1a_l23_tx
                0x0000000000821c38      0x4bc apps/rssi/main.o
 .text.gsm48_decode_lai
                0x00000000008220f4       0x60 apps/rssi/main.o
                0x00000000008220f4                gsm48_decode_lai
 .text.main     0x0000000000822154      0xbd0 apps/rssi/main.o
                0x0000000000822154                main
 .text.tpu_enq_at
                0x0000000000822d24       0x34 abb/twl3025.o
 .text.tpu_enq_wait
                0x0000000000822d58       0x14 abb/twl3025.o
 .text.twl3025_reg_write
                0x0000000000822d6c       0x58 abb/twl3025.o
                0x0000000000822d6c                twl3025_reg_write
 .text.twl3025_switch_page
                0x0000000000822dc4       0x2c abb/twl3025.o
 .text.twl3025_tsp_write
                0x0000000000822df0       0x10 abb/twl3025.o
                0x0000000000822df0                twl3025_tsp_write
 .text.twl3025_downlink
                0x0000000000822e00       0x98 abb/twl3025.o
                0x0000000000822e00                twl3025_downlink
 .text.twl3025_uplink
                0x0000000000822e98       0xac abb/twl3025.o
                0x0000000000822e98                twl3025_uplink
 .text.twl3025_unit_enable
                0x0000000000822f44       0x6c abb/twl3025.o
                0x0000000000822f44                twl3025_unit_enable
 .text.tpu_enq_at
                0x0000000000822fb0       0x34 rf/trf6151.o
 .text.tpu_enq_wait
                0x0000000000822fe4       0x14 rf/trf6151.o
 .text.trf6151_reg_write
                0x0000000000822ff8       0x38 rf/trf6151.o
 .text.trf6151_set_gain_reg
                0x0000000000823030       0x64 rf/trf6151.o
                0x0000000000823030                trf6151_set_gain_reg
 .text.trf6151_set_gain
                0x0000000000823094       0x74 rf/trf6151.o
                0x0000000000823094                trf6151_set_gain
 .text.trf6151_power
                0x0000000000823108       0x64 rf/trf6151.o
                0x0000000000823108                trf6151_power
 .text.trf6151_init
                0x000000000082316c       0x5c rf/trf6151.o
                0x000000000082316c                trf6151_init
 .text.trf6151_set_mode
                0x00000000008231c8       0x34 rf/trf6151.o
                0x00000000008231c8                trf6151_set_mode
 .text.trf6151_set_arfcn
                0x00000000008231fc      0x21c rf/trf6151.o
                0x00000000008231fc                trf6151_set_arfcn
 .text.trf6151_get_gain
                0x0000000000823418       0x28 rf/trf6151.o
                0x0000000000823418                trf6151_get_gain
 .text.trf6151_rx_window
                0x0000000000823440       0x54 rf/trf6151.o
                0x0000000000823440                trf6151_rx_window
 .text.trf6151_tx_window
                0x0000000000823494       0x44 rf/trf6151.o
                0x0000000000823494                trf6151_tx_window
 .text.trf6151_compute_gain
                0x00000000008234d8       0x28 rf/trf6151.o
                0x00000000008234d8                trf6151_compute_gain
 .text.trf6151_iq_swapped
                0x0000000000823500       0x30 rf/trf6151.o
                0x0000000000823500                trf6151_iq_swapped
 .text          0x0000000000823530       0xfc board/common/calypso_uart.o
                0x000000000082353c                phex
                0x0000000000823570                puts_asm
                0x00000000008235ac                putchar_asm
                0x00000000008235bc                memdump_asm
 .text.rffe_mode
                0x000000000082362c       0x44 board/compal/rffe_dualband.o
                0x000000000082362c                rffe_mode
 .text.rffe_get_rx_ports
                0x0000000000823670        0x8 board/compal/rffe_dualband.o
                0x0000000000823670                rffe_get_rx_ports
 .text.rffe_iq_swapped
                0x0000000000823678        0xc board/compal/rffe_dualband.o
                0x0000000000823678                rffe_iq_swapped
 .text.rffe_init
                0x0000000000823684       0x54 board/compal/rffe_dualband.o
                0x0000000000823684                rffe_init
 .text.rffe_get_gain
                0x00000000008236d8        0x4 board/compal/rffe_dualband.o
                0x00000000008236d8                rffe_get_gain
 .text.rffe_set_gain
                0x00000000008236dc        0x8 board/compal/rffe_dualband.o
                0x00000000008236dc                rffe_set_gain
 .text.rffe_compute_gain
                0x00000000008236e4       0x14 board/compal/rffe_dualband.o
                0x00000000008236e4                rffe_compute_gain
 .text.board_init
                0x00000000008236f8       0xc8 board/compal_e88/init.o
                0x00000000008236f8                board_init
 .text.fb_font_get_char
                0x00000000008237c0       0x58 fb/font.o
                0x00000000008237c0                fb_font_get_char
 .text.fb_limit_fb_range
                0x0000000000823818       0x38 fb/fb_bw8.o
 .text.fb_bw8_update_damage
                0x0000000000823850       0xf0 fb/fb_bw8.o
 .text.set_fg_pixel
                0x0000000000823940       0x48 fb/fb_bw8.o
 .text.fb_bw8_clear
                0x0000000000823988       0x80 fb/fb_bw8.o
                0x0000000000823988                fb_bw8_clear
 .text.fb_bw8_lineto
                0x0000000000823a08       0x60 fb/fb_bw8.o
                0x0000000000823a08                fb_bw8_lineto
 .text.fb_bw8_boxto
                0x0000000000823a68      0x204 fb/fb_bw8.o
                0x0000000000823a68                fb_bw8_boxto
 .text.fb_bw8_putstr
                0x0000000000823c6c      0x384 fb/fb_bw8.o
                0x0000000000823c6c                fb_bw8_putstr
 .text.fb_st7558_flush
                0x0000000000823ff0      0x104 fb/fb_st7558.o
 .text.fb_st7558_init
                0x00000000008240f4       0x40 fb/fb_st7558.o
 .text          0x0000000000824134       0x90 board/compal/handlers.o
                0x0000000000824134                handle_abort
                0x0000000000824174                irq_entry
                0x000000000082419c                fiq_entry
 .text.buzzer_mode_pwt
                0x00000000008241c4       0x40 calypso/libcalypso.a(buzzer.o)
                0x00000000008241c4                buzzer_mode_pwt
 .text.buzzer_volume
                0x0000000000824204       0x48 calypso/libcalypso.a(buzzer.o)
                0x0000000000824204                buzzer_volume
 .text.buzzer_note
                0x000000000082424c       0x24 calypso/libcalypso.a(buzzer.o)
                0x000000000082424c                buzzer_note
 .text.dump_reg16
                0x0000000000824270       0x10 calypso/libcalypso.a(clock.o)
 .text.calypso_clk_dump
                0x0000000000824280       0x6c calypso/libcalypso.a(clock.o)
                0x0000000000824280                calypso_clk_dump
 .text.calypso_pll_set
                0x00000000008242ec       0x34 calypso/libcalypso.a(clock.o)
                0x00000000008242ec                calypso_pll_set
 .text.calypso_reset_set
                0x0000000000824320       0x28 calypso/libcalypso.a(clock.o)
                0x0000000000824320                calypso_reset_set
 .text.calypso_clock_set
                0x0000000000824348       0x70 calypso/libcalypso.a(clock.o)
                0x0000000000824348                calypso_clock_set
 .text.calypso_mem_cfg
                0x00000000008243b8       0x24 calypso/libcalypso.a(clock.o)
                0x00000000008243b8                calypso_mem_cfg
 .text.calypso_bootrom
                0x00000000008243dc       0x20 calypso/libcalypso.a(clock.o)
                0x00000000008243dc                calypso_bootrom
 .text.i2c_write
                0x00000000008243fc       0x78 calypso/libcalypso.a(i2c.o)
                0x00000000008243fc                i2c_write
 .text.i2c_init
                0x0000000000824474       0x2c calypso/libcalypso.a(i2c.o)
                0x0000000000824474                i2c_init
 .text._irq_enable
                0x00000000008244a0       0x40 calypso/libcalypso.a(irq.o)
 .text.irq_enable
                0x00000000008244e0        0x8 calypso/libcalypso.a(irq.o)
                0x00000000008244e0                irq_enable
 .text.irq_disable
                0x00000000008244e8        0x8 calypso/libcalypso.a(irq.o)
                0x00000000008244e8                irq_disable
 .text.irq_config
                0x00000000008244f0       0x48 calypso/libcalypso.a(irq.o)
                0x00000000008244f0                irq_config
 .text.irq      0x0000000000824538       0x3c calypso/libcalypso.a(irq.o)
                0x0000000000824538                irq
 .text.fiq      0x0000000000824574       0x3c calypso/libcalypso.a(irq.o)
                0x0000000000824574                fiq
 .text.irq_register_handler
                0x00000000008245b0       0x14 calypso/libcalypso.a(irq.o)
                0x00000000008245b0                irq_register_handler
 .text.calypso_exceptions_install
                0x00000000008245c4       0x34 calypso/libcalypso.a(irq.o)
                0x00000000008245c4                calypso_exceptions_install
 .text.irq_init
                0x00000000008245f8       0x5c calypso/libcalypso.a(irq.o)
                0x00000000008245f8                irq_init
 .text.spi_xfer
                0x0000000000824654      0x100 calypso/libcalypso.a(spi.o)
                0x0000000000824654                spi_xfer
 .text.tpu_wait_ctrl_bit
                0x0000000000824754       0x60 calypso/libcalypso.a(tpu.o)
 .text.tpu_reset
                0x00000000008247b4       0x2c calypso/libcalypso.a(tpu.o)
                0x00000000008247b4                tpu_reset
 .text.tpu_enable
                0x00000000008247e0       0x34 calypso/libcalypso.a(tpu.o)
                0x00000000008247e0                tpu_enable
 .text.tpu_clk_enable
                0x0000000000824814       0x2c calypso/libcalypso.a(tpu.o)
                0x0000000000824814                tpu_clk_enable
 .text.tpu_dsp_frameirq_enable
                0x0000000000824840       0x1c calypso/libcalypso.a(tpu.o)
                0x0000000000824840                tpu_dsp_frameirq_enable
 .text.tpu_rewind
                0x000000000082485c       0x18 calypso/libcalypso.a(tpu.o)
                0x000000000082485c                tpu_rewind
 .text.tpu_enqueue
                0x0000000000824874       0x28 calypso/libcalypso.a(tpu.o)
                0x0000000000824874                tpu_enqueue
 .text.tpu_init
                0x000000000082489c       0x64 calypso/libcalypso.a(tpu.o)
                0x000000000082489c                tpu_init
 .text.tpu_wait_idle
                0x0000000000824900       0x20 calypso/libcalypso.a(tpu.o)
                0x0000000000824900                tpu_wait_idle
 .text.tpu_frame_irq_en
                0x0000000000824920       0x30 calypso/libcalypso.a(tpu.o)
                0x0000000000824920                tpu_frame_irq_en
 .text.add_mod5000
                0x0000000000824950       0x38 calypso/libcalypso.a(tpu.o)
                0x0000000000824950                add_mod5000
 .text.tpu_enq_move
                0x0000000000824988       0x1c calypso/libcalypso.a(tsp.o)
 .text.tsp_write
                0x00000000008249a4       0xcc calypso/libcalypso.a(tsp.o)
                0x00000000008249a4                tsp_write
 .text.tsp_setup
                0x0000000000824a70       0x40 calypso/libcalypso.a(tsp.o)
                0x0000000000824a70                tsp_setup
 .text.tsp_act_update
                0x0000000000824ab0       0x50 calypso/libcalypso.a(tsp.o)
                0x0000000000824ab0                tsp_act_update
 .text.tsp_act_enable
                0x0000000000824b00       0x1c calypso/libcalypso.a(tsp.o)
                0x0000000000824b00                tsp_act_enable
 .text.tsp_act_disable
                0x0000000000824b1c       0x14 calypso/libcalypso.a(tsp.o)
                0x0000000000824b1c                tsp_act_disable
 .text.tsp_act_state
                0x0000000000824b30       0x10 calypso/libcalypso.a(tsp.o)
                0x0000000000824b30                tsp_act_state
 .text.tsp_init
                0x0000000000824b40        0x8 calypso/libcalypso.a(tsp.o)
                0x0000000000824b40                tsp_init
 .text.keypad_set_handler
                0x0000000000824b48       0x10 calypso/libcalypso.a(keypad.o)
                0x0000000000824b48                keypad_set_handler
 .text.dump_dev_id
                0x0000000000824b58       0x8c calypso/libcalypso.a(misc.o)
                0x0000000000824b58                dump_dev_id
 .text.uart_set_lcr7bit
                0x0000000000824be4       0x2c calypso/libcalypso.a(uart.o)
 .text.uart_set_lcr_bf
                0x0000000000824c10       0x38 calypso/libcalypso.a(uart.o)
 .text.uart_set_mcr6bit
                0x0000000000824c48       0x2c calypso/libcalypso.a(uart.o)
 .text.uart_reg_write
                0x0000000000824c74       0xa0 calypso/libcalypso.a(uart.o)
 .text.uart_reg_read
                0x0000000000824d14       0xa0 calypso/libcalypso.a(uart.o)
 .text.uart_irq_handler_cons
                0x0000000000824db4       0x5c calypso/libcalypso.a(uart.o)
 .text.uart_irq_enable
                0x0000000000824e10       0x50 calypso/libcalypso.a(uart.o)
                0x0000000000824e10                uart_irq_enable
 .text.uart_init
                0x0000000000824e60      0x188 calypso/libcalypso.a(uart.o)
                0x0000000000824e60                uart_init
 .text.uart_putchar_wait
                0x0000000000824fe8       0x30 calypso/libcalypso.a(uart.o)
                0x0000000000824fe8                uart_putchar_wait
 .text.uart_putchar_nb
                0x0000000000825018       0x30 calypso/libcalypso.a(uart.o)
                0x0000000000825018                uart_putchar_nb
 .text.uart_getchar_nb
                0x0000000000825048       0x88 calypso/libcalypso.a(uart.o)
                0x0000000000825048                uart_getchar_nb
 .text.uart_tx_busy
                0x00000000008250d0       0x20 calypso/libcalypso.a(uart.o)
                0x00000000008250d0                uart_tx_busy
 .text.uart_irq_handler_sercomm
                0x00000000008250f0      0x124 calypso/libcalypso.a(uart.o)
 .text.uart_baudrate
                0x0000000000825214       0x68 calypso/libcalypso.a(uart.o)
                0x0000000000825214                uart_baudrate
 .text.arm_enable_interrupts
                0x000000000082527c       0x10 calypso/libcalypso.a(arm.o)
                0x000000000082527c                arm_enable_interrupts
 .text.l1s_abort_cmd
                0x000000000082528c       0x58 layer1/liblayer1.a(sync.o)
 .text.l1s_time_inc
                0x00000000008252e4       0xc8 layer1/liblayer1.a(sync.o)
                0x00000000008252e4                l1s_time_inc
 .text.frame_irq
                0x00000000008253ac      0x214 layer1/liblayer1.a(sync.o)
 .text.l1s_time_dump
                0x00000000008255c0       0x2c layer1/liblayer1.a(sync.o)
                0x00000000008255c0                l1s_time_dump
 .text.l1s_snr_int
                0x00000000008255ec        0xc layer1/liblayer1.a(sync.o)
                0x00000000008255ec                l1s_snr_int
 .text.synchronize_tdma
                0x00000000008255f8       0xa8 layer1/liblayer1.a(sync.o)
                0x00000000008255f8                synchronize_tdma
 .text.l1s_reset_hw
                0x00000000008256a0       0x7c layer1/liblayer1.a(sync.o)
                0x00000000008256a0                l1s_reset_hw
 .text.l1s_compl_sched
                0x000000000082571c       0x2c layer1/liblayer1.a(sync.o)
                0x000000000082571c                l1s_compl_sched
 .text.l1s_dsp_abort
                0x0000000000825748       0x2c layer1/liblayer1.a(sync.o)
                0x0000000000825748                l1s_dsp_abort
 .text.l1s_tx_apc_helper
                0x0000000000825774       0x88 layer1/liblayer1.a(sync.o)
                0x0000000000825774                l1s_tx_apc_helper
 .text.l1s_reset
                0x00000000008257fc       0x4c layer1/liblayer1.a(sync.o)
                0x00000000008257fc                l1s_reset
 .text.l1s_init
                0x0000000000825848       0xa8 layer1/liblayer1.a(sync.o)
                0x0000000000825848                l1s_init
 .text.tdma_end_set
                0x00000000008258f0        0x8 layer1/liblayer1.a(tdma_sched.o)
                0x00000000008258f0                tdma_end_set
 .text.tdma_schedule
                0x00000000008258f8       0x98 layer1/liblayer1.a(tdma_sched.o)
                0x00000000008258f8                tdma_schedule
 .text.tdma_schedule_set
                0x0000000000825990       0xf0 layer1/liblayer1.a(tdma_sched.o)
                0x0000000000825990                tdma_schedule_set
 .text.tdma_sched_advance
                0x0000000000825a80       0x24 layer1/liblayer1.a(tdma_sched.o)
                0x0000000000825a80                tdma_sched_advance
 .text.tdma_sched_flag_scan
                0x0000000000825aa4       0x4c layer1/liblayer1.a(tdma_sched.o)
                0x0000000000825aa4                tdma_sched_flag_scan
 .text.tdma_sched_execute
                0x0000000000825af0      0x170 layer1/liblayer1.a(tdma_sched.o)
                0x0000000000825af0                tdma_sched_execute
 .text.tdma_sched_reset
                0x0000000000825c60       0x30 layer1/liblayer1.a(tdma_sched.o)
                0x0000000000825c60                tdma_sched_reset
 .text.tpu_enq_at
                0x0000000000825c90       0x34 layer1/liblayer1.a(tpu_window.o)
 .text._win_cleanup
                0x0000000000825cc4       0x64 layer1/liblayer1.a(tpu_window.o)
 .text._win_setup
                0x0000000000825d28       0x98 layer1/liblayer1.a(tpu_window.o)
 .text.l1s_win_init
                0x0000000000825dc0       0x54 layer1/liblayer1.a(tpu_window.o)
                0x0000000000825dc0                l1s_win_init
 .text.l1s_rx_win_ctrl
                0x0000000000825e14       0xbc layer1/liblayer1.a(tpu_window.o)
                0x0000000000825e14                l1s_rx_win_ctrl
 .text.l1s_tx_win_ctrl
                0x0000000000825ed0       0xb0 layer1/liblayer1.a(tpu_window.o)
                0x0000000000825ed0                l1s_tx_win_ctrl
 .text.l1s_tx_multi_win_ctrl
                0x0000000000825f80       0xd8 layer1/liblayer1.a(tpu_window.o)
                0x0000000000825f80                l1s_tx_multi_win_ctrl
 .text.tpu_end_scenario
                0x0000000000826058       0x18 layer1/liblayer1.a(tpu_window.o)
                0x0000000000826058                tpu_end_scenario
 .text.layer1_init
                0x0000000000826070       0x50 layer1/liblayer1.a(init.o)
                0x0000000000826070                layer1_init
 .text.__fswab32
                0x00000000008260c0       0x14 layer1/liblayer1.a(l23_api.o)
 .text.audio_set_enabled
                0x00000000008260d4       0x4c layer1/liblayer1.a(l23_api.o)
 .text.msgb_put
                0x0000000000826120       0x58 layer1/liblayer1.a(l23_api.o)
 .text.l1a_l23_rx
                0x0000000000826178       0x24 layer1/liblayer1.a(l23_api.o)
                0x0000000000826178                l1a_l23_rx
 .text.l1_queue_for_l2
                0x000000000082619c       0x34 layer1/liblayer1.a(l23_api.o)
                0x000000000082619c                l1_queue_for_l2
 .text.l1ctl_msgb_alloc
                0x00000000008261d0       0x68 layer1/liblayer1.a(l23_api.o)
                0x00000000008261d0                l1ctl_msgb_alloc
 .text.l1_create_l2_msg
                0x0000000000826238       0x74 layer1/liblayer1.a(l23_api.o)
                0x0000000000826238                l1_create_l2_msg
 .text.l1ctl_tx_reset
                0x00000000008262ac       0x2c layer1/liblayer1.a(l23_api.o)
                0x00000000008262ac                l1ctl_tx_reset
 .text.l1a_l23_handler
                0x00000000008262d8      0xc48 layer1/liblayer1.a(l23_api.o)
                0x00000000008262d8                l1a_l23_handler
 .text.l1a_l23api_init
                0x0000000000826f20       0x10 layer1/liblayer1.a(l23_api.o)
                0x0000000000826f20                l1a_l23api_init
 .text.mframe_task2chan_nr
                0x0000000000826f30      0x120 layer1/liblayer1.a(mframe_sched.o)
                0x0000000000826f30                mframe_task2chan_nr
 .text.mframe_enable
                0x0000000000827050       0x1c layer1/liblayer1.a(mframe_sched.o)
                0x0000000000827050                mframe_enable
 .text.mframe_disable
                0x000000000082706c       0x1c layer1/liblayer1.a(mframe_sched.o)
                0x000000000082706c                mframe_disable
 .text.mframe_set
                0x0000000000827088       0x10 layer1/liblayer1.a(mframe_sched.o)
                0x0000000000827088                mframe_set
 .text.mframe_schedule
                0x0000000000827098      0x120 layer1/liblayer1.a(mframe_sched.o)
                0x0000000000827098                mframe_schedule
 .text.mframe_reset
                0x00000000008271b8       0x20 layer1/liblayer1.a(mframe_sched.o)
                0x00000000008271b8                mframe_reset
 .text.sched_gsmtime
                0x00000000008271d8       0xa8 layer1/liblayer1.a(sched_gsmtime.o)
                0x00000000008271d8                sched_gsmtime
 .text.sched_gsmtime_execute
                0x0000000000827280       0x84 layer1/liblayer1.a(sched_gsmtime.o)
                0x0000000000827280                sched_gsmtime_execute
 .text.sched_gsmtime_init
                0x0000000000827304       0x50 layer1/liblayer1.a(sched_gsmtime.o)
                0x0000000000827304                sched_gsmtime_init
 .text.sched_gsmtime_reset
                0x0000000000827354       0x54 layer1/liblayer1.a(sched_gsmtime.o)
                0x0000000000827354                sched_gsmtime_reset
 .text.l1a_txq_msgb_enq
                0x00000000008273a8       0x1c layer1/liblayer1.a(async.o)
                0x00000000008273a8                l1a_txq_msgb_enq
 .text.l1a_meas_msgb_set
                0x00000000008273c4       0x38 layer1/liblayer1.a(async.o)
                0x00000000008273c4                l1a_meas_msgb_set
 .text.l1a_txq_msgb_count
                0x00000000008273fc       0x34 layer1/liblayer1.a(async.o)
                0x00000000008273fc                l1a_txq_msgb_count
 .text.l1a_txq_msgb_flush
                0x0000000000827430       0x34 layer1/liblayer1.a(async.o)
                0x0000000000827430                l1a_txq_msgb_flush
 .text.l1a_mftask_set
                0x0000000000827464        0x4 layer1/liblayer1.a(async.o)
                0x0000000000827464                l1a_mftask_set
 .text.l1a_tch_mode_set
                0x0000000000827468       0x3c layer1/liblayer1.a(async.o)
                0x0000000000827468                l1a_tch_mode_set
 .text.l1a_audio_mode_set
                0x00000000008274a4       0x14 layer1/liblayer1.a(async.o)
                0x00000000008274a4                l1a_audio_mode_set
 .text.l1a_init
                0x00000000008274b8        0x4 layer1/liblayer1.a(async.o)
                0x00000000008274b8                l1a_init
 .text.l1a_compl_execute
                0x00000000008274bc       0x50 layer1/liblayer1.a(async.o)
                0x00000000008274bc                l1a_compl_execute
 .text.rfch_get_params
                0x000000000082750c      0x140 layer1/liblayer1.a(rfch.o)
                0x000000000082750c                rfch_get_params
 .text.apc_tx_dbm2auxapc
                0x000000000082764c       0x48 layer1/liblayer1.a(apc.o)
                0x000000000082764c                apc_tx_dbm2auxapc
 .text.apc_tx_pwrlvl2auxapc
                0x0000000000827694       0x38 layer1/liblayer1.a(apc.o)
                0x0000000000827694                apc_tx_pwrlvl2auxapc
 .text.trx_get_burst
                0x00000000008276cc        0x8 layer1/liblayer1.a(trx_dummy.o)
                0x00000000008276cc                trx_get_burst
 .text.trx_put_burst
                0x00000000008276d4        0x8 layer1/liblayer1.a(trx_dummy.o)
                0x00000000008276d4                trx_put_burst
 .text.l1s_neigh_pm_resp
                0x00000000008276dc      0x178 layer1/liblayer1.a(prim_pm.o)
 .text.l1s_pm_cmd
                0x0000000000827854       0x50 layer1/liblayer1.a(prim_pm.o)
 .text.l1s_neigh_pm_cmd
                0x00000000008278a4       0x7c layer1/liblayer1.a(prim_pm.o)
 .text.l1s_pm_test
                0x0000000000827920       0x30 layer1/liblayer1.a(prim_pm.o)
                0x0000000000827920                l1s_pm_test
 .text.l1s_pm_resp
                0x0000000000827950      0x210 layer1/liblayer1.a(prim_pm.o)
 .text.l1s_tx_rach_resp
                0x0000000000827b60       0x44 layer1/liblayer1.a(prim_rach.o)
 .text.l1s_tx_rach_cmd
                0x0000000000827ba4       0x80 layer1/liblayer1.a(prim_rach.o)
 .text.l1a_rach_compl
                0x0000000000827c24       0x28 layer1/liblayer1.a(prim_rach.o)
 .text.l1a_rach_req
                0x0000000000827c4c       0xcc layer1/liblayer1.a(prim_rach.o)
                0x0000000000827c4c                l1a_rach_req
 .text.prim_rach_init
                0x0000000000827d18       0x18 layer1/liblayer1.a(prim_rach.o)
 .text.l1s_tx_resp
                0x0000000000827d30       0x4c layer1/liblayer1.a(prim_tx_nb.o)
 .text.l1s_tx_cmd
                0x0000000000827d7c      0x168 layer1/liblayer1.a(prim_tx_nb.o)
 .text.l1a_tx_nb_compl
                0x0000000000827ee4       0x28 layer1/liblayer1.a(prim_tx_nb.o)
 .text.prim_tx_nb_init
                0x0000000000827f0c       0x18 layer1/liblayer1.a(prim_tx_nb.o)
 .text.l1s_nb_resp
                0x0000000000827f24      0x2e4 layer1/liblayer1.a(prim_rx_nb.o)
 .text.l1s_nb_cmd
                0x0000000000828208      0x180 layer1/liblayer1.a(prim_rx_nb.o)
 .text.l1ctl_fbsb_resp
                0x0000000000828388       0xc0 layer1/liblayer1.a(prim_fbsb.o)
 .text.l1s_sbdet_resp
                0x0000000000828448      0x32c layer1/liblayer1.a(prim_fbsb.o)
 .text.l1s_sbdet_cmd
                0x0000000000828774       0x54 layer1/liblayer1.a(prim_fbsb.o)
 .text.l1s_fbdet_cmd
                0x00000000008287c8       0x6c layer1/liblayer1.a(prim_fbsb.o)
 .text.fbinfo2cellinfo.clone.0.clone.1
                0x0000000000828834       0xec layer1/liblayer1.a(prim_fbsb.o)
 .text.l1s_fbdet_resp
                0x0000000000828920      0x328 layer1/liblayer1.a(prim_fbsb.o)
 .text.l1a_fb_compl
                0x0000000000828c48       0x2c layer1/liblayer1.a(prim_fbsb.o)
 .text.l1s_fbsb_req
                0x0000000000828c74       0xf4 layer1/liblayer1.a(prim_fbsb.o)
                0x0000000000828c74                l1s_fbsb_req
 .text.l1s_prim_fbsb_init
                0x0000000000828d68       0x18 layer1/liblayer1.a(prim_fbsb.o)
 .text.l1s_freq_cmd
                0x0000000000828d80       0x50 layer1/liblayer1.a(prim_freq.o)
 .text.l1a_freq_req
                0x0000000000828dd0       0xc0 layer1/liblayer1.a(prim_freq.o)
                0x0000000000828dd0                l1a_freq_req
 .text.pu_get_idle_frame
                0x0000000000828e90        0xc layer1/liblayer1.a(prim_utils.o)
                0x0000000000828e90                pu_get_idle_frame
 .text.pu_update_rx_level
                0x0000000000828e9c       0x18 layer1/liblayer1.a(prim_utils.o)
                0x0000000000828e9c                pu_update_rx_level
 .text.pu_get_meas_frame
                0x0000000000828eb4       0x30 layer1/liblayer1.a(prim_utils.o)
                0x0000000000828eb4                pu_get_meas_frame
 .text.l1s_tch_d_resp
                0x0000000000828ee4       0x18 layer1/liblayer1.a(prim_tch.o)
 .text.__fswab32
                0x0000000000828efc       0x14 layer1/liblayer1.a(prim_tch.o)
 .text.msgb_put
                0x0000000000828f10       0x58 layer1/liblayer1.a(prim_tch.o)
 .text.dsp_task_iq_swap
                0x0000000000828f68       0x24 layer1/liblayer1.a(prim_tch.o)
 .text.l1a_tx_tch_compl
                0x0000000000828f8c       0x68 layer1/liblayer1.a(prim_tch.o)
 .text.tch_get_params.clone.0
                0x0000000000828ff4       0xdc layer1/liblayer1.a(prim_tch.o)
 .text.l1s_tch_a_resp
                0x00000000008290d0      0x280 layer1/liblayer1.a(prim_tch.o)
 .text.l1s_tch_d_cmd
                0x0000000000829350       0xb8 layer1/liblayer1.a(prim_tch.o)
 .text.l1s_tch_resp
                0x0000000000829408      0x47c layer1/liblayer1.a(prim_tch.o)
 .text.l1s_tch_a_cmd
                0x0000000000829884      0x268 layer1/liblayer1.a(prim_tch.o)
 .text.l1s_tch_cmd
                0x0000000000829aec      0x34c layer1/liblayer1.a(prim_tch.o)
 .text.prim_tch_init
                0x0000000000829e38       0x18 layer1/liblayer1.a(prim_tch.o)
 .text.__fswab32
                0x0000000000829e50       0x14 layer1/liblayer1.a(prim_bts.o)
 .text.l1s_bts_resp
                0x0000000000829e64      0x320 layer1/liblayer1.a(prim_bts.o)
 .text.l1s_bts_cmd
                0x000000000082a184      0x460 layer1/liblayer1.a(prim_bts.o)
 .text.l1s_nb_resp
                0x000000000082a5e4      0x258 layer1/liblayer1.a(prim_bts_sync.o)
 .text.l1s_nb_cmd
                0x000000000082a83c      0x188 layer1/liblayer1.a(prim_bts_sync.o)
 .text.agc_inp_dbm8_by_pm
                0x000000000082a9c4       0x34 layer1/liblayer1.a(agc.o)
                0x000000000082a9c4                agc_inp_dbm8_by_pm
 .text.afc_correct
                0x000000000082a9f8       0x7c layer1/liblayer1.a(afc.o)
                0x000000000082a9f8                afc_correct
 .text.afc_ravg_output
                0x000000000082aa74       0x18 layer1/liblayer1.a(afc.o)
 .text.afc_reset
                0x000000000082aa8c       0x18 layer1/liblayer1.a(afc.o)
                0x000000000082aa8c                afc_reset
 .text.afc_input
                0x000000000082aaa4       0x2c layer1/liblayer1.a(afc.o)
                0x000000000082aaa4                afc_input
 .text.afc_load_dsp
                0x000000000082aad0       0x2c layer1/liblayer1.a(afc.o)
                0x000000000082aad0                afc_load_dsp
 .text.toa_ravg_output
                0x000000000082aafc       0x30 layer1/liblayer1.a(toa.o)
 .text.toa_input
                0x000000000082ab2c       0x48 layer1/liblayer1.a(toa.o)
                0x000000000082ab2c                toa_input
 .text.toa_reset
                0x000000000082ab74       0x1c layer1/liblayer1.a(toa.o)
                0x000000000082ab74                toa_reset
 .text.runavg_input
                0x000000000082ab90       0x30 layer1/liblayer1.a(avg.o)
                0x000000000082ab90                runavg_input
 .text.runavg_check_output
                0x000000000082abc0       0x64 layer1/liblayer1.a(avg.o)
                0x000000000082abc0                runavg_check_output
 .text.skip_atoi
                0x000000000082ac24       0x44 lib/libmini.a(vsprintf.o)
 .text.number   0x000000000082ac68      0x254 lib/libmini.a(vsprintf.o)
 .text.vsnprintf
                0x000000000082aebc      0x518 lib/libmini.a(vsprintf.o)
                0x000000000082aebc                vsnprintf
 .text.sprintf  0x000000000082b3d4       0x28 lib/libmini.a(vsprintf.o)
                0x000000000082b3d4                sprintf
 .text.puts     0x000000000082b3fc        0x4 lib/libmini.a(vsprintf.o)
                0x000000000082b3fc                puts
 .text.strnlen  0x000000000082b400       0x28 lib/libmini.a(string.o)
                0x000000000082b400                strnlen
 .text.strlen   0x000000000082b428       0x1c lib/libmini.a(string.o)
                0x000000000082b428                strlen
 .text.printf   0x000000000082b444       0x44 lib/libmini.a(printf.o)
                0x000000000082b444                printf
 .text.cons_rb_pull
                0x000000000082b488       0x6c lib/libmini.a(console.o)
 .text.__cons_rb_append
                0x000000000082b4f4       0x70 lib/libmini.a(console.o)
 .text.cons_bind_uart
                0x000000000082b564       0x18 lib/libmini.a(console.o)
                0x000000000082b564                cons_bind_uart
 .text.cons_get_uart
                0x000000000082b57c       0x18 lib/libmini.a(console.o)
                0x000000000082b57c                cons_get_uart
 .text.cons_init
                0x000000000082b594       0x40 lib/libmini.a(console.o)
                0x000000000082b594                cons_init
 .text.cons_rb_flush
                0x000000000082b5d4       0x58 lib/libmini.a(console.o)
                0x000000000082b5d4                cons_rb_flush
 .text.cons_rb_append
                0x000000000082b62c       0xe0 lib/libmini.a(console.o)
                0x000000000082b62c                cons_rb_append
 .text.cons_puts
                0x000000000082b70c       0x74 lib/libmini.a(console.o)
                0x000000000082b70c                cons_puts
 .text.do_global_ctors
                0x000000000082b780       0x2c lib/libmini.a(ctors.o)
                0x000000000082b780                do_global_ctors
 .text.delay_us
                0x000000000082b7ac       0x38 lib/libmini.a(delay.o)
                0x000000000082b7ac                delay_us
 .text.delay_ms
                0x000000000082b7e4       0x40 lib/libmini.a(delay.o)
                0x000000000082b7e4                delay_ms
 .text          0x000000000082b824      0x130 lib/libmini.a(div64.o)
                0x000000000082b824                __do_div64
 .text          0x000000000082b954      0x3d4 lib/libmini.a(lib1funcs.o)
                0x000000000082b954                __udivsi3
                0x000000000082b954                __aeabi_uidiv
                0x000000000082ba3c                __umodsi3
                0x000000000082baf8                __aeabi_idiv
                0x000000000082baf8                __divsi3
                0x000000000082bc10                __modsi3
                0x000000000082bce4                __aeabi_uidivmod
                0x000000000082bcfc                __aeabi_idivmod
                0x000000000082bd24                __div0
 .text          0x000000000082bd28      0x29c lib/libmini.a(memcpy.o)
                0x000000000082bd28                memcpy
 *fill*         0x000000000082bfc4       0x1c 00
 .text          0x000000000082bfe0       0xc0 lib/libmini.a(memset.o)
                0x000000000082c000                memset
 .text.sercomm_sendmsg
                0x000000000082c0a0       0x8c comm/libcomm.a(sercomm.o)
                0x000000000082c0a0                sercomm_sendmsg
 .text.sercomm_alloc_msgb.clone.2
                0x000000000082c12c       0x38 comm/libcomm.a(sercomm.o)
 .text.sercomm_bind_uart
                0x000000000082c164       0x10 comm/libcomm.a(sercomm.o)
                0x000000000082c164                sercomm_bind_uart
 .text.sercomm_get_uart
                0x000000000082c174       0x10 comm/libcomm.a(sercomm.o)
                0x000000000082c174                sercomm_get_uart
 .text.sercomm_initialized
                0x000000000082c184       0x10 comm/libcomm.a(sercomm.o)
                0x000000000082c184                sercomm_initialized
 .text.sercomm_tx_queue_depth
                0x000000000082c194       0x34 comm/libcomm.a(sercomm.o)
                0x000000000082c194                sercomm_tx_queue_depth
 .text.sercomm_drv_pull
                0x000000000082c1c8      0x118 comm/libcomm.a(sercomm.o)
                0x000000000082c1c8                sercomm_drv_pull
 .text.sercomm_register_rx_cb
                0x000000000082c2e0       0x34 comm/libcomm.a(sercomm.o)
                0x000000000082c2e0                sercomm_register_rx_cb
 .text.sercomm_init
                0x000000000082c314       0x50 comm/libcomm.a(sercomm.o)
                0x000000000082c314                sercomm_init
 .text.sercomm_drv_rx_char
                0x000000000082c364      0x1a8 comm/libcomm.a(sercomm.o)
                0x000000000082c364                sercomm_drv_rx_char
 .text.raw_puts
                0x000000000082c50c       0x38 comm/libcomm.a(sercomm_cons.o)
 .text.sercomm_puts
                0x000000000082c544      0x178 comm/libcomm.a(sercomm_cons.o)
                0x000000000082c544                sercomm_puts
 .text.sercomm_putchar
                0x000000000082c6bc       0x28 comm/libcomm.a(sercomm_cons.o)
                0x000000000082c6bc                sercomm_putchar
 .text.osmo_timer_del
                0x000000000082c6e4       0x48 comm/libcomm.a(timer.o)
                0x000000000082c6e4                osmo_timer_del
 .text.osmo_timers_update
                0x000000000082c72c       0xdc comm/libcomm.a(timer.o)
                0x000000000082c72c                osmo_timers_update
 .text.msgb_alloc
                0x000000000082c808       0x5c ../../shared/libosmocore/build-target/src/.libs/libosmocore.a(msgb.o)
                0x000000000082c808                msgb_alloc
 .text.msgb_free
                0x000000000082c864        0x4 ../../shared/libosmocore/build-target/src/.libs/libosmocore.a(msgb.o)
                0x000000000082c864                msgb_free
 .text.msgb_enqueue
                0x000000000082c868       0x18 ../../shared/libosmocore/build-target/src/.libs/libosmocore.a(msgb.o)
                0x000000000082c868                msgb_enqueue
 .text.msgb_dequeue
                0x000000000082c880       0x40 ../../shared/libosmocore/build-target/src/.libs/libosmocore.a(msgb.o)
                0x000000000082c880                msgb_dequeue
 .text.osmo_panic
                0x000000000082c8c0       0x4c ../../shared/libosmocore/build-target/src/.libs/libosmocore.a(panic.o)
                0x000000000082c8c0                osmo_panic
 .text.ms_pwr_ctl_lvl
                0x000000000082c90c       0xe0 ../../shared/libosmocore/build-target/src/gsm/.libs/libosmogsm.a(gsm_utils.o)
                0x000000000082c90c                ms_pwr_ctl_lvl
 .text.ms_pwr_dbm
                0x000000000082c9ec       0xd0 ../../shared/libosmocore/build-target/src/gsm/.libs/libosmogsm.a(gsm_utils.o)
                0x000000000082c9ec                ms_pwr_dbm
 .text.rxlev2dbm
                0x000000000082cabc       0x14 ../../shared/libosmocore/build-target/src/gsm/.libs/libosmogsm.a(gsm_utils.o)
                0x000000000082cabc                rxlev2dbm
 .text.dbm2rxlev
                0x000000000082cad0       0x18 ../../shared/libosmocore/build-target/src/gsm/.libs/libosmogsm.a(gsm_utils.o)
                0x000000000082cad0                dbm2rxlev
 .text.gsm_arfcn2band
                0x000000000082cae8       0xd8 ../../shared/libosmocore/build-target/src/gsm/.libs/libosmogsm.a(gsm_utils.o)
                0x000000000082cae8                gsm_arfcn2band
 .text.gsm_arfcn2freq10
                0x000000000082cbc0      0x168 ../../shared/libosmocore/build-target/src/gsm/.libs/libosmogsm.a(gsm_utils.o)
                0x000000000082cbc0                gsm_arfcn2freq10
 .text.gsm_fn2gsmtime
                0x000000000082cd28       0x5c ../../shared/libosmocore/build-target/src/gsm/.libs/libosmogsm.a(gsm_utils.o)
                0x000000000082cd28                gsm_fn2gsmtime
 .text.gsm_gsmtime2fn
                0x000000000082cd84       0x38 ../../shared/libosmocore/build-target/src/gsm/.libs/libosmogsm.a(gsm_utils.o)
                0x000000000082cd84                gsm_gsmtime2fn
 .text.rsl_dec_chan_nr
                0x000000000082cdbc       0xac ../../shared/libosmocore/build-target/src/gsm/.libs/libosmogsm.a(rsl.o)
                0x000000000082cdbc                rsl_dec_chan_nr
 .text.gsm48_decode_freq_list
                0x000000000082ce68     0x29b8 ../../shared/libosmocore/build-target/src/gsm/.libs/libosmogsm.a(gsm48_ie.o)
                0x000000000082ce68                gsm48_decode_freq_list
 .text.dsp_bl_wait_ready
                0x000000000082f820       0x18 calypso/libcalypso.a(dsp.o)
 .text.dsp_upload_sections_api
                0x000000000082f838       0x88 calypso/libcalypso.a(dsp.o)
 .text.dsp_pre_boot
                0x000000000082f8c0       0x84 calypso/libcalypso.a(dsp.o)
 .text.dsp_dump_version
                0x000000000082f944       0x40 calypso/libcalypso.a(dsp.o)
                0x000000000082f944                dsp_dump_version
 .text.dsp_api_memset
                0x000000000082f984       0x2c calypso/libcalypso.a(dsp.o)
                0x000000000082f984                dsp_api_memset
 .text.dsp_memcpy_to_api
                0x000000000082f9b0       0x8c calypso/libcalypso.a(dsp.o)
                0x000000000082f9b0                dsp_memcpy_to_api
 .text.dsp_memcpy_from_api
                0x000000000082fa3c       0x94 calypso/libcalypso.a(dsp.o)
                0x000000000082fa3c                dsp_memcpy_from_api
 .text.dsp_power_on
                0x000000000082fad0      0x418 calypso/libcalypso.a(dsp.o)
                0x000000000082fad0                dsp_power_on
 .text.dsp_end_scenario
                0x000000000082fee8       0x38 calypso/libcalypso.a(dsp.o)
                0x000000000082fee8                dsp_end_scenario
 .text.dsp_load_rx_task
                0x000000000082ff20       0x2c calypso/libcalypso.a(dsp.o)
                0x000000000082ff20                dsp_load_rx_task
 .text.dsp_load_tx_task
                0x000000000082ff4c       0x2c calypso/libcalypso.a(dsp.o)
                0x000000000082ff4c                dsp_load_tx_task
 .text.dsp_load_tch_param
                0x000000000082ff78       0xd0 calypso/libcalypso.a(dsp.o)
                0x000000000082ff78                dsp_load_tch_param
 .text.dsp_load_ciph_param
                0x0000000000830048       0x80 calypso/libcalypso.a(dsp.o)
                0x0000000000830048                dsp_load_ciph_param
 .text.sim_apdu
                0x00000000008300c8       0x48 calypso/libcalypso.a(sim.o)
                0x00000000008300c8                sim_apdu
 .text.hwtimer_enable
                0x0000000000830110       0x68 calypso/libcalypso.a(timer.o)
                0x0000000000830110                hwtimer_enable
 .text.hwtimer_config
                0x0000000000830178       0x34 calypso/libcalypso.a(timer.o)
                0x0000000000830178                hwtimer_config
 .text.hwtimer_load
                0x00000000008301ac       0x28 calypso/libcalypso.a(timer.o)
                0x00000000008301ac                hwtimer_load
 .text.hwtimer_read
                0x00000000008301d4       0x54 calypso/libcalypso.a(timer.o)
                0x00000000008301d4                hwtimer_read
 .text._talloc_zero
                0x0000000000830228       0xa0 comm/libcomm.a(msgb.o)
                0x0000000000830228                _talloc_zero
 .text.talloc_free
                0x00000000008302c8        0xc comm/libcomm.a(msgb.o)
                0x00000000008302c8                talloc_free
 *(.ramtext*)
 *(.glue_7t)
 .glue_7t       0x0000000000000000        0x0 linker stubs
 *(.glue_7)
 .glue_7        0x0000000000000000        0x0 linker stubs
 *(.vfp11_veneer)
 .vfp11_veneer  0x0000000000000000        0x0 linker stubs
 *(.v4_bx)
 .v4_bx         0x0000000000000000        0x0 linker stubs
                0x00000000008302d4                . = ALIGN (0x4)
                0x0000000000820088                PROVIDE (_text_start, LOADADDR (.text))
                0x00000000008302d4                PROVIDE (_text_end, (LOADADDR (.text) + SIZEOF (.text)))

.ctors          0x00000000008302d4       0x18
                0x00000000008302d4        0x4 LONG 0x4 ((SIZEOF (.ctors) / 0x4) - 0x2)
 *(SORT(.ctors))
 .ctors         0x00000000008302d8        0x4 layer1/liblayer1.a(prim_rach.o)
 .ctors         0x00000000008302dc        0x4 layer1/liblayer1.a(prim_tx_nb.o)
 .ctors         0x00000000008302e0        0x4 layer1/liblayer1.a(prim_fbsb.o)
 .ctors         0x00000000008302e4        0x4 layer1/liblayer1.a(prim_tch.o)
                0x00000000008302e8        0x4 LONG 0x0
                0x00000000008302d4                PROVIDE (_ctor_start, LOADADDR (.ctors))
                0x00000000008302ec                PROVIDE (_ctor_end, (LOADADDR (.ctors) + SIZEOF (.ctors)))

.dtors          0x00000000008302ec        0x8
                0x00000000008302ec        0x4 LONG 0x0 ((SIZEOF (.dtors) / 0x4) - 0x2)
 *(SORT(.dtors))
                0x00000000008302f0        0x4 LONG 0x0
                0x00000000008302ec                PROVIDE (_dtor_start, LOADADDR (.dtors))
                0x00000000008302f4                PROVIDE (_dtor_end, (LOADADDR (.dtors) + SIZEOF (.dtors)))
                0x00000000008302f4                . = ALIGN (0x4)

.rodata         0x00000000008302f4     0x338f
 *(.rodata*)
 .rodata.str1.1
                0x00000000008302f4      0x2c2 apps/rssi/main.o
                                        0x2dd (size before relaxing)
 *fill*         0x00000000008305b6        0x2 00
 .rodata        0x00000000008305b8       0x20 abb/twl3025.o
                0x00000000008305b8                twl3025_default_ramp
 .rodata.str1.1
                0x00000000008305d8       0x58 abb/twl3025.o
 .rodata.str1.1
                0x0000000000830630       0x19 rf/trf6151.o
 .rodata        0x0000000000830649        0x1 board/compal/rffe_dualband.o
                0x0000000000830649                system_inherent_gain
 *fill*         0x000000000083064a        0x2 00
 .rodata        0x000000000083064c       0x44 board/compal/rf_power.o
                0x000000000083064c                dbm2apc_gsm900
                0x000000000083068c                dbm2apc_gsm900_max
 .rodata.str1.1
                0x0000000000830690       0x1b board/compal_e88/init.o
 *fill*         0x00000000008306ab        0x1 00
 .rodata        0x00000000008306ac      0x4bc fb/helvR08.o
                0x00000000008306ac                font_helvR08
 .rodata        0x0000000000830b68      0x70c fb/helvB14.o
                0x0000000000830b68                font_helvB14
 .rodata        0x0000000000831274      0x5b0 fb/c64.o
                0x0000000000831274                font_c64
 .rodata        0x0000000000831824       0x9c fb/symbols.o
                0x0000000000831824                font_symbols
 .rodata        0x00000000008318c0        0xc fb/fb_st7558.o
 .rodata.str1.1
                0x00000000008318cc       0x40 calypso/libcalypso.a(clock.o)
 .rodata        0x000000000083190c       0x18 calypso/libcalypso.a(irq.o)
 .rodata.str1.1
                0x0000000000831924       0x72 calypso/libcalypso.a(tpu.o)
 .rodata.str1.1
                0x0000000000831996       0xf9 calypso/libcalypso.a(misc.o)
                                         0xfc (size before relaxing)
 *fill*         0x0000000000831a8f        0x1 00
 .rodata        0x0000000000831a90       0x18 calypso/libcalypso.a(uart.o)
 .rodata.str1.1
                0x0000000000831aa8       0x61 calypso/libcalypso.a(uart.o)
 .rodata.str1.1
                0x0000000000831b09       0x88 layer1/liblayer1.a(sync.o)
 .rodata.str1.1
                0x0000000000831b91       0x5e layer1/liblayer1.a(tdma_sched.o)
 *fill*         0x0000000000831bef        0x1 00
 .rodata        0x0000000000831bf0        0xc layer1/liblayer1.a(tpu_window.o)
 .rodata        0x0000000000831bfc        0xc layer1/liblayer1.a(l23_api.o)
 .rodata.str1.1
                0x0000000000831c08      0x3d5 layer1/liblayer1.a(l23_api.o)
                                        0x410 (size before relaxing)
 *fill*         0x0000000000831fdd        0x3 00
 .rodata        0x0000000000831fe0      0x7d0 layer1/liblayer1.a(mframe_sched.o)
 .rodata        0x00000000008327b0       0x74 layer1/liblayer1.a(rfch.o)
 .rodata        0x0000000000832824       0x90 layer1/liblayer1.a(prim_pm.o)
                0x000000000083286c                neigh_pm_sched_set
 .rodata.str1.1
                0x00000000008328b4       0x39 layer1/liblayer1.a(prim_pm.o)
                                         0x6c (size before relaxing)
 *fill*         0x00000000008328ed        0x3 00
 .rodata        0x00000000008328f0       0x98 layer1/liblayer1.a(prim_rach.o)
                0x0000000000832940                rach_sched_set_ul
 .rodata        0x0000000000832988       0xb4 layer1/liblayer1.a(prim_tx_nb.o)
                0x0000000000832988                nb_sched_set_ul
 .rodata        0x0000000000832a3c       0xb4 layer1/liblayer1.a(prim_rx_nb.o)
                0x0000000000832a3c                nb_sched_set
 .rodata.str1.1
                0x0000000000832af0       0x5a layer1/liblayer1.a(prim_rx_nb.o)
                                         0x8d (size before relaxing)
 *fill*         0x0000000000832b4a        0x2 00
 .rodata        0x0000000000832b4c      0x1c8 layer1/liblayer1.a(prim_fbsb.o)
 .rodata.str1.1
                0x0000000000832d14      0x17e layer1/liblayer1.a(prim_fbsb.o)
                                        0x1bc (size before relaxing)
 *fill*         0x0000000000832e92        0x2 00
 .rodata        0x0000000000832e94       0x18 layer1/liblayer1.a(prim_freq.o)
                0x0000000000832e94                freq_sched_set
 .rodata.str1.1
                0x0000000000832eac       0x65 layer1/liblayer1.a(prim_freq.o)
 *fill*         0x0000000000832f11        0x3 00
 .rodata        0x0000000000832f14       0x18 layer1/liblayer1.a(prim_utils.o)
 .rodata        0x0000000000832f2c       0xd8 layer1/liblayer1.a(prim_tch.o)
                0x0000000000832f2c                tch_sched_set
                0x0000000000832f74                tch_d_sched_set
                0x0000000000832fbc                tch_a_sched_set
 .rodata.str1.1
                0x0000000000833004       0x6e layer1/liblayer1.a(prim_tch.o)
                                         0xa1 (size before relaxing)
 *fill*         0x0000000000833072        0x2 00
 .rodata        0x0000000000833074      0x134 layer1/liblayer1.a(prim_bts.o)
                0x0000000000833160                bts_sched_set
 .rodata.str1.1
                0x0000000000000000       0x33 layer1/liblayer1.a(prim_bts.o)
 .rodata        0x00000000008331a8       0x48 layer1/liblayer1.a(prim_bts_sync.o)
                0x00000000008331a8                bts_sync_sched_set
 .rodata.str1.1
                0x00000000008331f0       0x3c layer1/liblayer1.a(prim_bts_sync.o)
                                         0xb8 (size before relaxing)
 .rodata.str1.1
                0x000000000083322c       0x2f layer1/liblayer1.a(toa.o)
 *fill*         0x000000000083325b        0x1 00
 .rodata        0x000000000083325c       0x50 lib/libmini.a(vsprintf.o)
 .rodata.str1.1
                0x00000000008332ac       0x3e comm/libcomm.a(sercomm.o)
                                         0x71 (size before relaxing)
 .rodata.str1.1
                0x0000000000000000       0x3e comm/libcomm.a(sercomm_cons.o)
 *fill*         0x00000000008332ea        0x2 00
 .rodata        0x00000000008332ec       0xb0 calypso/libcalypso.a(dsp.o)
 .rodata.str1.1
                0x000000000083339c      0x1f1 calypso/libcalypso.a(dsp.o)
                                        0x1f8 (size before relaxing)
 .rodata.str1.1
                0x000000000083358d       0xbe calypso/libcalypso.a(sim.o)
                                        0x124 (size before relaxing)
 .rodata.str1.1
                0x000000000083364b       0x1f calypso/libcalypso.a(timer.o)
 .rodata.str1.1
                0x000000000083366a       0x19 comm/libcomm.a(msgb.o)
                0x00000000008302f4                PROVIDE (_rodata_start, LOADADDR (.rodata))
                0x0000000000833683                PROVIDE (_rodata_end, (LOADADDR (.rodata) + SIZEOF (.rodata)))

.rel.dyn        0x0000000000833684        0x0
 .rel.got       0x0000000000000000        0x0 ../../shared/libosmocore/build-target/src/.libs/libosmocore.a(msgb.o)
                0x0000000000833684                . = ALIGN (0x4)

.data           0x0000000000833684      0x9a0
 *(.data)
 .data          0x0000000000833684       0x74 apps/rssi/main.o
                0x0000000000833684                key_code
                0x0000000000833688                sync_msg
                0x000000000083368c                pm_scale
                0x00000000008336f0                hr
                0x00000000008336f4                pm_max
 .data          0x00000000008336f8       0x1c rf/trf6151.o
                0x0000000000833710                rf_arfcn
 .data          0x0000000000833714       0x10 fb/font.o
                0x0000000000833714                fb_fonts
 .data          0x0000000000833724       0x48 fb/fb_st7558.o
                0x0000000000833724                fb_bw8
                0x0000000000833728                framebuffer
 .data          0x000000000083376c        0x4 calypso/libcalypso.a(tpu.o)
 .data          0x0000000000833770        0x8 layer1/liblayer1.a(l23_api.o)
 .data          0x0000000000833778       0x10 layer1/liblayer1.a(sched_gsmtime.o)
 .data          0x0000000000833788       0x18 layer1/liblayer1.a(prim_utils.o)
 .data          0x00000000008337a0        0xc layer1/liblayer1.a(prim_bts.o)
                0x00000000008337a0                dsp_ext_api
 .data          0x00000000008337ac       0x18 layer1/liblayer1.a(afc.o)
 .data          0x00000000008337c4       0x14 layer1/liblayer1.a(toa.o)
 .data          0x00000000008337d8      0x100 lib/libmini.a(ctype.o)
                0x00000000008337d8                _ctype
 .data          0x00000000008338d8        0x8 comm/libcomm.a(timer.o)
 .data          0x00000000008338e0      0x744 calypso/libcalypso.a(dsp.o)
                0x00000000008338e0                dsp_api
                0x0000000000833684                PROVIDE (_data_start, LOADADDR (.data))
                0x0000000000834024                PROVIDE (_data_end, (LOADADDR (.data) + SIZEOF (.data)))
                0x0000000000834024                . = ALIGN (0x4)

.got            0x0000000000834024       0x10
 *(.got)
 .got           0x0000000000834024        0x4 ../../shared/libosmocore/build-target/src/.libs/libosmocore.a(msgb.o)
 *(.got.plt)
 .got.plt       0x0000000000834028        0xc ../../shared/libosmocore/build-target/src/.libs/libosmocore.a(msgb.o)
                0x0000000000834028                _GLOBAL_OFFSET_TABLE_
 *(.igot.plt)
 *(.got)
 *(.igot)
                0x0000000000834024                PROVIDE (_got_start, LOADADDR (.got))
                0x0000000000834034                PROVIDE (_got_end, (LOADADDR (.got) + SIZEOF (.got)))

.bss            0x0000000000834034     0x6970
                0x0000000000834034                . = ALIGN (0x4)
                0x0000000000834034                __bss_start = .
 *(.bss)
 .bss           0x0000000000834034       0x34 apps/rssi/main.o
                0x0000000000834034                rach
                0x0000000000834038                key_pressed
                0x000000000083403c                mode
                0x0000000000834040                uplink
                0x0000000000834044                max
                0x0000000000834048                pcs
                0x0000000000834050                tone
                0x0000000000834054                pm_count
                0x0000000000834058                pm_mode
                0x000000000083405c                sync_result
                0x0000000000834060                si_new
                0x0000000000834064                tone_on
 .bss           0x0000000000834068        0x4 abb/twl3025.o
 .bss           0x000000000083406c        0x4 rf/trf6151.o
 .bss           0x0000000000834070      0x360 fb/fb_st7558.o
 .bss           0x00000000008343d0       0x80 calypso/libcalypso.a(irq.o)
 .bss           0x0000000000834450        0x2 calypso/libcalypso.a(tsp.o)
 *fill*         0x0000000000834452        0x2 00
 .bss           0x0000000000834454       0x28 calypso/libcalypso.a(keypad.o)
                0x0000000000834460                lastbuttons
                0x0000000000834464                power_hold
 .bss           0x000000000083447c        0x1 calypso/libcalypso.a(uart.o)
 *fill*         0x000000000083447d        0x3 00
 .bss           0x0000000000834480        0x8 layer1/liblayer1.a(sync.o)
 .bss           0x0000000000834488        0x4 layer1/liblayer1.a(l23_api.o)
                0x0000000000834488                l1a_l23_tx_cb
 .bss           0x000000000083448c      0x140 layer1/liblayer1.a(sched_gsmtime.o)
 .bss           0x00000000008345cc        0x4 layer1/liblayer1.a(prim_tx_nb.o)
 .bss           0x00000000008345d0       0x2c layer1/liblayer1.a(prim_rx_nb.o)
 .bss           0x00000000008345fc       0x34 layer1/liblayer1.a(prim_fbsb.o)
 .bss           0x0000000000834630       0x78 layer1/liblayer1.a(prim_tch.o)
 .bss           0x00000000008346a8      0x74c layer1/liblayer1.a(prim_bts.o)
 .bss           0x0000000000834df4       0x2c layer1/liblayer1.a(prim_bts_sync.o)
 .bss           0x0000000000834e20      0x400 lib/libmini.a(printf.o)
 .bss           0x0000000000835220     0x1010 lib/libmini.a(console.o)
 .bss           0x0000000000836230      0x62c comm/libcomm.a(sercomm.o)
 .bss           0x000000000083685c        0x4 comm/libcomm.a(sercomm_cons.o)
 .bss           0x0000000000836860        0x4 ../../shared/libosmocore/build-target/src/.libs/libosmocore.a(panic.o)
 .bss           0x0000000000836864      0x138 calypso/libcalypso.a(sim.o)
 .bss           0x000000000083699c     0x2980 comm/libcomm.a(msgb.o)
 COMMON         0x000000000083931c      0x91c apps/rssi/main.o
                0x000000000083931c                si_2
                0x0000000000839334                band
                0x0000000000839338                assign
                0x000000000083933c                cell_id
                0x0000000000839340                si_2ter
                0x0000000000839358                pm_meas
                0x0000000000839380                power
                0x0000000000839384                tone_time
                0x0000000000839388                mcc
                0x000000000083938c                freq
                0x000000000083978c                nb_num
                0x0000000000839790                input
                0x0000000000839798                rach_when
                0x000000000083979c                si_4
                0x00000000008397b4                ccch_conf
                0x00000000008397b8                key_pressed_when
                0x00000000008397bc                si_3
                0x00000000008397d4                pm_spectrum
                0x0000000000839bd4                lac
                0x0000000000839bd8                cursor
                0x0000000000839bdc                si_2bis
                0x0000000000839bf4                key_pressed_code
                0x0000000000839bf8                ul_max
                0x0000000000839c00                si_1
                0x0000000000839c18                rach_ref
                0x0000000000839c1c                last_mode
                0x0000000000839c20                ta
                0x0000000000839c24                ul_levels
                0x0000000000839c2c                bsic
                0x0000000000839c2e                mnc
                0x0000000000839c30                key_pressed_delay
                0x0000000000839c34                rach_ra
                0x0000000000839c35                max_power
                0x0000000000839c36                ul_new
 COMMON         0x0000000000839c38       0x24 battery/compal_e88.o
                0x0000000000839c38                battery_info
                0x0000000000839c4c                bat_compal_e88_madc
 COMMON         0x0000000000839c5c      0xd38 layer1/liblayer1.a(sync.o)
                0x0000000000839c5c                l1s
 COMMON         0x000000000083a994        0x8 layer1/liblayer1.a(prim_rach.o)
                0x000000000083a994                last_rach
 COMMON         0x000000000083a99c        0x4 comm/libcomm.a(timer.o)
                0x000000000083a99c                jiffies
 COMMON         0x000000000083a9a0        0x4 ../../shared/libosmocore/build-target/src/.libs/libosmocore.a(msgb.o)
                0x000000000083a9a0                tall_msgb_ctx
                0x000000000083a9a4                . = ALIGN (0x4)
                0x000000000083a9a4                __bss_end = .
                0x0000000000834034                PROVIDE (_bss_start, __bss_start)
                0x000000000083a9a4                PROVIDE (_bss_end, __bss_end)
                0x000000000083a9a4                . = ALIGN (0x4)
                0x000000000083a9a4                _end = .
                0x000000000083a9a4                PROVIDE (end, .)
START GROUP
LOAD apps/rssi/main.o
LOAD abb/twl3025.o
LOAD rf/trf6151.o
LOAD flash/cfi_flash.o
LOAD board/common/calypso_uart.o
LOAD board/common/calypso_pwl.o
LOAD board/compal/rffe_dualband.o
LOAD board/compal/rf_power.o
LOAD board/compal_e88/init.o
LOAD battery/compal_e88.o
LOAD fb/framebuffer.o
LOAD fb/font.o
LOAD fb/helvR08.o
LOAD fb/helvB14.o
LOAD fb/c64.o
LOAD fb/symbols.o
LOAD fb/fb_bw8.o
LOAD fb/fb_st7558.o
LOAD board/compal/start.ram.o
LOAD board/compal/exceptions_redirected.o
LOAD board/compal/handlers.o
LOAD board/compal_e88/rssi.highram.manifest.o
LOAD calypso/libcalypso.a
LOAD layer1/liblayer1.a
LOAD lib/libmini.a
LOAD comm/libcomm.a
LOAD ../../shared/libosmocore/build-target/src/.libs/libosmocore.a
LOAD ../../shared/libosmocore/build-target/src/gsm/.libs/libosmogsm.a
END GROUP
OUTPUT(board/compal_e88/rssi.highram.elf elf32-littlearm)

.debug_abbrev   0x0000000000000000     0x7ce1
 .debug_abbrev  0x0000000000000000      0x58b apps/rssi/main.o
 .debug_abbrev  0x000000000000058b      0x2b1 abb/twl3025.o
 .debug_abbrev  0x000000000000083c      0x2df rf/trf6151.o
 .debug_abbrev  0x0000000000000b1b      0x324 flash/cfi_flash.o
 .debug_abbrev  0x0000000000000e3f      0x121 board/compal/rffe_dualband.o
 .debug_abbrev  0x0000000000000f60       0x72 board/compal/rf_power.o
 .debug_abbrev  0x0000000000000fd2      0x13b board/compal_e88/init.o
 .debug_abbrev  0x000000000000110d      0x252 battery/compal_e88.o
 .debug_abbrev  0x000000000000135f       0xc0 fb/framebuffer.o
 .debug_abbrev  0x000000000000141f       0xd9 fb/font.o
 .debug_abbrev  0x00000000000014f8       0xaf fb/helvR08.o
 .debug_abbrev  0x00000000000015a7       0xaf fb/helvB14.o
 .debug_abbrev  0x0000000000001656       0xaf fb/c64.o
 .debug_abbrev  0x0000000000001705       0x97 fb/symbols.o
 .debug_abbrev  0x000000000000179c      0x2dc fb/fb_bw8.o
 .debug_abbrev  0x0000000000001a78      0x152 fb/fb_st7558.o
 .debug_abbrev  0x0000000000001bca       0x40 board/compal_e88/rssi.highram.manifest.o
 .debug_abbrev  0x0000000000001c0a       0xaa calypso/libcalypso.a(buzzer.o)
 .debug_abbrev  0x0000000000001cb4      0x154 calypso/libcalypso.a(clock.o)
 .debug_abbrev  0x0000000000001e08       0xfb calypso/libcalypso.a(i2c.o)
 .debug_abbrev  0x0000000000001f03      0x198 calypso/libcalypso.a(irq.o)
 .debug_abbrev  0x000000000000209b       0xd0 calypso/libcalypso.a(spi.o)
 .debug_abbrev  0x000000000000216b      0x27c calypso/libcalypso.a(tpu.o)
 .debug_abbrev  0x00000000000023e7      0x127 calypso/libcalypso.a(tsp.o)
 .debug_abbrev  0x000000000000250e      0x164 calypso/libcalypso.a(keypad.o)
 .debug_abbrev  0x0000000000002672       0xaa calypso/libcalypso.a(misc.o)
 .debug_abbrev  0x000000000000271c      0x1f6 calypso/libcalypso.a(uart.o)
 .debug_abbrev  0x0000000000002912       0x78 calypso/libcalypso.a(arm.o)
 .debug_abbrev  0x000000000000298a      0x383 layer1/liblayer1.a(sync.o)
 .debug_abbrev  0x0000000000002d0d      0x2c6 layer1/liblayer1.a(tdma_sched.o)
 .debug_abbrev  0x0000000000002fd3      0x273 layer1/liblayer1.a(tpu_window.o)
 .debug_abbrev  0x0000000000003246       0xa2 layer1/liblayer1.a(init.o)
 .debug_abbrev  0x00000000000032e8      0x4ca layer1/liblayer1.a(l23_api.o)
 .debug_abbrev  0x00000000000037b2      0x271 layer1/liblayer1.a(mframe_sched.o)
 .debug_abbrev  0x0000000000003a23      0x1c5 layer1/liblayer1.a(sched_gsmtime.o)
 .debug_abbrev  0x0000000000003be8      0x240 layer1/liblayer1.a(async.o)
 .debug_abbrev  0x0000000000003e28      0x206 layer1/liblayer1.a(rfch.o)
 .debug_abbrev  0x000000000000402e       0xd6 layer1/liblayer1.a(apc.o)
 .debug_abbrev  0x0000000000004104       0x9d layer1/liblayer1.a(trx_dummy.o)
 .debug_abbrev  0x00000000000041a1      0x332 layer1/liblayer1.a(prim_pm.o)
 .debug_abbrev  0x00000000000044d3      0x2c5 layer1/liblayer1.a(prim_rach.o)
 .debug_abbrev  0x0000000000004798      0x2dc layer1/liblayer1.a(prim_tx_nb.o)
 .debug_abbrev  0x0000000000004a74      0x2cb layer1/liblayer1.a(prim_rx_nb.o)
 .debug_abbrev  0x0000000000004d3f      0x3f2 layer1/liblayer1.a(prim_fbsb.o)
 .debug_abbrev  0x0000000000005131      0x1dc layer1/liblayer1.a(prim_freq.o)
 .debug_abbrev  0x000000000000530d      0x195 layer1/liblayer1.a(prim_utils.o)
 .debug_abbrev  0x00000000000054a2      0x42b layer1/liblayer1.a(prim_tch.o)
 .debug_abbrev  0x00000000000058cd      0x3af layer1/liblayer1.a(prim_bts.o)
 .debug_abbrev  0x0000000000005c7c      0x319 layer1/liblayer1.a(prim_bts_sync.o)
 .debug_abbrev  0x0000000000005f95       0xbf layer1/liblayer1.a(agc.o)
 .debug_abbrev  0x0000000000006054      0x1b3 layer1/liblayer1.a(afc.o)
 .debug_abbrev  0x0000000000006207      0x1b8 layer1/liblayer1.a(toa.o)
 .debug_abbrev  0x00000000000063bf       0xea layer1/liblayer1.a(avg.o)
 .debug_abbrev  0x00000000000064a9      0x213 lib/libmini.a(vsprintf.o)
 .debug_abbrev  0x00000000000066bc       0xae lib/libmini.a(string.o)
 .debug_abbrev  0x000000000000676a       0x53 lib/libmini.a(ctype.o)
 .debug_abbrev  0x00000000000067bd       0xaf lib/libmini.a(printf.o)
 .debug_abbrev  0x000000000000686c      0x20b lib/libmini.a(console.o)
 .debug_abbrev  0x0000000000006a77       0x7a lib/libmini.a(ctors.o)
 .debug_abbrev  0x0000000000006af1       0x81 lib/libmini.a(delay.o)
 .debug_abbrev  0x0000000000006b72      0x350 comm/libcomm.a(sercomm.o)
 .debug_abbrev  0x0000000000006ec2      0x24e comm/libcomm.a(sercomm_cons.o)
 .debug_abbrev  0x0000000000007110      0x237 comm/libcomm.a(timer.o)
 .debug_abbrev  0x0000000000007347      0x422 calypso/libcalypso.a(dsp.o)
 .debug_abbrev  0x0000000000007769      0x2e4 calypso/libcalypso.a(sim.o)
 .debug_abbrev  0x0000000000007a4d      0x10b calypso/libcalypso.a(timer.o)
 .debug_abbrev  0x0000000000007b58      0x189 comm/libcomm.a(msgb.o)

.debug_info     0x0000000000000000    0x2c943
 .debug_info    0x0000000000000000     0x356f apps/rssi/main.o
 .debug_info    0x000000000000356f      0x784 abb/twl3025.o
 .debug_info    0x0000000000003cf3      0xa18 rf/trf6151.o
 .debug_info    0x000000000000470b      0xa9e flash/cfi_flash.o
 .debug_info    0x00000000000051a9      0x2ab board/compal/rffe_dualband.o
 .debug_info    0x0000000000005454       0xce board/compal/rf_power.o
 .debug_info    0x0000000000005522      0x379 board/compal_e88/init.o
 .debug_info    0x000000000000589b      0x6ef battery/compal_e88.o
 .debug_info    0x0000000000005f8a      0x1f4 fb/framebuffer.o
 .debug_info    0x000000000000617e      0x275 fb/font.o
 .debug_info    0x00000000000063f3      0x17f fb/helvR08.o
 .debug_info    0x0000000000006572      0x17f fb/helvB14.o
 .debug_info    0x00000000000066f1      0x17f fb/c64.o
 .debug_info    0x0000000000006870      0x17c fb/symbols.o
 .debug_info    0x00000000000069ec      0xac4 fb/fb_bw8.o
 .debug_info    0x00000000000074b0      0x39f fb/fb_st7558.o
 .debug_info    0x000000000000784f       0x80 board/compal_e88/rssi.highram.manifest.o
 .debug_info    0x00000000000078cf      0x127 calypso/libcalypso.a(buzzer.o)
 .debug_info    0x00000000000079f6      0x44d calypso/libcalypso.a(clock.o)
 .debug_info    0x0000000000007e43      0x1b9 calypso/libcalypso.a(i2c.o)
 .debug_info    0x0000000000007ffc      0x480 calypso/libcalypso.a(irq.o)
 .debug_info    0x000000000000847c      0x188 calypso/libcalypso.a(spi.o)
 .debug_info    0x0000000000008604      0x57d calypso/libcalypso.a(tpu.o)
 .debug_info    0x0000000000008b81      0x35d calypso/libcalypso.a(tsp.o)
 .debug_info    0x0000000000008ede      0x461 calypso/libcalypso.a(keypad.o)
 .debug_info    0x000000000000933f      0x11c calypso/libcalypso.a(misc.o)
 .debug_info    0x000000000000945b      0x719 calypso/libcalypso.a(uart.o)
 .debug_info    0x0000000000009b74       0x91 calypso/libcalypso.a(arm.o)
 .debug_info    0x0000000000009c05     0x21f4 layer1/liblayer1.a(sync.o)
 .debug_info    0x000000000000bdf9      0xcba layer1/liblayer1.a(tdma_sched.o)
 .debug_info    0x000000000000cab3      0xcd4 layer1/liblayer1.a(tpu_window.o)
 .debug_info    0x000000000000d787      0x27b layer1/liblayer1.a(init.o)
 .debug_info    0x000000000000da02     0x2419 layer1/liblayer1.a(l23_api.o)
 .debug_info    0x000000000000fe1b      0xf19 layer1/liblayer1.a(mframe_sched.o)
 .debug_info    0x0000000000010d34      0x75d layer1/liblayer1.a(sched_gsmtime.o)
 .debug_info    0x0000000000011491      0xc9d layer1/liblayer1.a(async.o)
 .debug_info    0x000000000001212e      0x9b9 layer1/liblayer1.a(rfch.o)
 .debug_info    0x0000000000012ae7      0x1ab layer1/liblayer1.a(apc.o)
 .debug_info    0x0000000000012c92      0x135 layer1/liblayer1.a(trx_dummy.o)
 .debug_info    0x0000000000012dc7     0x2122 layer1/liblayer1.a(prim_pm.o)
 .debug_info    0x0000000000014ee9     0x1e8b layer1/liblayer1.a(prim_rach.o)
 .debug_info    0x0000000000016d74     0x1e1d layer1/liblayer1.a(prim_tx_nb.o)
 .debug_info    0x0000000000018b91     0x2104 layer1/liblayer1.a(prim_rx_nb.o)
 .debug_info    0x000000000001ac95     0x2556 layer1/liblayer1.a(prim_fbsb.o)
 .debug_info    0x000000000001d1eb      0xa1c layer1/liblayer1.a(prim_freq.o)
 .debug_info    0x000000000001dc07      0x9a8 layer1/liblayer1.a(prim_utils.o)
 .debug_info    0x000000000001e5af     0x28c9 layer1/liblayer1.a(prim_tch.o)
 .debug_info    0x0000000000020e78     0x23f5 layer1/liblayer1.a(prim_bts.o)
 .debug_info    0x000000000002326d     0x21cc layer1/liblayer1.a(prim_bts_sync.o)
 .debug_info    0x0000000000025439      0x12c layer1/liblayer1.a(agc.o)
 .debug_info    0x0000000000025565     0x147b layer1/liblayer1.a(afc.o)
 .debug_info    0x00000000000269e0      0x938 layer1/liblayer1.a(toa.o)
 .debug_info    0x0000000000027318      0x198 layer1/liblayer1.a(avg.o)
 .debug_info    0x00000000000274b0      0x9fa lib/libmini.a(vsprintf.o)
 .debug_info    0x0000000000027eaa      0x131 lib/libmini.a(string.o)
 .debug_info    0x0000000000027fdb       0x63 lib/libmini.a(ctype.o)
 .debug_info    0x000000000002803e      0x109 lib/libmini.a(printf.o)
 .debug_info    0x0000000000028147      0x3a5 lib/libmini.a(console.o)
 .debug_info    0x00000000000284ec       0xab lib/libmini.a(ctors.o)
 .debug_info    0x0000000000028597       0x9a lib/libmini.a(delay.o)
 .debug_info    0x0000000000028631      0x949 comm/libcomm.a(sercomm.o)
 .debug_info    0x0000000000028f7a      0x589 comm/libcomm.a(sercomm_cons.o)
 .debug_info    0x0000000000029503      0x5ca comm/libcomm.a(timer.o)
 .debug_info    0x0000000000029acd     0x1ced calypso/libcalypso.a(dsp.o)
 .debug_info    0x000000000002b7ba      0xb3e calypso/libcalypso.a(sim.o)
 .debug_info    0x000000000002c2f8      0x320 calypso/libcalypso.a(timer.o)
 .debug_info    0x000000000002c618      0x32b comm/libcomm.a(msgb.o)

.debug_line     0x0000000000000000     0x875b
 .debug_line    0x0000000000000000      0xd2e apps/rssi/main.o
 .debug_line    0x0000000000000d2e      0x2c4 abb/twl3025.o
 .debug_line    0x0000000000000ff2      0x370 rf/trf6151.o
 .debug_line    0x0000000000001362      0x1d8 flash/cfi_flash.o
 .debug_line    0x000000000000153a      0x19b board/compal/rffe_dualband.o
 .debug_line    0x00000000000016d5       0x8f board/compal/rf_power.o
 .debug_line    0x0000000000001764      0x13d board/compal_e88/init.o
 .debug_line    0x00000000000018a1      0x1e3 battery/compal_e88.o
 .debug_line    0x0000000000001a84       0x9a fb/framebuffer.o
 .debug_line    0x0000000000001b1e       0xb6 fb/font.o
 .debug_line    0x0000000000001bd4       0x99 fb/helvR08.o
 .debug_line    0x0000000000001c6d       0x99 fb/helvB14.o
 .debug_line    0x0000000000001d06       0x95 fb/c64.o
 .debug_line    0x0000000000001d9b       0x99 fb/symbols.o
 .debug_line    0x0000000000001e34      0x31b fb/fb_bw8.o
 .debug_line    0x000000000000214f      0x142 fb/fb_st7558.o
 .debug_line    0x0000000000002291       0x31 board/compal_e88/rssi.highram.manifest.o
 .debug_line    0x00000000000022c2       0xd8 calypso/libcalypso.a(buzzer.o)
 .debug_line    0x000000000000239a      0x19d calypso/libcalypso.a(clock.o)
 .debug_line    0x0000000000002537       0xc8 calypso/libcalypso.a(i2c.o)
 .debug_line    0x00000000000025ff      0x18b calypso/libcalypso.a(irq.o)
 .debug_line    0x000000000000278a       0xe1 calypso/libcalypso.a(spi.o)
 .debug_line    0x000000000000286b      0x275 calypso/libcalypso.a(tpu.o)
 .debug_line    0x0000000000002ae0      0x185 calypso/libcalypso.a(tsp.o)
 .debug_line    0x0000000000002c65      0x195 calypso/libcalypso.a(keypad.o)
 .debug_line    0x0000000000002dfa       0x8c calypso/libcalypso.a(misc.o)
 .debug_line    0x0000000000002e86      0x28c calypso/libcalypso.a(uart.o)
 .debug_line    0x0000000000003112       0x4f calypso/libcalypso.a(arm.o)
 .debug_line    0x0000000000003161      0x3a4 layer1/liblayer1.a(sync.o)
 .debug_line    0x0000000000003505      0x2e2 layer1/liblayer1.a(tdma_sched.o)
 .debug_line    0x00000000000037e7      0x2ea layer1/liblayer1.a(tpu_window.o)
 .debug_line    0x0000000000003ad1       0x97 layer1/liblayer1.a(init.o)
 .debug_line    0x0000000000003b68      0x628 layer1/liblayer1.a(l23_api.o)
 .debug_line    0x0000000000004190      0x225 layer1/liblayer1.a(mframe_sched.o)
 .debug_line    0x00000000000043b5      0x249 layer1/liblayer1.a(sched_gsmtime.o)
 .debug_line    0x00000000000045fe      0x283 layer1/liblayer1.a(async.o)
 .debug_line    0x0000000000004881      0x198 layer1/liblayer1.a(rfch.o)
 .debug_line    0x0000000000004a19       0xee layer1/liblayer1.a(apc.o)
 .debug_line    0x0000000000004b07       0xba layer1/liblayer1.a(trx_dummy.o)
 .debug_line    0x0000000000004bc1      0x2dd layer1/liblayer1.a(prim_pm.o)
 .debug_line    0x0000000000004e9e      0x24f layer1/liblayer1.a(prim_rach.o)
 .debug_line    0x00000000000050ed      0x26a layer1/liblayer1.a(prim_tx_nb.o)
 .debug_line    0x0000000000005357      0x2d9 layer1/liblayer1.a(prim_rx_nb.o)
 .debug_line    0x0000000000005630      0x42b layer1/liblayer1.a(prim_fbsb.o)
 .debug_line    0x0000000000005a5b      0x18c layer1/liblayer1.a(prim_freq.o)
 .debug_line    0x0000000000005be7      0x182 layer1/liblayer1.a(prim_utils.o)
 .debug_line    0x0000000000005d69      0x53a layer1/liblayer1.a(prim_tch.o)
 .debug_line    0x00000000000062a3      0x3a4 layer1/liblayer1.a(prim_bts.o)
 .debug_line    0x0000000000006647      0x2b8 layer1/liblayer1.a(prim_bts_sync.o)
 .debug_line    0x00000000000068ff       0xc5 layer1/liblayer1.a(agc.o)
 .debug_line    0x00000000000069c4      0x17c layer1/liblayer1.a(afc.o)
 .debug_line    0x0000000000006b40      0x187 layer1/liblayer1.a(toa.o)
 .debug_line    0x0000000000006cc7       0xcf layer1/liblayer1.a(avg.o)
 .debug_line    0x0000000000006d96      0x573 lib/libmini.a(vsprintf.o)
 .debug_line    0x0000000000007309       0xb2 lib/libmini.a(string.o)
 .debug_line    0x00000000000073bb       0x3f lib/libmini.a(ctype.o)
 .debug_line    0x00000000000073fa       0x80 lib/libmini.a(printf.o)
 .debug_line    0x000000000000747a      0x149 lib/libmini.a(console.o)
 .debug_line    0x00000000000075c3       0x47 lib/libmini.a(ctors.o)
 .debug_line    0x000000000000760a       0x66 lib/libmini.a(delay.o)
 .debug_line    0x0000000000007670      0x2be comm/libcomm.a(sercomm.o)
 .debug_line    0x000000000000792e      0x199 comm/libcomm.a(sercomm_cons.o)
 .debug_line    0x0000000000007ac7      0x1ad comm/libcomm.a(timer.o)
 .debug_line    0x0000000000007c74      0x527 calypso/libcalypso.a(dsp.o)
 .debug_line    0x000000000000819b      0x369 calypso/libcalypso.a(sim.o)
 .debug_line    0x0000000000008504      0x156 calypso/libcalypso.a(timer.o)
 .debug_line    0x000000000000865a      0x101 comm/libcomm.a(msgb.o)

.debug_loc      0x0000000000000000     0xc321
 .debug_loc     0x0000000000000000     0x1328 apps/rssi/main.o
 .debug_loc     0x0000000000001328      0x413 abb/twl3025.o
 .debug_loc     0x000000000000173b      0x784 rf/trf6151.o
 .debug_loc     0x0000000000001ebf      0x60c flash/cfi_flash.o
 .debug_loc     0x00000000000024cb      0x153 board/compal/rffe_dualband.o
 .debug_loc     0x000000000000261e       0x99 board/compal_e88/init.o
 .debug_loc     0x00000000000026b7      0x133 battery/compal_e88.o
 .debug_loc     0x00000000000027ea       0x4f fb/font.o
 .debug_loc     0x0000000000002839      0x93d fb/fb_bw8.o
 .debug_loc     0x0000000000003176       0xcb fb/fb_st7558.o
 .debug_loc     0x0000000000003241       0x6d calypso/libcalypso.a(buzzer.o)
 .debug_loc     0x00000000000032ae      0x297 calypso/libcalypso.a(clock.o)
 .debug_loc     0x0000000000003545       0xee calypso/libcalypso.a(i2c.o)
 .debug_loc     0x0000000000003633      0x215 calypso/libcalypso.a(irq.o)
 .debug_loc     0x0000000000003848      0x155 calypso/libcalypso.a(spi.o)
 .debug_loc     0x000000000000399d      0x31e calypso/libcalypso.a(tpu.o)
 .debug_loc     0x0000000000003cbb      0x153 calypso/libcalypso.a(tsp.o)
 .debug_loc     0x0000000000003e0e      0x174 calypso/libcalypso.a(keypad.o)
 .debug_loc     0x0000000000003f82       0xfa calypso/libcalypso.a(misc.o)
 .debug_loc     0x000000000000407c      0x4b2 calypso/libcalypso.a(uart.o)
 .debug_loc     0x000000000000452e      0x39a layer1/liblayer1.a(sync.o)
 .debug_loc     0x00000000000048c8      0x4e0 layer1/liblayer1.a(tdma_sched.o)
 .debug_loc     0x0000000000004da8      0x3ea layer1/liblayer1.a(tpu_window.o)
 .debug_loc     0x0000000000005192       0x3e layer1/liblayer1.a(init.o)
 .debug_loc     0x00000000000051d0      0xcdc layer1/liblayer1.a(l23_api.o)
 .debug_loc     0x0000000000005eac      0x1d9 layer1/liblayer1.a(mframe_sched.o)
 .debug_loc     0x0000000000006085      0x6d7 layer1/liblayer1.a(sched_gsmtime.o)
 .debug_loc     0x000000000000675c      0x1cc layer1/liblayer1.a(async.o)
 .debug_loc     0x0000000000006928      0x195 layer1/liblayer1.a(rfch.o)
 .debug_loc     0x0000000000006abd       0xa0 layer1/liblayer1.a(apc.o)
 .debug_loc     0x0000000000006b5d       0x26 layer1/liblayer1.a(trx_dummy.o)
 .debug_loc     0x0000000000006b83      0x347 layer1/liblayer1.a(prim_pm.o)
 .debug_loc     0x0000000000006eca      0x19c layer1/liblayer1.a(prim_rach.o)
 .debug_loc     0x0000000000007066      0x22c layer1/liblayer1.a(prim_tx_nb.o)
 .debug_loc     0x0000000000007292      0x35d layer1/liblayer1.a(prim_rx_nb.o)
 .debug_loc     0x00000000000075ef      0x586 layer1/liblayer1.a(prim_fbsb.o)
 .debug_loc     0x0000000000007b75       0xdb layer1/liblayer1.a(prim_freq.o)
 .debug_loc     0x0000000000007c50       0x13 layer1/liblayer1.a(prim_utils.o)
 .debug_loc     0x0000000000007c63      0xb7c layer1/liblayer1.a(prim_tch.o)
 .debug_loc     0x00000000000087df      0x5c3 layer1/liblayer1.a(prim_bts.o)
 .debug_loc     0x0000000000008da2      0x311 layer1/liblayer1.a(prim_bts_sync.o)
 .debug_loc     0x00000000000090b3       0x82 layer1/liblayer1.a(agc.o)
 .debug_loc     0x0000000000009135       0xf2 layer1/liblayer1.a(afc.o)
 .debug_loc     0x0000000000009227       0xce layer1/liblayer1.a(toa.o)
 .debug_loc     0x00000000000092f5       0x6e layer1/liblayer1.a(avg.o)
 .debug_loc     0x0000000000009363     0x1604 lib/libmini.a(vsprintf.o)
 .debug_loc     0x000000000000a967       0x8b lib/libmini.a(string.o)
 .debug_loc     0x000000000000a9f2       0x4a lib/libmini.a(printf.o)
 .debug_loc     0x000000000000aa3c      0x23b lib/libmini.a(console.o)
 .debug_loc     0x000000000000ac77       0x7b lib/libmini.a(ctors.o)
 .debug_loc     0x000000000000acf2       0xa9 lib/libmini.a(delay.o)
 .debug_loc     0x000000000000ad9b      0x2fc comm/libcomm.a(sercomm.o)
 .debug_loc     0x000000000000b097      0x2ea comm/libcomm.a(sercomm_cons.o)
 .debug_loc     0x000000000000b381      0x291 comm/libcomm.a(timer.o)
 .debug_loc     0x000000000000b612      0x724 calypso/libcalypso.a(dsp.o)
 .debug_loc     0x000000000000bd36      0x420 calypso/libcalypso.a(sim.o)
 .debug_loc     0x000000000000c156      0x154 calypso/libcalypso.a(timer.o)
 .debug_loc     0x000000000000c2aa       0x77 comm/libcomm.a(msgb.o)

.debug_pubnames
                0x0000000000000000     0x1df3
 .debug_pubnames
                0x0000000000000000      0x285 apps/rssi/main.o
 .debug_pubnames
                0x0000000000000285      0x13c abb/twl3025.o
 .debug_pubnames
                0x00000000000003c1      0x164 rf/trf6151.o
 .debug_pubnames
                0x0000000000000525       0xa6 flash/cfi_flash.o
 .debug_pubnames
                0x00000000000005cb       0xd6 board/compal/rffe_dualband.o
 .debug_pubnames
                0x00000000000006a1       0x3c board/compal/rf_power.o
 .debug_pubnames
                0x00000000000006dd       0x21 board/compal_e88/init.o
 .debug_pubnames
                0x00000000000006fe       0x57 battery/compal_e88.o
 .debug_pubnames
                0x0000000000000755       0x34 fb/font.o
 .debug_pubnames
                0x0000000000000789       0x23 fb/helvR08.o
 .debug_pubnames
                0x00000000000007ac       0x23 fb/helvB14.o
 .debug_pubnames
                0x00000000000007cf       0x1f fb/c64.o
 .debug_pubnames
                0x00000000000007ee       0x23 fb/symbols.o
 .debug_pubnames
                0x0000000000000811       0x6b fb/fb_bw8.o
 .debug_pubnames
                0x000000000000087c       0x2d fb/fb_st7558.o
 .debug_pubnames
                0x00000000000008a9       0x6d board/compal_e88/rssi.highram.manifest.o
 .debug_pubnames
                0x0000000000000916       0x48 calypso/libcalypso.a(buzzer.o)
 .debug_pubnames
                0x000000000000095e       0xd0 calypso/libcalypso.a(clock.o)
 .debug_pubnames
                0x0000000000000a2e       0x2d calypso/libcalypso.a(i2c.o)
 .debug_pubnames
                0x0000000000000a5b       0x95 calypso/libcalypso.a(irq.o)
 .debug_pubnames
                0x0000000000000af0       0x2c calypso/libcalypso.a(spi.o)
 .debug_pubnames
                0x0000000000000b1c      0x12d calypso/libcalypso.a(tpu.o)
 .debug_pubnames
                0x0000000000000c49       0x9a calypso/libcalypso.a(tsp.o)
 .debug_pubnames
                0x0000000000000ce3       0x8a calypso/libcalypso.a(keypad.o)
 .debug_pubnames
                0x0000000000000d6d       0x41 calypso/libcalypso.a(misc.o)
 .debug_pubnames
                0x0000000000000dae       0xa3 calypso/libcalypso.a(uart.o)
 .debug_pubnames
                0x0000000000000e51       0x47 calypso/libcalypso.a(arm.o)
 .debug_pubnames
                0x0000000000000e98       0xeb layer1/liblayer1.a(sync.o)
 .debug_pubnames
                0x0000000000000f83       0xbb layer1/liblayer1.a(tdma_sched.o)
 .debug_pubnames
                0x000000000000103e       0x7a layer1/liblayer1.a(tpu_window.o)
 .debug_pubnames
                0x00000000000010b8       0x22 layer1/liblayer1.a(init.o)
 .debug_pubnames
                0x00000000000010da       0xac layer1/liblayer1.a(l23_api.o)
 .debug_pubnames
                0x0000000000001186       0x83 layer1/liblayer1.a(mframe_sched.o)
 .debug_pubnames
                0x0000000000001209       0x6d layer1/liblayer1.a(sched_gsmtime.o)
 .debug_pubnames
                0x0000000000001276       0xfa layer1/liblayer1.a(async.o)
 .debug_pubnames
                0x0000000000001370       0x26 layer1/liblayer1.a(rfch.o)
 .debug_pubnames
                0x0000000000001396       0x41 layer1/liblayer1.a(apc.o)
 .debug_pubnames
                0x00000000000013d7       0x43 layer1/liblayer1.a(trx_dummy.o)
 .debug_pubnames
                0x000000000000141a       0x39 layer1/liblayer1.a(prim_pm.o)
 .debug_pubnames
                0x0000000000001453       0x47 layer1/liblayer1.a(prim_rach.o)
 .debug_pubnames
                0x000000000000149a       0x36 layer1/liblayer1.a(prim_tx_nb.o)
 .debug_pubnames
                0x00000000000014d0       0x23 layer1/liblayer1.a(prim_rx_nb.o)
 .debug_pubnames
                0x00000000000014f3       0x33 layer1/liblayer1.a(prim_fbsb.o)
 .debug_pubnames
                0x0000000000001526       0x44 layer1/liblayer1.a(prim_freq.o)
 .debug_pubnames
                0x000000000000156a       0x55 layer1/liblayer1.a(prim_utils.o)
 .debug_pubnames
                0x00000000000015bf       0x4c layer1/liblayer1.a(prim_tch.o)
 .debug_pubnames
                0x000000000000160b       0x34 layer1/liblayer1.a(prim_bts.o)
 .debug_pubnames
                0x000000000000163f       0x29 layer1/liblayer1.a(prim_bts_sync.o)
 .debug_pubnames
                0x0000000000001668       0x3c layer1/liblayer1.a(agc.o)
 .debug_pubnames
                0x00000000000016a4       0x4f layer1/liblayer1.a(afc.o)
 .debug_pubnames
                0x00000000000016f3       0x2e layer1/liblayer1.a(toa.o)
 .debug_pubnames
                0x0000000000001721       0x3b layer1/liblayer1.a(avg.o)
 .debug_pubnames
                0x000000000000175c       0xb3 lib/libmini.a(vsprintf.o)
 .debug_pubnames
                0x000000000000180f       0x29 lib/libmini.a(string.o)
 .debug_pubnames
                0x0000000000001838       0x1d lib/libmini.a(ctype.o)
 .debug_pubnames
                0x0000000000001855       0x1d lib/libmini.a(printf.o)
 .debug_pubnames
                0x0000000000001872       0x89 lib/libmini.a(console.o)
 .debug_pubnames
                0x00000000000018fb       0x26 lib/libmini.a(ctors.o)
 .debug_pubnames
                0x0000000000001921       0x2c lib/libmini.a(delay.o)
 .debug_pubnames
                0x000000000000194d       0xdd comm/libcomm.a(sercomm.o)
 .debug_pubnames
                0x0000000000001a2a       0x37 comm/libcomm.a(sercomm_cons.o)
 .debug_pubnames
                0x0000000000001a61       0xaf comm/libcomm.a(timer.o)
 .debug_pubnames
                0x0000000000001b10      0x12b calypso/libcalypso.a(dsp.o)
 .debug_pubnames
                0x0000000000001c3b       0xe9 calypso/libcalypso.a(sim.o)
 .debug_pubnames
                0x0000000000001d24       0x8a calypso/libcalypso.a(timer.o)
 .debug_pubnames
                0x0000000000001dae       0x45 comm/libcomm.a(msgb.o)

.debug_pubtypes
                0x0000000000000000     0x36da
 .debug_pubtypes
                0x0000000000000000      0x4ba apps/rssi/main.o
 .debug_pubtypes
                0x00000000000004ba       0xa2 abb/twl3025.o
 .debug_pubtypes
                0x000000000000055c       0xa3 rf/trf6151.o
 .debug_pubtypes
                0x00000000000005ff      0x109 flash/cfi_flash.o
 .debug_pubtypes
                0x0000000000000708       0x5f board/compal/rffe_dualband.o
 .debug_pubtypes
                0x0000000000000767       0x1e board/compal/rf_power.o
 .debug_pubtypes
                0x0000000000000785       0xa9 board/compal_e88/init.o
 .debug_pubtypes
                0x000000000000082e      0x139 battery/compal_e88.o
 .debug_pubtypes
                0x0000000000000967       0x4b fb/framebuffer.o
 .debug_pubtypes
                0x00000000000009b2       0x4e fb/font.o
 .debug_pubtypes
                0x0000000000000a00       0x42 fb/helvR08.o
 .debug_pubtypes
                0x0000000000000a42       0x42 fb/helvB14.o
 .debug_pubtypes
                0x0000000000000a84       0x42 fb/c64.o
 .debug_pubtypes
                0x0000000000000ac6       0x42 fb/symbols.o
 .debug_pubtypes
                0x0000000000000b08       0x85 fb/fb_bw8.o
 .debug_pubtypes
                0x0000000000000b8d       0x72 fb/fb_st7558.o
 .debug_pubtypes
                0x0000000000000bff       0x37 calypso/libcalypso.a(buzzer.o)
 .debug_pubtypes
                0x0000000000000c36       0x97 calypso/libcalypso.a(clock.o)
 .debug_pubtypes
                0x0000000000000ccd       0x37 calypso/libcalypso.a(i2c.o)
 .debug_pubtypes
                0x0000000000000d04       0x6a calypso/libcalypso.a(irq.o)
 .debug_pubtypes
                0x0000000000000d6e       0x45 calypso/libcalypso.a(spi.o)
 .debug_pubtypes
                0x0000000000000db3       0x89 calypso/libcalypso.a(tpu.o)
 .debug_pubtypes
                0x0000000000000e3c       0x6a calypso/libcalypso.a(tsp.o)
 .debug_pubtypes
                0x0000000000000ea6       0x72 calypso/libcalypso.a(keypad.o)
 .debug_pubtypes
                0x0000000000000f18       0x12 calypso/libcalypso.a(misc.o)
 .debug_pubtypes
                0x0000000000000f2a       0x7c calypso/libcalypso.a(uart.o)
 .debug_pubtypes
                0x0000000000000fa6      0x1ea layer1/liblayer1.a(sync.o)
 .debug_pubtypes
                0x0000000000001190      0x12d layer1/liblayer1.a(tdma_sched.o)
 .debug_pubtypes
                0x00000000000012bd      0x18d layer1/liblayer1.a(tpu_window.o)
 .debug_pubtypes
                0x000000000000144a       0x40 layer1/liblayer1.a(init.o)
 .debug_pubtypes
                0x000000000000148a      0x385 layer1/liblayer1.a(l23_api.o)
 .debug_pubtypes
                0x000000000000180f      0x177 layer1/liblayer1.a(mframe_sched.o)
 .debug_pubtypes
                0x0000000000001986       0x91 layer1/liblayer1.a(sched_gsmtime.o)
 .debug_pubtypes
                0x0000000000001a17      0x15a layer1/liblayer1.a(async.o)
 .debug_pubtypes
                0x0000000000001b71      0x13a layer1/liblayer1.a(rfch.o)
 .debug_pubtypes
                0x0000000000001cab       0x42 layer1/liblayer1.a(apc.o)
 .debug_pubtypes
                0x0000000000001ced       0x2b layer1/liblayer1.a(trx_dummy.o)
 .debug_pubtypes
                0x0000000000001d18      0x1fd layer1/liblayer1.a(prim_pm.o)
 .debug_pubtypes
                0x0000000000001f15      0x1c6 layer1/liblayer1.a(prim_rach.o)
 .debug_pubtypes
                0x00000000000020db      0x1dd layer1/liblayer1.a(prim_tx_nb.o)
 .debug_pubtypes
                0x00000000000022b8      0x226 layer1/liblayer1.a(prim_rx_nb.o)
 .debug_pubtypes
                0x00000000000024de      0x22a layer1/liblayer1.a(prim_fbsb.o)
 .debug_pubtypes
                0x0000000000002708      0x143 layer1/liblayer1.a(prim_freq.o)
 .debug_pubtypes
                0x000000000000284b      0x143 layer1/liblayer1.a(prim_utils.o)
 .debug_pubtypes
                0x000000000000298e      0x264 layer1/liblayer1.a(prim_tch.o)
 .debug_pubtypes
                0x0000000000002bf2      0x23d layer1/liblayer1.a(prim_bts.o)
 .debug_pubtypes
                0x0000000000002e2f      0x231 layer1/liblayer1.a(prim_bts_sync.o)
 .debug_pubtypes
                0x0000000000003060       0x37 layer1/liblayer1.a(agc.o)
 .debug_pubtypes
                0x0000000000003097       0xd3 layer1/liblayer1.a(afc.o)
 .debug_pubtypes
                0x000000000000316a      0x158 layer1/liblayer1.a(toa.o)
 .debug_pubtypes
                0x00000000000032c2       0x3b layer1/liblayer1.a(avg.o)
 .debug_pubtypes
                0x00000000000032fd       0x3c lib/libmini.a(vsprintf.o)
 .debug_pubtypes
                0x0000000000003339       0x1d lib/libmini.a(string.o)
 .debug_pubtypes
                0x0000000000003356       0x31 lib/libmini.a(printf.o)
 .debug_pubtypes
                0x0000000000003387       0x28 lib/libmini.a(console.o)
 .debug_pubtypes
                0x00000000000033af       0x7c comm/libcomm.a(sercomm.o)
 .debug_pubtypes
                0x000000000000342b       0x54 comm/libcomm.a(sercomm_cons.o)
 .debug_pubtypes
                0x000000000000347f       0x40 comm/libcomm.a(timer.o)
 .debug_pubtypes