Archive member included because of file (symbol)

calypso/libcalypso.a(buzzer.o)
                              apps/rssi/main.o (buzzer_mode_pwt)
calypso/libcalypso.a(clock.o)
                              apps/rssi/main.o (calypso_clk_dump)
calypso/libcalypso.a(i2c.o)   fb/fb_st7558.o (i2c_write)
calypso/libcalypso.a(irq.o)   abb/twl3025.o (irq_enable)
calypso/libcalypso.a(spi.o)   abb/twl3025.o (spi_init)
calypso/libcalypso.a(tpu.o)   rf/trf6151.o (tpu_enable)
calypso/libcalypso.a(tsp.o)   abb/twl3025.o (tsp_write)
calypso/libcalypso.a(keypad.o)
                              apps/rssi/main.o (keypad_set_handler)
calypso/libcalypso.a(misc.o)  apps/rssi/main.o (dump_dev_id)
calypso/libcalypso.a(uart.o)  board/compal_e88/init.o (uart_init)
calypso/libcalypso.a(arm.o)   calypso/libcalypso.a(irq.o) (arm_enable_interrupts)
layer1/liblayer1.a(sync.o)    apps/rssi/main.o (l1s)
layer1/liblayer1.a(tdma_sched.o)
                              layer1/liblayer1.a(sync.o) (tdma_schedule)
layer1/liblayer1.a(tpu_window.o)
                              layer1/liblayer1.a(sync.o) (l1s_win_init)
layer1/liblayer1.a(init.o)    apps/rssi/main.o (layer1_init)
layer1/liblayer1.a(l23_api.o)
                              apps/rssi/main.o (l1a_l23_rx)
layer1/liblayer1.a(mframe_sched.o)
                              layer1/liblayer1.a(l23_api.o) (mframe_enable)
layer1/liblayer1.a(sched_gsmtime.o)
                              layer1/liblayer1.a(sync.o) (sched_gsmtime_execute)
layer1/liblayer1.a(async.o)   layer1/liblayer1.a(l23_api.o) (l1a_txq_msgb_enq)
layer1/liblayer1.a(rfch.o)    layer1/liblayer1.a(tpu_window.o) (rfch_get_params)
layer1/liblayer1.a(apc.o)     layer1/liblayer1.a(sync.o) (apc_tx_pwrlvl2auxapc)
layer1/liblayer1.a(trx_dummy.o)
                              layer1/liblayer1.a(l23_api.o) (trx_put_burst)
layer1/liblayer1.a(prim_pm.o)
                              layer1/liblayer1.a(l23_api.o) (l1s_pm_test)
layer1/liblayer1.a(prim_rach.o)
                              layer1/liblayer1.a(l23_api.o) (l1a_rach_req)
layer1/liblayer1.a(prim_tx_nb.o)
                              layer1/liblayer1.a(mframe_sched.o) (nb_sched_set_ul)
layer1/liblayer1.a(prim_rx_nb.o)
                              layer1/liblayer1.a(mframe_sched.o) (nb_sched_set)
layer1/liblayer1.a(prim_fbsb.o)
                              layer1/liblayer1.a(l23_api.o) (l1s_fbsb_req)
layer1/liblayer1.a(prim_freq.o)
                              layer1/liblayer1.a(l23_api.o) (l1a_freq_req)
layer1/liblayer1.a(prim_utils.o)
                              layer1/liblayer1.a(prim_tx_nb.o) (pu_get_idle_frame)
layer1/liblayer1.a(prim_tch.o)
                              layer1/liblayer1.a(mframe_sched.o) (tch_sched_set)
layer1/liblayer1.a(prim_bts.o)
                              layer1/liblayer1.a(mframe_sched.o) (bts_sched_set)
layer1/liblayer1.a(prim_bts_sync.o)
                              layer1/liblayer1.a(mframe_sched.o) (bts_sync_sched_set)
layer1/liblayer1.a(agc.o)     layer1/liblayer1.a(prim_pm.o) (agc_inp_dbm8_by_pm)
layer1/liblayer1.a(afc.o)     layer1/liblayer1.a(prim_fbsb.o) (afc_correct)
layer1/liblayer1.a(toa.o)     layer1/liblayer1.a(prim_rx_nb.o) (toa_input)
layer1/liblayer1.a(avg.o)     layer1/liblayer1.a(afc.o) (runavg_input)
lib/libmini.a(vsprintf.o)     apps/rssi/main.o (sprintf)
lib/libmini.a(string.o)       lib/libmini.a(vsprintf.o) (strnlen)
lib/libmini.a(ctype.o)        lib/libmini.a(vsprintf.o) (_ctype)
lib/libmini.a(printf.o)       apps/rssi/main.o (printf)
lib/libmini.a(console.o)      board/compal_e88/init.o (cons_bind_uart)
lib/libmini.a(ctors.o)        board/compal/start.rom.o (do_global_ctors)
lib/libmini.a(delay.o)        calypso/libcalypso.a(tpu.o) (delay_us)
lib/libmini.a(div64.o)        lib/libmini.a(vsprintf.o) (__do_div64)
lib/libmini.a(lib1funcs.o)    apps/rssi/main.o (__udivsi3)
lib/libmini.a(memcpy.o)       apps/rssi/main.o (memcpy)
lib/libmini.a(memset.o)       apps/rssi/main.o (memset)
comm/libcomm.a(sercomm.o)     apps/rssi/main.o (sercomm_sendmsg)
comm/libcomm.a(sercomm_cons.o)
                              lib/libmini.a(vsprintf.o) (sercomm_puts)
comm/libcomm.a(timer.o)       apps/rssi/main.o (jiffies)
../../shared/libosmocore/build-target/src/.libs/libosmocore.a(msgb.o)
                              layer1/liblayer1.a(l23_api.o) (msgb_alloc)
../../shared/libosmocore/build-target/src/.libs/libosmocore.a(panic.o)
                              apps/rssi/main.o (osmo_panic)
../../shared/libosmocore/build-target/src/gsm/.libs/libosmogsm.a(gsm_utils.o)
                              layer1/liblayer1.a(l23_api.o) (ms_pwr_ctl_lvl)
../../shared/libosmocore/build-target/src/gsm/.libs/libosmogsm.a(rsl.o)
                              apps/rssi/main.o (rsl_dec_chan_nr)
../../shared/libosmocore/build-target/src/gsm/.libs/libosmogsm.a(gsm48_ie.o)
                              apps/rssi/main.o (gsm48_decode_freq_list)
calypso/libcalypso.a(dsp.o)   layer1/liblayer1.a(sync.o) (dsp_api_memset)
[...]
Memory Configuration

Name             Origin             Length             Attributes
FLASH            0x0000000000000000 0x0000000000200000 xr
IRAM             0x0000000000800000 0x0000000000040000 rw
ERAM             0x0000000001000000 0x0000000000040000 rw
*default*        0x0000000000000000 0xffffffffffffffff

Linker script and memory map


.compal.loader  0x0000000000000000     0x2000
                0x0000000000000000                _compal_loader_start = .
                0x0000000000002000                . = 0x2000
 *fill*         0x0000000000000000     0x2000 00
                0x0000000000002000                _compal_loader_end = .

.compal.header  0x0000000000002000       0xa0
                0x0000000000002000                _compal_header_start = .
 *(.compal.header)
 .compal.header
                0x0000000000002000       0x45 board/compal/header.o
 *(.compal.header)
                0x00000000000000a0                . = 0xa0
 *fill*         0x0000000000002045       0x5b 00
                0x00000000000020a0                _compal_header_end = .

.compal.vectors
                0x00000000000020a0       0x38
                0x00000000000020a0                PROVIDE (_exceptions, .)
 *(.text.exceptions)
 .text.exceptions
                0x00000000000020a0       0x38 board/compal/exceptions_redirect.o
 *(.text.exceptions)

.text.start     0x00000000000020f8       0xcc
                0x00000000000020f8                PROVIDE (_start, .)
 *(.text.start)
 .text.start    0x00000000000020f8       0xcc board/compal/start.rom.o
                0x00000000000020f8                _start
 *(.text.start)

.text           0x00000000000021e0    0x10034
 *(.text*)
 .text.fb_boxto
                0x00000000000021e0       0x1c apps/rssi/main.o
 .text.fb_putstr
                0x00000000000021fc       0x1c apps/rssi/main.o
 .text.fb_gotoxy
                0x0000000000002218       0x18 apps/rssi/main.o
 .text.print_display
                0x0000000000002230       0x70 apps/rssi/main.o
 .text.gsm48_match_ra
                0x00000000000022a0       0xa8 apps/rssi/main.o
 .text.key_handler
                0x0000000000002348       0x70 apps/rssi/main.o
 .text.refresh_display
                0x00000000000023b8     0x1238 apps/rssi/main.o
 .text.inc_dec_arfcn
                0x00000000000035f0      0x17c apps/rssi/main.o
 .text.tone_inc_dec
                0x000000000000376c       0x3c apps/rssi/main.o
 .text.inc_dec_neighbour
                0x00000000000037a8       0x94 apps/rssi/main.o
 .text.inc_dec_spectrum
                0x000000000000383c       0x58 apps/rssi/main.o
 .text.exit_arfcn
                0x0000000000003894       0x1c apps/rssi/main.o
 .text.enter_arfcn
                0x00000000000038b0      0x18c apps/rssi/main.o
 .text.msgb_put
                0x0000000000003a3c       0x58 apps/rssi/main.o
 .text.request_ul_levels
                0x0000000000003a94       0xb8 apps/rssi/main.o
 .text.inc_dec_ul_arfcn
                0x0000000000003b4c       0xc0 apps/rssi/main.o
 .text.toggle_up_down
                0x0000000000003c0c       0x4c apps/rssi/main.o
 .text.exit_rach
                0x0000000000003c58       0x2c apps/rssi/main.o
 .text.exit_sync
                0x0000000000003c84       0x28 apps/rssi/main.o
 .text.toggle_spectrum
                0x0000000000003cac       0x50 apps/rssi/main.o
 .text.l1a_l23_rx_cb
                0x0000000000003cfc       0x54 apps/rssi/main.o
 .text.console_rx_cb
                0x0000000000003d50       0x40 apps/rssi/main.o
 .text.l1a_l23_tx
                0x0000000000003d90      0x4bc apps/rssi/main.o
 .text.gsm48_decode_lai
                0x000000000000424c       0x60 apps/rssi/main.o
                0x000000000000424c                gsm48_decode_lai
 .text.main     0x00000000000042ac      0xbd0 apps/rssi/main.o
                0x00000000000042ac                main
 .text.tpu_enq_at
                0x0000000000004e7c       0x34 abb/twl3025.o
 .text.tpu_enq_wait
                0x0000000000004eb0       0x14 abb/twl3025.o
 .text.twl3025_reg_write
                0x0000000000004ec4       0x58 abb/twl3025.o
                0x0000000000004ec4                twl3025_reg_write
 .text.twl3025_switch_page
                0x0000000000004f1c       0x2c abb/twl3025.o
 .text.twl3025_tsp_write
                0x0000000000004f48       0x10 abb/twl3025.o
                0x0000000000004f48                twl3025_tsp_write
 .text.twl3025_downlink
                0x0000000000004f58       0x98 abb/twl3025.o
                0x0000000000004f58                twl3025_downlink
 .text.twl3025_uplink
                0x0000000000004ff0       0xac abb/twl3025.o
                0x0000000000004ff0                twl3025_uplink
 .text.twl3025_unit_enable
                0x000000000000509c       0x6c abb/twl3025.o
                0x000000000000509c                twl3025_unit_enable
 .text.tpu_enq_at
                0x0000000000005108       0x34 rf/trf6151.o
 .text.tpu_enq_wait
                0x000000000000513c       0x14 rf/trf6151.o
 .text.trf6151_reg_write
                0x0000000000005150       0x38 rf/trf6151.o
 .text.trf6151_set_gain_reg
                0x0000000000005188       0x64 rf/trf6151.o
                0x0000000000005188                trf6151_set_gain_reg
 .text.trf6151_set_gain
                0x00000000000051ec       0x74 rf/trf6151.o
                0x00000000000051ec                trf6151_set_gain
 .text.trf6151_power
                0x0000000000005260       0x64 rf/trf6151.o
                0x0000000000005260                trf6151_power
 .text.trf6151_init
                0x00000000000052c4       0x5c rf/trf6151.o
                0x00000000000052c4                trf6151_init
 .text.trf6151_set_mode
                0x0000000000005320       0x34 rf/trf6151.o
                0x0000000000005320                trf6151_set_mode
 .text.trf6151_set_arfcn
                0x0000000000005354      0x21c rf/trf6151.o
                0x0000000000005354                trf6151_set_arfcn
 .text.trf6151_get_gain
                0x0000000000005570       0x28 rf/trf6151.o
                0x0000000000005570                trf6151_get_gain
 .text.trf6151_rx_window
                0x0000000000005598       0x54 rf/trf6151.o
                0x0000000000005598                trf6151_rx_window
 .text.trf6151_tx_window
                0x00000000000055ec       0x44 rf/trf6151.o
                0x00000000000055ec                trf6151_tx_window
 .text.trf6151_compute_gain
                0x0000000000005630       0x28 rf/trf6151.o
                0x0000000000005630                trf6151_compute_gain
 .text.trf6151_iq_swapped
                0x0000000000005658       0x30 rf/trf6151.o
                0x0000000000005658                trf6151_iq_swapped
 .text.rffe_mode
                0x0000000000005688       0x44 board/compal/rffe_dualband.o
                0x0000000000005688                rffe_mode
 .text.rffe_get_rx_ports
                0x00000000000056cc        0x8 board/compal/rffe_dualband.o
                0x00000000000056cc                rffe_get_rx_ports
 .text.rffe_iq_swapped
                0x00000000000056d4        0xc board/compal/rffe_dualband.o
                0x00000000000056d4                rffe_iq_swapped
 .text.rffe_init
                0x00000000000056e0       0x54 board/compal/rffe_dualband.o
                0x00000000000056e0                rffe_init
 .text.rffe_get_gain
                0x0000000000005734        0x4 board/compal/rffe_dualband.o
                0x0000000000005734                rffe_get_gain
 .text.rffe_set_gain
                0x0000000000005738        0x8 board/compal/rffe_dualband.o
                0x0000000000005738                rffe_set_gain
 .text.rffe_compute_gain
                0x0000000000005740       0x14 board/compal/rffe_dualband.o
                0x0000000000005740                rffe_compute_gain
 .text.board_init
                0x0000000000005754       0xc8 board/compal_e88/init.o
                0x0000000000005754                board_init
 .text.fb_font_get_char
                0x000000000000581c       0x58 fb/font.o
                0x000000000000581c                fb_font_get_char
 .text.fb_limit_fb_range
                0x0000000000005874       0x38 fb/fb_bw8.o
 .text.fb_bw8_update_damage
                0x00000000000058ac       0xf0 fb/fb_bw8.o
 .text.set_fg_pixel
                0x000000000000599c       0x48 fb/fb_bw8.o
 .text.fb_bw8_clear
                0x00000000000059e4       0x80 fb/fb_bw8.o
                0x00000000000059e4                fb_bw8_clear
 .text.fb_bw8_lineto
                0x0000000000005a64       0x60 fb/fb_bw8.o
                0x0000000000005a64                fb_bw8_lineto
 .text.fb_bw8_boxto
                0x0000000000005ac4      0x204 fb/fb_bw8.o
                0x0000000000005ac4                fb_bw8_boxto
 .text.fb_bw8_putstr
                0x0000000000005cc8      0x384 fb/fb_bw8.o
                0x0000000000005cc8                fb_bw8_putstr
 .text.fb_st7558_flush
                0x000000000000604c      0x104 fb/fb_st7558.o
 .text.fb_st7558_init
                0x0000000000006150       0x40 fb/fb_st7558.o
 .text.buzzer_mode_pwt
                0x0000000000006190       0x40 calypso/libcalypso.a(buzzer.o)
                0x0000000000006190                buzzer_mode_pwt
 .text.buzzer_volume
                0x00000000000061d0       0x48 calypso/libcalypso.a(buzzer.o)
                0x00000000000061d0                buzzer_volume
 .text.buzzer_note
                0x0000000000006218       0x24 calypso/libcalypso.a(buzzer.o)
                0x0000000000006218                buzzer_note
 .text.dump_reg16
                0x000000000000623c       0x10 calypso/libcalypso.a(clock.o)
 .text.calypso_clk_dump
                0x000000000000624c       0x6c calypso/libcalypso.a(clock.o)
                0x000000000000624c                calypso_clk_dump
 .text.calypso_pll_set
                0x00000000000062b8       0x34 calypso/libcalypso.a(clock.o)
                0x00000000000062b8                calypso_pll_set
 .text.calypso_reset_set
                0x00000000000062ec       0x28 calypso/libcalypso.a(clock.o)
                0x00000000000062ec                calypso_reset_set
 .text.calypso_clock_set
                0x0000000000006314       0x70 calypso/libcalypso.a(clock.o)
                0x0000000000006314                calypso_clock_set
 .text.calypso_mem_cfg
                0x0000000000006384       0x24 calypso/libcalypso.a(clock.o)
                0x0000000000006384                calypso_mem_cfg
 .text.calypso_bootrom
                0x00000000000063a8       0x20 calypso/libcalypso.a(clock.o)
                0x00000000000063a8                calypso_bootrom
 .text.i2c_write
                0x00000000000063c8       0x78 calypso/libcalypso.a(i2c.o)
                0x00000000000063c8                i2c_write
 .text.i2c_init
                0x0000000000006440       0x2c calypso/libcalypso.a(i2c.o)
                0x0000000000006440                i2c_init
 .text._irq_enable
                0x000000000000646c       0x40 calypso/libcalypso.a(irq.o)
 .text.irq_enable
                0x00000000000064ac        0x8 calypso/libcalypso.a(irq.o)
                0x00000000000064ac                irq_enable
 .text.irq_disable
                0x00000000000064b4        0x8 calypso/libcalypso.a(irq.o)
                0x00000000000064b4                irq_disable
 .text.irq_config
                0x00000000000064bc       0x48 calypso/libcalypso.a(irq.o)
                0x00000000000064bc                irq_config
 .text.irq_register_handler
                0x0000000000006504       0x14 calypso/libcalypso.a(irq.o)
                0x0000000000006504                irq_register_handler
 .text.calypso_exceptions_install
                0x0000000000006518       0x34 calypso/libcalypso.a(irq.o)
                0x0000000000006518                calypso_exceptions_install
 .text.irq_init
                0x000000000000654c       0x5c calypso/libcalypso.a(irq.o)
                0x000000000000654c                irq_init
 .text.spi_xfer
                0x00000000000065a8      0x100 calypso/libcalypso.a(spi.o)
                0x00000000000065a8                spi_xfer
 .text.tpu_wait_ctrl_bit
                0x00000000000066a8       0x60 calypso/libcalypso.a(tpu.o)
 .text.tpu_reset
                0x0000000000006708       0x2c calypso/libcalypso.a(tpu.o)
                0x0000000000006708                tpu_reset
 .text.tpu_enable
                0x0000000000006734       0x34 calypso/libcalypso.a(tpu.o)
                0x0000000000006734                tpu_enable
 .text.tpu_clk_enable
                0x0000000000006768       0x2c calypso/libcalypso.a(tpu.o)
                0x0000000000006768                tpu_clk_enable
 .text.tpu_dsp_frameirq_enable
                0x0000000000006794       0x1c calypso/libcalypso.a(tpu.o)
                0x0000000000006794                tpu_dsp_frameirq_enable
 .text.tpu_rewind
                0x00000000000067b0       0x18 calypso/libcalypso.a(tpu.o)
                0x00000000000067b0                tpu_rewind
 .text.tpu_enqueue
                0x00000000000067c8       0x28 calypso/libcalypso.a(tpu.o)
                0x00000000000067c8                tpu_enqueue
 .text.tpu_init
                0x00000000000067f0       0x64 calypso/libcalypso.a(tpu.o)
                0x00000000000067f0                tpu_init
 .text.tpu_wait_idle
                0x0000000000006854       0x20 calypso/libcalypso.a(tpu.o)
                0x0000000000006854                tpu_wait_idle
 .text.tpu_frame_irq_en
                0x0000000000006874       0x30 calypso/libcalypso.a(tpu.o)
                0x0000000000006874                tpu_frame_irq_en
 .text.add_mod5000
                0x00000000000068a4       0x38 calypso/libcalypso.a(tpu.o)
                0x00000000000068a4                add_mod5000
 .text.tpu_enq_move
                0x00000000000068dc       0x1c calypso/libcalypso.a(tsp.o)
 .text.tsp_write
                0x00000000000068f8       0xcc calypso/libcalypso.a(tsp.o)
                0x00000000000068f8                tsp_write
 .text.tsp_setup
                0x00000000000069c4       0x40 calypso/libcalypso.a(tsp.o)
                0x00000000000069c4                tsp_setup
 .text.tsp_act_update
                0x0000000000006a04       0x50 calypso/libcalypso.a(tsp.o)
                0x0000000000006a04                tsp_act_update
 .text.tsp_act_enable
                0x0000000000006a54       0x1c calypso/libcalypso.a(tsp.o)
                0x0000000000006a54                tsp_act_enable
 .text.tsp_act_disable
                0x0000000000006a70       0x14 calypso/libcalypso.a(tsp.o)
                0x0000000000006a70                tsp_act_disable
 .text.tsp_act_state
                0x0000000000006a84       0x10 calypso/libcalypso.a(tsp.o)
                0x0000000000006a84                tsp_act_state
 .text.tsp_init
                0x0000000000006a94        0x8 calypso/libcalypso.a(tsp.o)
                0x0000000000006a94                tsp_init
 .text.keypad_set_handler
                0x0000000000006a9c       0x10 calypso/libcalypso.a(keypad.o)
                0x0000000000006a9c                keypad_set_handler
 .text.dump_dev_id
                0x0000000000006aac       0x8c calypso/libcalypso.a(misc.o)
                0x0000000000006aac                dump_dev_id
 .text.uart_set_lcr7bit
                0x0000000000006b38       0x2c calypso/libcalypso.a(uart.o)
 .text.uart_set_lcr_bf
                0x0000000000006b64       0x38 calypso/libcalypso.a(uart.o)
 .text.uart_set_mcr6bit
                0x0000000000006b9c       0x2c calypso/libcalypso.a(uart.o)
 .text.uart_reg_write
                0x0000000000006bc8       0xa0 calypso/libcalypso.a(uart.o)
 .text.uart_reg_read
                0x0000000000006c68       0xa0 calypso/libcalypso.a(uart.o)
 .text.uart_irq_handler_cons
                0x0000000000006d08       0x5c calypso/libcalypso.a(uart.o)
 .text.uart_irq_enable
                0x0000000000006d64       0x50 calypso/libcalypso.a(uart.o)
                0x0000000000006d64                uart_irq_enable
 .text.uart_init
                0x0000000000006db4      0x188 calypso/libcalypso.a(uart.o)
                0x0000000000006db4                uart_init
 .text.uart_putchar_wait
                0x0000000000006f3c       0x30 calypso/libcalypso.a(uart.o)
                0x0000000000006f3c                uart_putchar_wait
 .text.uart_putchar_nb
                0x0000000000006f6c       0x30 calypso/libcalypso.a(uart.o)
                0x0000000000006f6c                uart_putchar_nb
 .text.uart_getchar_nb
                0x0000000000006f9c       0x88 calypso/libcalypso.a(uart.o)
                0x0000000000006f9c                uart_getchar_nb
 .text.uart_tx_busy
                0x0000000000007024       0x20 calypso/libcalypso.a(uart.o)
                0x0000000000007024                uart_tx_busy
 .text.uart_irq_handler_sercomm
                0x0000000000007044      0x124 calypso/libcalypso.a(uart.o)
 .text.uart_baudrate
                0x0000000000007168       0x68 calypso/libcalypso.a(uart.o)
                0x0000000000007168                uart_baudrate
 .text.arm_enable_interrupts
                0x00000000000071d0       0x10 calypso/libcalypso.a(arm.o)
                0x00000000000071d0                arm_enable_interrupts
 .text.l1s_abort_cmd
                0x00000000000071e0       0x58 layer1/liblayer1.a(sync.o)
 .text.l1s_time_inc
                0x0000000000007238       0xc8 layer1/liblayer1.a(sync.o)
                0x0000000000007238                l1s_time_inc
 .text.frame_irq
                0x0000000000007300      0x214 layer1/liblayer1.a(sync.o)
 .text.l1s_time_dump
                0x0000000000007514       0x2c layer1/liblayer1.a(sync.o)
                0x0000000000007514                l1s_time_dump
 .text.l1s_snr_int
                0x0000000000007540        0xc layer1/liblayer1.a(sync.o)
                0x0000000000007540                l1s_snr_int
 .text.synchronize_tdma
                0x000000000000754c       0xa8 layer1/liblayer1.a(sync.o)
                0x000000000000754c                synchronize_tdma
 .text.l1s_reset_hw
                0x00000000000075f4       0x7c layer1/liblayer1.a(sync.o)
                0x00000000000075f4                l1s_reset_hw
 .text.l1s_compl_sched
                0x0000000000007670       0x2c layer1/liblayer1.a(sync.o)
                0x0000000000007670                l1s_compl_sched
 .text.l1s_dsp_abort
                0x000000000000769c       0x2c layer1/liblayer1.a(sync.o)
                0x000000000000769c                l1s_dsp_abort
 .text.l1s_tx_apc_helper
                0x00000000000076c8       0x88 layer1/liblayer1.a(sync.o)
                0x00000000000076c8                l1s_tx_apc_helper
 .text.l1s_reset
                0x0000000000007750       0x4c layer1/liblayer1.a(sync.o)
                0x0000000000007750                l1s_reset
 .text.l1s_init
                0x000000000000779c       0xa8 layer1/liblayer1.a(sync.o)
                0x000000000000779c                l1s_init
 .text.tdma_end_set
                0x0000000000007844        0x8 layer1/liblayer1.a(tdma_sched.o)
                0x0000000000007844                tdma_end_set
 .text.tdma_schedule
                0x000000000000784c       0x98 layer1/liblayer1.a(tdma_sched.o)
                0x000000000000784c                tdma_schedule
 .text.tdma_schedule_set
                0x00000000000078e4       0xf0 layer1/liblayer1.a(tdma_sched.o)
                0x00000000000078e4                tdma_schedule_set
 .text.tdma_sched_advance
                0x00000000000079d4       0x24 layer1/liblayer1.a(tdma_sched.o)
                0x00000000000079d4                tdma_sched_advance
 .text.tdma_sched_flag_scan
                0x00000000000079f8       0x4c layer1/liblayer1.a(tdma_sched.o)
                0x00000000000079f8                tdma_sched_flag_scan
 .text.tdma_sched_execute
                0x0000000000007a44      0x170 layer1/liblayer1.a(tdma_sched.o)
                0x0000000000007a44                tdma_sched_execute
 .text.tdma_sched_reset
                0x0000000000007bb4       0x30 layer1/liblayer1.a(tdma_sched.o)
                0x0000000000007bb4                tdma_sched_reset
 .text.tpu_enq_at
                0x0000000000007be4       0x34 layer1/liblayer1.a(tpu_window.o)
 .text._win_cleanup
                0x0000000000007c18       0x64 layer1/liblayer1.a(tpu_window.o)
 .text._win_setup
                0x0000000000007c7c       0x98 layer1/liblayer1.a(tpu_window.o)
 .text.l1s_win_init
                0x0000000000007d14       0x54 layer1/liblayer1.a(tpu_window.o)
                0x0000000000007d14                l1s_win_init
 .text.l1s_rx_win_ctrl
                0x0000000000007d68       0xbc layer1/liblayer1.a(tpu_window.o)
                0x0000000000007d68                l1s_rx_win_ctrl
 .text.l1s_tx_win_ctrl
                0x0000000000007e24       0xb0 layer1/liblayer1.a(tpu_window.o)
                0x0000000000007e24                l1s_tx_win_ctrl
 .text.l1s_tx_multi_win_ctrl
                0x0000000000007ed4       0xd8 layer1/liblayer1.a(tpu_window.o)
                0x0000000000007ed4                l1s_tx_multi_win_ctrl
 .text.tpu_end_scenario
                0x0000000000007fac       0x18 layer1/liblayer1.a(tpu_window.o)
                0x0000000000007fac                tpu_end_scenario
 .text.layer1_init
                0x0000000000007fc4       0x50 layer1/liblayer1.a(init.o)
                0x0000000000007fc4                layer1_init
 .text.__fswab32
                0x0000000000008014       0x14 layer1/liblayer1.a(l23_api.o)
 .text.audio_set_enabled
                0x0000000000008028       0x4c layer1/liblayer1.a(l23_api.o)
 .text.msgb_put
                0x0000000000008074       0x58 layer1/liblayer1.a(l23_api.o)
 .text.l1a_l23_rx
                0x00000000000080cc       0x24 layer1/liblayer1.a(l23_api.o)
                0x00000000000080cc                l1a_l23_rx
 .text.l1_queue_for_l2
                0x00000000000080f0       0x34 layer1/liblayer1.a(l23_api.o)
                0x00000000000080f0                l1_queue_for_l2
 .text.l1ctl_msgb_alloc
                0x0000000000008124       0x68 layer1/liblayer1.a(l23_api.o)
                0x0000000000008124                l1ctl_msgb_alloc
 .text.l1_create_l2_msg
                0x000000000000818c       0x74 layer1/liblayer1.a(l23_api.o)
                0x000000000000818c                l1_create_l2_msg
 .text.l1ctl_tx_reset
                0x0000000000008200       0x2c layer1/liblayer1.a(l23_api.o)
                0x0000000000008200                l1ctl_tx_reset
 .text.l1a_l23_handler
                0x000000000000822c      0xc48 layer1/liblayer1.a(l23_api.o)
                0x000000000000822c                l1a_l23_handler
 .text.l1a_l23api_init
                0x0000000000008e74       0x10 layer1/liblayer1.a(l23_api.o)
                0x0000000000008e74                l1a_l23api_init
 .text.mframe_task2chan_nr
                0x0000000000008e84      0x120 layer1/liblayer1.a(mframe_sched.o)
                0x0000000000008e84                mframe_task2chan_nr
 .text.mframe_enable
                0x0000000000008fa4       0x1c layer1/liblayer1.a(mframe_sched.o)
                0x0000000000008fa4                mframe_enable
 .text.mframe_disable
                0x0000000000008fc0       0x1c layer1/liblayer1.a(mframe_sched.o)
                0x0000000000008fc0                mframe_disable
 .text.mframe_set
                0x0000000000008fdc       0x10 layer1/liblayer1.a(mframe_sched.o)
                0x0000000000008fdc                mframe_set
 .text.mframe_schedule
                0x0000000000008fec      0x120 layer1/liblayer1.a(mframe_sched.o)
                0x0000000000008fec                mframe_schedule
 .text.mframe_reset
                0x000000000000910c       0x20 layer1/liblayer1.a(mframe_sched.o)
                0x000000000000910c                mframe_reset
 .text.sched_gsmtime
                0x000000000000912c       0xa8 layer1/liblayer1.a(sched_gsmtime.o)
                0x000000000000912c                sched_gsmtime
 .text.sched_gsmtime_execute
                0x00000000000091d4       0x84 layer1/liblayer1.a(sched_gsmtime.o)
                0x00000000000091d4                sched_gsmtime_execute
 .text.sched_gsmtime_init
                0x0000000000009258       0x50 layer1/liblayer1.a(sched_gsmtime.o)
                0x0000000000009258                sched_gsmtime_init
 .text.sched_gsmtime_reset
                0x00000000000092a8       0x54 layer1/liblayer1.a(sched_gsmtime.o)
                0x00000000000092a8                sched_gsmtime_reset
 .text.l1a_txq_msgb_enq
                0x00000000000092fc       0x1c layer1/liblayer1.a(async.o)
                0x00000000000092fc                l1a_txq_msgb_enq
 .text.l1a_meas_msgb_set
                0x0000000000009318       0x38 layer1/liblayer1.a(async.o)
                0x0000000000009318                l1a_meas_msgb_set
 .text.l1a_txq_msgb_count
                0x0000000000009350       0x34 layer1/liblayer1.a(async.o)
                0x0000000000009350                l1a_txq_msgb_count
 .text.l1a_txq_msgb_flush
                0x0000000000009384       0x34 layer1/liblayer1.a(async.o)
                0x0000000000009384                l1a_txq_msgb_flush
 .text.l1a_mftask_set
                0x00000000000093b8        0x4 layer1/liblayer1.a(async.o)
                0x00000000000093b8                l1a_mftask_set
 .text.l1a_tch_mode_set
                0x00000000000093bc       0x3c layer1/liblayer1.a(async.o)
                0x00000000000093bc                l1a_tch_mode_set
 .text.l1a_audio_mode_set
                0x00000000000093f8       0x14 layer1/liblayer1.a(async.o)
                0x00000000000093f8                l1a_audio_mode_set
 .text.l1a_init
                0x000000000000940c        0x4 layer1/liblayer1.a(async.o)
                0x000000000000940c                l1a_init
 .text.l1a_compl_execute
                0x0000000000009410       0x50 layer1/liblayer1.a(async.o)
                0x0000000000009410                l1a_compl_execute
 .text.rfch_get_params
                0x0000000000009460      0x140 layer1/liblayer1.a(rfch.o)
                0x0000000000009460                rfch_get_params
 .text.apc_tx_dbm2auxapc
                0x00000000000095a0       0x48 layer1/liblayer1.a(apc.o)
                0x00000000000095a0                apc_tx_dbm2auxapc
 .text.apc_tx_pwrlvl2auxapc
                0x00000000000095e8       0x38 layer1/liblayer1.a(apc.o)
                0x00000000000095e8                apc_tx_pwrlvl2auxapc
 .text.trx_get_burst
                0x0000000000009620        0x8 layer1/liblayer1.a(trx_dummy.o)
                0x0000000000009620                trx_get_burst
 .text.trx_put_burst
                0x0000000000009628        0x8 layer1/liblayer1.a(trx_dummy.o)
                0x0000000000009628                trx_put_burst
 .text.l1s_neigh_pm_resp
                0x0000000000009630      0x178 layer1/liblayer1.a(prim_pm.o)
 .text.l1s_pm_cmd
                0x00000000000097a8       0x50 layer1/liblayer1.a(prim_pm.o)
 .text.l1s_neigh_pm_cmd
                0x00000000000097f8       0x7c layer1/liblayer1.a(prim_pm.o)
 .text.l1s_pm_test
                0x0000000000009874       0x30 layer1/liblayer1.a(prim_pm.o)
                0x0000000000009874                l1s_pm_test
 .text.l1s_pm_resp
                0x00000000000098a4      0x210 layer1/liblayer1.a(prim_pm.o)
 .text.l1s_tx_rach_resp
                0x0000000000009ab4       0x44 layer1/liblayer1.a(prim_rach.o)
 .text.l1s_tx_rach_cmd
                0x0000000000009af8       0x80 layer1/liblayer1.a(prim_rach.o)
 .text.l1a_rach_compl
                0x0000000000009b78       0x28 layer1/liblayer1.a(prim_rach.o)
 .text.l1a_rach_req
                0x0000000000009ba0       0xcc layer1/liblayer1.a(prim_rach.o)
                0x0000000000009ba0                l1a_rach_req
 .text.prim_rach_init
                0x0000000000009c6c       0x18 layer1/liblayer1.a(prim_rach.o)
 .text.l1s_tx_resp
                0x0000000000009c84       0x4c layer1/liblayer1.a(prim_tx_nb.o)
 .text.l1s_tx_cmd
                0x0000000000009cd0      0x168 layer1/liblayer1.a(prim_tx_nb.o)
 .text.l1a_tx_nb_compl
                0x0000000000009e38       0x28 layer1/liblayer1.a(prim_tx_nb.o)
 .text.prim_tx_nb_init
                0x0000000000009e60       0x18 layer1/liblayer1.a(prim_tx_nb.o)
 .text.l1s_nb_resp
                0x0000000000009e78      0x2e4 layer1/liblayer1.a(prim_rx_nb.o)
 .text.l1s_nb_cmd
                0x000000000000a15c      0x180 layer1/liblayer1.a(prim_rx_nb.o)
 .text.l1ctl_fbsb_resp
                0x000000000000a2dc       0xc0 layer1/liblayer1.a(prim_fbsb.o)
 .text.l1s_sbdet_resp
                0x000000000000a39c      0x32c layer1/liblayer1.a(prim_fbsb.o)
 .text.l1s_sbdet_cmd
                0x000000000000a6c8       0x54 layer1/liblayer1.a(prim_fbsb.o)
 .text.l1s_fbdet_cmd
                0x000000000000a71c       0x6c layer1/liblayer1.a(prim_fbsb.o)
 .text.fbinfo2cellinfo.clone.0.clone.1
                0x000000000000a788       0xec layer1/liblayer1.a(prim_fbsb.o)
 .text.l1s_fbdet_resp
                0x000000000000a874      0x328 layer1/liblayer1.a(prim_fbsb.o)
 .text.l1a_fb_compl
                0x000000000000ab9c       0x2c layer1/liblayer1.a(prim_fbsb.o)
 .text.l1s_fbsb_req
                0x000000000000abc8       0xf4 layer1/liblayer1.a(prim_fbsb.o)
                0x000000000000abc8                l1s_fbsb_req
 .text.l1s_prim_fbsb_init
                0x000000000000acbc       0x18 layer1/liblayer1.a(prim_fbsb.o)
 .text.l1s_freq_cmd
                0x000000000000acd4       0x50 layer1/liblayer1.a(prim_freq.o)
 .text.l1a_freq_req
                0x000000000000ad24       0xc0 layer1/liblayer1.a(prim_freq.o)
                0x000000000000ad24                l1a_freq_req
 .text.pu_get_idle_frame
                0x000000000000ade4        0xc layer1/liblayer1.a(prim_utils.o)
                0x000000000000ade4                pu_get_idle_frame
 .text.pu_update_rx_level
                0x000000000000adf0       0x18 layer1/liblayer1.a(prim_utils.o)
                0x000000000000adf0                pu_update_rx_level
 .text.pu_get_meas_frame
                0x000000000000ae08       0x30 layer1/liblayer1.a(prim_utils.o)
                0x000000000000ae08                pu_get_meas_frame
 .text.l1s_tch_d_resp
                0x000000000000ae38       0x18 layer1/liblayer1.a(prim_tch.o)
 .text.__fswab32
                0x000000000000ae50       0x14 layer1/liblayer1.a(prim_tch.o)
 .text.msgb_put
                0x000000000000ae64       0x58 layer1/liblayer1.a(prim_tch.o)
 .text.dsp_task_iq_swap
                0x000000000000aebc       0x24 layer1/liblayer1.a(prim_tch.o)
 .text.l1a_tx_tch_compl
                0x000000000000aee0       0x68 layer1/liblayer1.a(prim_tch.o)
 .text.tch_get_params.clone.0
                0x000000000000af48       0xdc layer1/liblayer1.a(prim_tch.o)
 .text.l1s_tch_a_resp
                0x000000000000b024      0x280 layer1/liblayer1.a(prim_tch.o)
 .text.l1s_tch_d_cmd
                0x000000000000b2a4       0xb8 layer1/liblayer1.a(prim_tch.o)
 .text.l1s_tch_resp
                0x000000000000b35c      0x47c layer1/liblayer1.a(prim_tch.o)
 .text.l1s_tch_a_cmd
                0x000000000000b7d8      0x268 layer1/liblayer1.a(prim_tch.o)
 .text.l1s_tch_cmd
                0x000000000000ba40      0x34c layer1/liblayer1.a(prim_tch.o)
 .text.prim_tch_init
                0x000000000000bd8c       0x18 layer1/liblayer1.a(prim_tch.o)
 .text.__fswab32
                0x000000000000bda4       0x14 layer1/liblayer1.a(prim_bts.o)
 .text.l1s_bts_resp
                0x000000000000bdb8      0x320 layer1/liblayer1.a(prim_bts.o)
 .text.l1s_bts_cmd
                0x000000000000c0d8      0x460 layer1/liblayer1.a(prim_bts.o)
 .text.l1s_nb_resp
                0x000000000000c538      0x258 layer1/liblayer1.a(prim_bts_sync.o)
 .text.l1s_nb_cmd
                0x000000000000c790      0x188 layer1/liblayer1.a(prim_bts_sync.o)
 .text.agc_inp_dbm8_by_pm
                0x000000000000c918       0x34 layer1/liblayer1.a(agc.o)
                0x000000000000c918                agc_inp_dbm8_by_pm
 .text.afc_correct
                0x000000000000c94c       0x7c layer1/liblayer1.a(afc.o)
                0x000000000000c94c                afc_correct
 .text.afc_ravg_output
                0x000000000000c9c8       0x18 layer1/liblayer1.a(afc.o)
 .text.afc_reset
                0x000000000000c9e0       0x18 layer1/liblayer1.a(afc.o)
                0x000000000000c9e0                afc_reset
 .text.afc_input
                0x000000000000c9f8       0x2c layer1/liblayer1.a(afc.o)
                0x000000000000c9f8                afc_input
 .text.afc_load_dsp
                0x000000000000ca24       0x2c layer1/liblayer1.a(afc.o)
                0x000000000000ca24                afc_load_dsp
 .text.toa_ravg_output
                0x000000000000ca50       0x30 layer1/liblayer1.a(toa.o)
 .text.toa_input
                0x000000000000ca80       0x48 layer1/liblayer1.a(toa.o)
                0x000000000000ca80                toa_input
 .text.toa_reset
                0x000000000000cac8       0x1c layer1/liblayer1.a(toa.o)
                0x000000000000cac8                toa_reset
 .text.runavg_input
                0x000000000000cae4       0x30 layer1/liblayer1.a(avg.o)
                0x000000000000cae4                runavg_input
 .text.runavg_check_output
                0x000000000000cb14       0x64 layer1/liblayer1.a(avg.o)
                0x000000000000cb14                runavg_check_output
 .text.skip_atoi
                0x000000000000cb78       0x44 lib/libmini.a(vsprintf.o)
 .text.number   0x000000000000cbbc      0x254 lib/libmini.a(vsprintf.o)
 .text.vsnprintf
                0x000000000000ce10      0x518 lib/libmini.a(vsprintf.o)
                0x000000000000ce10                vsnprintf
 .text.sprintf  0x000000000000d328       0x28 lib/libmini.a(vsprintf.o)
                0x000000000000d328                sprintf
 .text.puts     0x000000000000d350        0x4 lib/libmini.a(vsprintf.o)
                0x000000000000d350                puts
 .text.strnlen  0x000000000000d354       0x28 lib/libmini.a(string.o)
                0x000000000000d354                strnlen
 .text.strlen   0x000000000000d37c       0x1c lib/libmini.a(string.o)
                0x000000000000d37c                strlen
 .text.printf   0x000000000000d398       0x44 lib/libmini.a(printf.o)
                0x000000000000d398                printf
 .text.cons_rb_pull
                0x000000000000d3dc       0x6c lib/libmini.a(console.o)
 .text.__cons_rb_append
                0x000000000000d448       0x70 lib/libmini.a(console.o)
 .text.cons_bind_uart
                0x000000000000d4b8       0x18 lib/libmini.a(console.o)
                0x000000000000d4b8                cons_bind_uart
 .text.cons_get_uart
                0x000000000000d4d0       0x18 lib/libmini.a(console.o)
                0x000000000000d4d0                cons_get_uart
 .text.cons_init
                0x000000000000d4e8       0x40 lib/libmini.a(console.o)
                0x000000000000d4e8                cons_init
 .text.cons_rb_flush
                0x000000000000d528       0x58 lib/libmini.a(console.o)
                0x000000000000d528                cons_rb_flush
 .text.cons_rb_append
                0x000000000000d580       0xe0 lib/libmini.a(console.o)
                0x000000000000d580                cons_rb_append
 .text.cons_puts
                0x000000000000d660       0x74 lib/libmini.a(console.o)
                0x000000000000d660                cons_puts
 .text.do_global_ctors
                0x000000000000d6d4       0x2c lib/libmini.a(ctors.o)
                0x000000000000d6d4                do_global_ctors
 .text.delay_us
                0x000000000000d700       0x38 lib/libmini.a(delay.o)
                0x000000000000d700                delay_us
 .text.delay_ms
                0x000000000000d738       0x40 lib/libmini.a(delay.o)
                0x000000000000d738                delay_ms
 .text          0x000000000000d778      0x130 lib/libmini.a(div64.o)
                0x000000000000d778                __do_div64
 .text          0x000000000000d8a8      0x3d4 lib/libmini.a(lib1funcs.o)
                0x000000000000d8a8                __udivsi3
                0x000000000000d8a8                __aeabi_uidiv
                0x000000000000d990                __umodsi3
                0x000000000000da4c                __aeabi_idiv
                0x000000000000da4c                __divsi3
                0x000000000000db64                __modsi3
                0x000000000000dc38                __aeabi_uidivmod
                0x000000000000dc50                __aeabi_idivmod
                0x000000000000dc78                __div0
 .text          0x000000000000dc7c      0x29c lib/libmini.a(memcpy.o)
                0x000000000000dc7c                memcpy
 *fill*         0x000000000000df18        0x8 00
 .text          0x000000000000df20       0xc0 lib/libmini.a(memset.o)
                0x000000000000df40                memset
 .text.sercomm_sendmsg
                0x000000000000dfe0       0x8c comm/libcomm.a(sercomm.o)
                0x000000000000dfe0                sercomm_sendmsg
 .text.sercomm_alloc_msgb.clone.2
                0x000000000000e06c       0x38 comm/libcomm.a(sercomm.o)
 .text.sercomm_bind_uart
                0x000000000000e0a4       0x10 comm/libcomm.a(sercomm.o)
                0x000000000000e0a4                sercomm_bind_uart
 .text.sercomm_get_uart
                0x000000000000e0b4       0x10 comm/libcomm.a(sercomm.o)
                0x000000000000e0b4                sercomm_get_uart
 .text.sercomm_initialized
                0x000000000000e0c4       0x10 comm/libcomm.a(sercomm.o)
                0x000000000000e0c4                sercomm_initialized
 .text.sercomm_tx_queue_depth
                0x000000000000e0d4       0x34 comm/libcomm.a(sercomm.o)
                0x000000000000e0d4                sercomm_tx_queue_depth
 .text.sercomm_drv_pull
                0x000000000000e108      0x118 comm/libcomm.a(sercomm.o)
                0x000000000000e108                sercomm_drv_pull
 .text.sercomm_register_rx_cb
                0x000000000000e220       0x34 comm/libcomm.a(sercomm.o)
                0x000000000000e220                sercomm_register_rx_cb
 .text.sercomm_init
                0x000000000000e254       0x50 comm/libcomm.a(sercomm.o)
                0x000000000000e254                sercomm_init
 .text.sercomm_drv_rx_char
                0x000000000000e2a4      0x1a8 comm/libcomm.a(sercomm.o)
                0x000000000000e2a4                sercomm_drv_rx_char
 .text.raw_puts
                0x000000000000e44c       0x38 comm/libcomm.a(sercomm_cons.o)
 .text.sercomm_puts
                0x000000000000e484      0x178 comm/libcomm.a(sercomm_cons.o)
                0x000000000000e484                sercomm_puts
 .text.sercomm_putchar
                0x000000000000e5fc       0x28 comm/libcomm.a(sercomm_cons.o)
                0x000000000000e5fc                sercomm_putchar
 .text.osmo_timer_del
                0x000000000000e624       0x48 comm/libcomm.a(timer.o)
                0x000000000000e624                osmo_timer_del
 .text.osmo_timers_update
                0x000000000000e66c       0xdc comm/libcomm.a(timer.o)
                0x000000000000e66c                osmo_timers_update
 .text.msgb_alloc
                0x000000000000e748       0x5c ../../shared/libosmocore/build-target/src/.libs/libosmocore.a(msgb.o)
                0x000000000000e748                msgb_alloc
 .text.msgb_free
                0x000000000000e7a4        0x4 ../../shared/libosmocore/build-target/src/.libs/libosmocore.a(msgb.o)
                0x000000000000e7a4                msgb_free
 .text.msgb_enqueue
                0x000000000000e7a8       0x18 ../../shared/libosmocore/build-target/src/.libs/libosmocore.a(msgb.o)
                0x000000000000e7a8                msgb_enqueue
 .text.msgb_dequeue
                0x000000000000e7c0       0x40 ../../shared/libosmocore/build-target/src/.libs/libosmocore.a(msgb.o)
                0x000000000000e7c0                msgb_dequeue
 .text.osmo_panic
                0x000000000000e800       0x4c ../../shared/libosmocore/build-target/src/.libs/libosmocore.a(panic.o)
                0x000000000000e800                osmo_panic
 .text.ms_pwr_ctl_lvl
                0x000000000000e84c       0xe0 ../../shared/libosmocore/build-target/src/gsm/.libs/libosmogsm.a(gsm_utils.o)
                0x000000000000e84c                ms_pwr_ctl_lvl
 .text.ms_pwr_dbm
                0x000000000000e92c       0xd0 ../../shared/libosmocore/build-target/src/gsm/.libs/libosmogsm.a(gsm_utils.o)
                0x000000000000e92c                ms_pwr_dbm
 .text.rxlev2dbm
                0x000000000000e9fc       0x14 ../../shared/libosmocore/build-target/src/gsm/.libs/libosmogsm.a(gsm_utils.o)
                0x000000000000e9fc                rxlev2dbm
 .text.dbm2rxlev
                0x000000000000ea10       0x18 ../../shared/libosmocore/build-target/src/gsm/.libs/libosmogsm.a(gsm_utils.o)
                0x000000000000ea10                dbm2rxlev
 .text.gsm_arfcn2band
                0x000000000000ea28       0xd8 ../../shared/libosmocore/build-target/src/gsm/.libs/libosmogsm.a(gsm_utils.o)
                0x000000000000ea28                gsm_arfcn2band
 .text.gsm_arfcn2freq10
                0x000000000000eb00      0x168 ../../shared/libosmocore/build-target/src/gsm/.libs/libosmogsm.a(gsm_utils.o)
                0x000000000000eb00                gsm_arfcn2freq10
 .text.gsm_fn2gsmtime
                0x000000000000ec68       0x5c ../../shared/libosmocore/build-target/src/gsm/.libs/libosmogsm.a(gsm_utils.o)
                0x000000000000ec68                gsm_fn2gsmtime
 .text.gsm_gsmtime2fn
                0x000000000000ecc4       0x38 ../../shared/libosmocore/build-target/src/gsm/.libs/libosmogsm.a(gsm_utils.o)
                0x000000000000ecc4                gsm_gsmtime2fn
 .text.rsl_dec_chan_nr
                0x000000000000ecfc       0xac ../../shared/libosmocore/build-target/src/gsm/.libs/libosmogsm.a(rsl.o)
                0x000000000000ecfc                rsl_dec_chan_nr
 .text.gsm48_decode_freq_list
                0x000000000000eda8     0x29b8 ../../shared/libosmocore/build-target/src/gsm/.libs/libosmogsm.a(gsm48_ie.o)
                0x000000000000eda8                gsm48_decode_freq_list
 .text.dsp_bl_wait_ready
                0x0000000000011760       0x18 calypso/libcalypso.a(dsp.o)
 .text.dsp_upload_sections_api
                0x0000000000011778       0x88 calypso/libcalypso.a(dsp.o)
 .text.dsp_pre_boot
                0x0000000000011800       0x84 calypso/libcalypso.a(dsp.o)
 .text.dsp_dump_version
                0x0000000000011884       0x40 calypso/libcalypso.a(dsp.o)
                0x0000000000011884                dsp_dump_version
 .text.dsp_api_memset
                0x00000000000118c4       0x2c calypso/libcalypso.a(dsp.o)
                0x00000000000118c4                dsp_api_memset
 .text.dsp_memcpy_to_api
                0x00000000000118f0       0x8c calypso/libcalypso.a(dsp.o)
                0x00000000000118f0                dsp_memcpy_to_api
 .text.dsp_memcpy_from_api
                0x000000000001197c       0x94 calypso/libcalypso.a(dsp.o)
                0x000000000001197c                dsp_memcpy_from_api
 .text.dsp_power_on
                0x0000000000011a10      0x418 calypso/libcalypso.a(dsp.o)
                0x0000000000011a10                dsp_power_on
 .text.dsp_end_scenario
                0x0000000000011e28       0x38 calypso/libcalypso.a(dsp.o)
                0x0000000000011e28                dsp_end_scenario
 .text.dsp_load_rx_task
                0x0000000000011e60       0x2c calypso/libcalypso.a(dsp.o)
                0x0000000000011e60                dsp_load_rx_task
 .text.dsp_load_tx_task
                0x0000000000011e8c       0x2c calypso/libcalypso.a(dsp.o)
                0x0000000000011e8c                dsp_load_tx_task
 .text.dsp_load_tch_param
                0x0000000000011eb8       0xd0 calypso/libcalypso.a(dsp.o)
                0x0000000000011eb8                dsp_load_tch_param
 .text.dsp_load_ciph_param
                0x0000000000011f88       0x80 calypso/libcalypso.a(dsp.o)
                0x0000000000011f88                dsp_load_ciph_param
 .text.sim_apdu
                0x0000000000012008       0x48 calypso/libcalypso.a(sim.o)
                0x0000000000012008                sim_apdu
 .text.hwtimer_enable
                0x0000000000012050       0x68 calypso/libcalypso.a(timer.o)
                0x0000000000012050                hwtimer_enable
 .text.hwtimer_config
                0x00000000000120b8       0x34 calypso/libcalypso.a(timer.o)
                0x00000000000120b8                hwtimer_config
 .text.hwtimer_load
                0x00000000000120ec       0x28 calypso/libcalypso.a(timer.o)
                0x00000000000120ec                hwtimer_load
 .text.hwtimer_read
                0x0000000000012114       0x54 calypso/libcalypso.a(timer.o)
                0x0000000000012114                hwtimer_read
 .text._talloc_zero
                0x0000000000012168       0xa0 comm/libcomm.a(msgb.o)
                0x0000000000012168                _talloc_zero
 .text.talloc_free
                0x0000000000012208        0xc comm/libcomm.a(msgb.o)
                0x0000000000012208                talloc_free
 *(.glue_7t)
 .glue_7t       0x0000000000000000        0x0 linker stubs
 *(.glue_7)
 .glue_7        0x0000000000000000        0x0 linker stubs
 *(.vfp11_veneer)
 .vfp11_veneer  0x0000000000000000        0x0 linker stubs
 *(.v4_bx)
 .v4_bx         0x0000000000000000        0x0 linker stubs
                0x00000000000021e0                PROVIDE (_text_start, ADDR (.text))
                0x0000000000012214                PROVIDE (_text_end, (ADDR (.text) + SIZEOF (.text)))

.ctors          0x0000000000012214       0x18
                0x0000000000012214        0x4 LONG 0x4 ((SIZEOF (.ctors) / 0x4) - 0x2)
 *(SORT(.ctors))
 .ctors         0x0000000000012218        0x4 layer1/liblayer1.a(prim_rach.o)
 .ctors         0x000000000001221c        0x4 layer1/liblayer1.a(prim_tx_nb.o)
 .ctors         0x0000000000012220        0x4 layer1/liblayer1.a(prim_fbsb.o)
 .ctors         0x0000000000012224        0x4 layer1/liblayer1.a(prim_tch.o)
                0x0000000000012228        0x4 LONG 0x0
                0x0000000000012214                PROVIDE (_ctor_start, LOADADDR (.ctors))
                0x000000000001222c                PROVIDE (_ctor_end, (LOADADDR (.ctors) + SIZEOF (.ctors)))

.dtors          0x000000000001222c        0x8
                0x000000000001222c        0x4 LONG 0x0 ((SIZEOF (.dtors) / 0x4) - 0x2)
 *(SORT(.dtors))
                0x0000000000012230        0x4 LONG 0x0
                0x000000000001222c                PROVIDE (_dtor_start, LOADADDR (.dtors))
                0x0000000000012234                PROVIDE (_dtor_end, (LOADADDR (.dtors) + SIZEOF (.dtors)))

.rodata         0x0000000000012234     0x338f
 *(.rodata*)
 .rodata.str1.1
                0x0000000000012234      0x2c2 apps/rssi/main.o
                                        0x2dd (size before relaxing)
 *fill*         0x00000000000124f6        0x2 00
 .rodata        0x00000000000124f8       0x20 abb/twl3025.o
                0x00000000000124f8                twl3025_default_ramp
 .rodata.str1.1
                0x0000000000012518       0x58 abb/twl3025.o
 .rodata.str1.1
                0x0000000000012570       0x19 rf/trf6151.o
 .rodata        0x0000000000012589        0x1 board/compal/rffe_dualband.o
                0x0000000000012589                system_inherent_gain
 *fill*         0x000000000001258a        0x2 00
 .rodata        0x000000000001258c       0x44 board/compal/rf_power.o
                0x000000000001258c                dbm2apc_gsm900
                0x00000000000125cc                dbm2apc_gsm900_max
 .rodata.str1.1
                0x00000000000125d0       0x1b board/compal_e88/init.o
 *fill*         0x00000000000125eb        0x1 00
 .rodata        0x00000000000125ec      0x4bc fb/helvR08.o
                0x00000000000125ec                font_helvR08
 .rodata        0x0000000000012aa8      0x70c fb/helvB14.o
                0x0000000000012aa8                font_helvB14
 .rodata        0x00000000000131b4      0x5b0 fb/c64.o
                0x00000000000131b4                font_c64
 .rodata        0x0000000000013764       0x9c fb/symbols.o
                0x0000000000013764                font_symbols
 .rodata        0x0000000000013800        0xc fb/fb_st7558.o
 .rodata.str1.1
                0x000000000001380c       0x40 calypso/libcalypso.a(clock.o)
 .rodata        0x000000000001384c       0x18 calypso/libcalypso.a(irq.o)
 .rodata.str1.1
                0x0000000000013864       0x72 calypso/libcalypso.a(tpu.o)
 .rodata.str1.1
                0x00000000000138d6       0xf9 calypso/libcalypso.a(misc.o)
                                         0xfc (size before relaxing)
 *fill*         0x00000000000139cf        0x1 00
 .rodata        0x00000000000139d0       0x18 calypso/libcalypso.a(uart.o)
 .rodata.str1.1
                0x00000000000139e8       0x61 calypso/libcalypso.a(uart.o)
 .rodata.str1.1
                0x0000000000013a49       0x88 layer1/liblayer1.a(sync.o)
 .rodata.str1.1
                0x0000000000013ad1       0x5e layer1/liblayer1.a(tdma_sched.o)
 *fill*         0x0000000000013b2f        0x1 00
 .rodata        0x0000000000013b30        0xc layer1/liblayer1.a(tpu_window.o)
 .rodata        0x0000000000013b3c        0xc layer1/liblayer1.a(l23_api.o)
 .rodata.str1.1
                0x0000000000013b48      0x3d5 layer1/liblayer1.a(l23_api.o)
                                        0x410 (size before relaxing)
 *fill*         0x0000000000013f1d        0x3 00
 .rodata        0x0000000000013f20      0x7d0 layer1/liblayer1.a(mframe_sched.o)
 .rodata        0x00000000000146f0       0x74 layer1/liblayer1.a(rfch.o)
 .rodata        0x0000000000014764       0x90 layer1/liblayer1.a(prim_pm.o)
                0x00000000000147ac                neigh_pm_sched_set
 .rodata.str1.1
                0x00000000000147f4       0x39 layer1/liblayer1.a(prim_pm.o)
                                         0x6c (size before relaxing)
 *fill*         0x000000000001482d        0x3 00
 .rodata        0x0000000000014830       0x98 layer1/liblayer1.a(prim_rach.o)
                0x0000000000014880                rach_sched_set_ul
 .rodata        0x00000000000148c8       0xb4 layer1/liblayer1.a(prim_tx_nb.o)
                0x00000000000148c8                nb_sched_set_ul
 .rodata        0x000000000001497c       0xb4 layer1/liblayer1.a(prim_rx_nb.o)
                0x000000000001497c                nb_sched_set
 .rodata.str1.1
                0x0000000000014a30       0x5a layer1/liblayer1.a(prim_rx_nb.o)
                                         0x8d (size before relaxing)
 *fill*         0x0000000000014a8a        0x2 00
 .rodata        0x0000000000014a8c      0x1c8 layer1/liblayer1.a(prim_fbsb.o)
 .rodata.str1.1
                0x0000000000014c54      0x17e layer1/liblayer1.a(prim_fbsb.o)
                                        0x1bc (size before relaxing)
 *fill*         0x0000000000014dd2        0x2 00
 .rodata        0x0000000000014dd4       0x18 layer1/liblayer1.a(prim_freq.o)
                0x0000000000014dd4                freq_sched_set
 .rodata.str1.1
                0x0000000000014dec       0x65 layer1/liblayer1.a(prim_freq.o)
 *fill*         0x0000000000014e51        0x3 00
 .rodata        0x0000000000014e54       0x18 layer1/liblayer1.a(prim_utils.o)
 .rodata        0x0000000000014e6c       0xd8 layer1/liblayer1.a(prim_tch.o)
                0x0000000000014e6c                tch_sched_set
                0x0000000000014eb4                tch_d_sched_set
                0x0000000000014efc                tch_a_sched_set
 .rodata.str1.1
                0x0000000000014f44       0x6e layer1/liblayer1.a(prim_tch.o)
                                         0xa1 (size before relaxing)
 *fill*         0x0000000000014fb2        0x2 00
 .rodata        0x0000000000014fb4      0x134 layer1/liblayer1.a(prim_bts.o)
                0x00000000000150a0                bts_sched_set
 .rodata.str1.1
                0x0000000000000000       0x33 layer1/liblayer1.a(prim_bts.o)
 .rodata        0x00000000000150e8       0x48 layer1/liblayer1.a(prim_bts_sync.o)
                0x00000000000150e8                bts_sync_sched_set
 .rodata.str1.1
                0x0000000000015130       0x3c layer1/liblayer1.a(prim_bts_sync.o)
                                         0xb8 (size before relaxing)
 .rodata.str1.1
                0x000000000001516c       0x2f layer1/liblayer1.a(toa.o)
 *fill*         0x000000000001519b        0x1 00
 .rodata        0x000000000001519c       0x50 lib/libmini.a(vsprintf.o)
 .rodata.str1.1
                0x00000000000151ec       0x3e comm/libcomm.a(sercomm.o)
                                         0x71 (size before relaxing)
 .rodata.str1.1
                0x0000000000000000       0x3e comm/libcomm.a(sercomm_cons.o)
 *fill*         0x000000000001522a        0x2 00
 .rodata        0x000000000001522c       0xb0 calypso/libcalypso.a(dsp.o)
 .rodata.str1.1
                0x00000000000152dc      0x1f1 calypso/libcalypso.a(dsp.o)
                                        0x1f8 (size before relaxing)
 .rodata.str1.1
                0x00000000000154cd       0xbe calypso/libcalypso.a(sim.o)
                                        0x124 (size before relaxing)
 .rodata.str1.1
                0x000000000001558b       0x1f calypso/libcalypso.a(timer.o)
 .rodata.str1.1
                0x00000000000155aa       0x19 comm/libcomm.a(msgb.o)
                0x0000000000012234                PROVIDE (_rodata_start, ADDR (.rodata))
                0x00000000000155c3                PROVIDE (_rodata_end, (ADDR (.rodata) + SIZEOF (.rodata)))

.rel.dyn        0x00000000000155c4        0x0
 .rel.got       0x0000000000000000        0x0 ../../shared/libosmocore/build-target/src/.libs/libosmocore.a(msgb.o)

.got            0x00000000000155c4       0x10
                0x00000000000155c4                . = ALIGN (0x4)
 *(.got)
 .got           0x00000000000155c4        0x4 ../../shared/libosmocore/build-target/src/.libs/libosmocore.a(msgb.o)
 *(.got.plt)
 .got.plt       0x00000000000155c8        0xc ../../shared/libosmocore/build-target/src/.libs/libosmocore.a(msgb.o)
                0x00000000000155c8                _GLOBAL_OFFSET_TABLE_
 *(.igot.plt)
 *(.got)
 *(.igot)
                0x00000000000155d4                . = ALIGN (0x4)
                0x00000000000155c4                PROVIDE (_got_start, ADDR (.got))
                0x00000000000155d4                PROVIDE (_got_end, (ADDR (.got) + SIZEOF (.got)))

.compal.reservedram
                0x0000000000800000       0xff
                0x00000000000000ff                . = 0xff
 *fill*         0x0000000000800000       0xff 00

.data           0x0000000000800100      0x9a0 load address 0x00000000000155d4
                0x0000000000800100                . = ALIGN (0x4)
 *(.data)
 .data          0x0000000000800100       0x74 apps/rssi/main.o
                0x0000000000800100                key_code
                0x0000000000800104                sync_msg
                0x0000000000800108                pm_scale
                0x000000000080016c                hr
                0x0000000000800170                pm_max
 .data          0x0000000000800174       0x1c rf/trf6151.o
                0x000000000080018c                rf_arfcn
 .data          0x0000000000800190       0x10 fb/font.o
                0x0000000000800190                fb_fonts
 .data          0x00000000008001a0       0x48 fb/fb_st7558.o
                0x00000000008001a0                fb_bw8
                0x00000000008001a4                framebuffer
 .data          0x00000000008001e8        0x4 calypso/libcalypso.a(tpu.o)
 .data          0x00000000008001ec        0x8 layer1/liblayer1.a(l23_api.o)
 .data          0x00000000008001f4       0x10 layer1/liblayer1.a(sched_gsmtime.o)
 .data          0x0000000000800204       0x18 layer1/liblayer1.a(prim_utils.o)
 .data          0x000000000080021c        0xc layer1/liblayer1.a(prim_bts.o)
                0x000000000080021c                dsp_ext_api
 .data          0x0000000000800228       0x18 layer1/liblayer1.a(afc.o)
 .data          0x0000000000800240       0x14 layer1/liblayer1.a(toa.o)
 .data          0x0000000000800254      0x100 lib/libmini.a(ctype.o)
                0x0000000000800254                _ctype
 .data          0x0000000000800354        0x8 comm/libcomm.a(timer.o)
 .data          0x000000000080035c      0x744 calypso/libcalypso.a(dsp.o)
                0x000000000080035c                dsp_api
                0x0000000000800aa0                . = ALIGN (0x4)
                0x00000000000155d4                PROVIDE (__data_start, LOADADDR (.data))
                0x0000000000015f74                PROVIDE (__data_end, (LOADADDR (.data) + SIZEOF (.data)))
                0x0000000000800100                PROVIDE (_data_start, ADDR (.data))
                0x0000000000800aa0                PROVIDE (_data_end, (ADDR (.data) + SIZEOF (.data)))

.ramtext        0x0000000000800aa0        0x0 load address 0x0000000000015f74
                0x0000000000800aa0                . = ALIGN (0x4)
 *(.ramtext)
                0x0000000000800aa0                . = ALIGN (0x4)
                0x0000000000015f74                PROVIDE (__ramtext_start, LOADADDR (.ramtext))
                0x0000000000015f74                PROVIDE (__ramtext_end, (LOADADDR (.ramtext) + SIZEOF (.ramtext)))
                0x0000000000800aa0                PROVIDE (_ramtext_start, ADDR (.ramtext))
                0x0000000000800aa0                PROVIDE (_ramtext_end, (ADDR (.ramtext) + SIZEOF (.ramtext)))

.bss            0x0000000000800aa0     0x6970 load address 0x0000000000015f74
                0x0000000000800aa0                . = ALIGN (0x4)
 *(.bss)
 .bss           0x0000000000800aa0       0x34 apps/rssi/main.o
                0x0000000000800aa0                rach
                0x0000000000800aa4                key_pressed
                0x0000000000800aa8                mode
                0x0000000000800aac                uplink
                0x0000000000800ab0                max
                0x0000000000800ab4                pcs
                0x0000000000800abc                tone
                0x0000000000800ac0                pm_count
                0x0000000000800ac4                pm_mode
                0x0000000000800ac8                sync_result
                0x0000000000800acc                si_new
                0x0000000000800ad0                tone_on
 .bss           0x0000000000800ad4        0x4 abb/twl3025.o
 .bss           0x0000000000800ad8        0x4 rf/trf6151.o
 .bss           0x0000000000800adc      0x360 fb/fb_st7558.o
 .bss           0x0000000000800e3c       0x80 calypso/libcalypso.a(irq.o)
 .bss           0x0000000000800ebc        0x2 calypso/libcalypso.a(tsp.o)
 *fill*         0x0000000000800ebe        0x2 00
 .bss           0x0000000000800ec0       0x28 calypso/libcalypso.a(keypad.o)
                0x0000000000800ecc                lastbuttons
                0x0000000000800ed0                power_hold
 .bss           0x0000000000800ee8        0x1 calypso/libcalypso.a(uart.o)
 *fill*         0x0000000000800ee9        0x3 00
 .bss           0x0000000000800eec        0x8 layer1/liblayer1.a(sync.o)
 .bss           0x0000000000800ef4        0x4 layer1/liblayer1.a(l23_api.o)
                0x0000000000800ef4                l1a_l23_tx_cb
 .bss           0x0000000000800ef8      0x140 layer1/liblayer1.a(sched_gsmtime.o)
 .bss           0x0000000000801038        0x4 layer1/liblayer1.a(prim_tx_nb.o)
 .bss           0x000000000080103c       0x2c layer1/liblayer1.a(prim_rx_nb.o)
 .bss           0x0000000000801068       0x34 layer1/liblayer1.a(prim_fbsb.o)
 .bss           0x000000000080109c       0x78 layer1/liblayer1.a(prim_tch.o)
 .bss           0x0000000000801114      0x74c layer1/liblayer1.a(prim_bts.o)
 .bss           0x0000000000801860       0x2c layer1/liblayer1.a(prim_bts_sync.o)
 .bss           0x000000000080188c      0x400 lib/libmini.a(printf.o)
 .bss           0x0000000000801c8c     0x1010 lib/libmini.a(console.o)
 .bss           0x0000000000802c9c      0x62c comm/libcomm.a(sercomm.o)
 .bss           0x00000000008032c8        0x4 comm/libcomm.a(sercomm_cons.o)
 .bss           0x00000000008032cc        0x4 ../../shared/libosmocore/build-target/src/.libs/libosmocore.a(panic.o)
 .bss           0x00000000008032d0      0x138 calypso/libcalypso.a(sim.o)
 .bss           0x0000000000803408     0x2980 comm/libcomm.a(msgb.o)
                0x0000000000805d88                . = ALIGN (0x4)
 COMMON         0x0000000000805d88      0x91c apps/rssi/main.o
                0x0000000000805d88                si_2
                0x0000000000805da0                band
                0x0000000000805da4                assign
                0x0000000000805da8                cell_id
                0x0000000000805dac                si_2ter
                0x0000000000805dc4                pm_meas
                0x0000000000805dec                power
                0x0000000000805df0                tone_time
                0x0000000000805df4                mcc
                0x0000000000805df8                freq
                0x00000000008061f8                nb_num
                0x00000000008061fc                input
                0x0000000000806204                rach_when
                0x0000000000806208                si_4
                0x0000000000806220                ccch_conf
                0x0000000000806224                key_pressed_when
                0x0000000000806228                si_3
                0x0000000000806240                pm_spectrum
                0x0000000000806640                lac
                0x0000000000806644                cursor
                0x0000000000806648                si_2bis
                0x0000000000806660                key_pressed_code
                0x0000000000806664                ul_max
                0x000000000080666c                si_1
                0x0000000000806684                rach_ref
                0x0000000000806688                last_mode
                0x000000000080668c                ta
                0x0000000000806690                ul_levels
                0x0000000000806698                bsic
                0x000000000080669a                mnc
                0x000000000080669c                key_pressed_delay
                0x00000000008066a0                rach_ra
                0x00000000008066a1                max_power
                0x00000000008066a2                ul_new
 COMMON         0x00000000008066a4       0x24 battery/compal_e88.o
                0x00000000008066a4                battery_info
                0x00000000008066b8                bat_compal_e88_madc
 COMMON         0x00000000008066c8      0xd38 layer1/liblayer1.a(sync.o)
                0x00000000008066c8                l1s
 COMMON         0x0000000000807400        0x8 layer1/liblayer1.a(prim_rach.o)
                0x0000000000807400                last_rach
 COMMON         0x0000000000807408        0x4 comm/libcomm.a(timer.o)
                0x0000000000807408                jiffies
 COMMON         0x000000000080740c        0x4 ../../shared/libosmocore/build-target/src/.libs/libosmocore.a(msgb.o)
                0x000000000080740c                tall_msgb_ctx
                0x0000000000800aa0                PROVIDE (__bss_start, ADDR (.bss))
                0x0000000000807410                PROVIDE (__bss_end, (ADDR (.bss) + SIZEOF (.bss)))
                0x0000000000800aa0                PROVIDE (_bss_start, __bss_start)
                0x0000000000807410                PROVIDE (_bss_end, __bss_end)
                0x0000000000807410                . = ALIGN (0x4)
                0x0000000000807410                _end = .
                0x0000000000807410                PROVIDE (end, .)
START GROUP
LOAD apps/rssi/main.o
LOAD abb/twl3025.o
LOAD rf/trf6151.o
LOAD flash/cfi_flash.o
LOAD board/common/calypso_uart.o
LOAD board/common/calypso_pwl.o
LOAD board/compal/rffe_dualband.o
LOAD board/compal/rf_power.o
LOAD board/compal_e88/init.o
LOAD battery/compal_e88.o
LOAD fb/framebuffer.o
LOAD fb/font.o
LOAD fb/helvR08.o
LOAD fb/helvB14.o
LOAD fb/c64.o
LOAD fb/symbols.o
LOAD fb/fb_bw8.o
LOAD fb/fb_st7558.o
LOAD board/compal/start.rom.o
LOAD board/compal/header.o
LOAD board/compal/exceptions_redirect.o
LOAD board/compal_e88/rssi.e88loader.manifest.o
LOAD calypso/libcalypso.a
LOAD layer1/liblayer1.a
LOAD lib/libmini.a
LOAD comm/libcomm.a
LOAD ../../shared/libosmocore/build-target/src/.libs/libosmocore.a
LOAD ../../shared/libosmocore/build-target/src/gsm/.libs/libosmogsm.a
END GROUP
OUTPUT(board/compal_e88/rssi.e88loader.elf elf32-littlearm)

.debug_abbrev   0x0000000000000000     0x7ce1
 .debug_abbrev  0x0000000000000000      0x58b apps/rssi/main.o
 .debug_abbrev  0x000000000000058b      0x2b1 abb/twl3025.o
 .debug_abbrev  0x000000000000083c      0x2df rf/trf6151.o
 .debug_abbrev  0x0000000000000b1b      0x324 flash/cfi_flash.o
 .debug_abbrev  0x0000000000000e3f      0x121 board/compal/rffe_dualband.o
 .debug_abbrev  0x0000000000000f60       0x72 board/compal/rf_power.o
 .debug_abbrev  0x0000000000000fd2      0x13b board/compal_e88/init.o
 .debug_abbrev  0x000000000000110d      0x252 battery/compal_e88.o
 .debug_abbrev  0x000000000000135f       0xc0 fb/framebuffer.o
 .debug_abbrev  0x000000000000141f       0xd9 fb/font.o
 .debug_abbrev  0x00000000000014f8       0xaf fb/helvR08.o
 .debug_abbrev  0x00000000000015a7       0xaf fb/helvB14.o
 .debug_abbrev  0x0000000000001656       0xaf fb/c64.o
 .debug_abbrev  0x0000000000001705       0x97 fb/symbols.o
 .debug_abbrev  0x000000000000179c      0x2dc fb/fb_bw8.o
 .debug_abbrev  0x0000000000001a78      0x152 fb/fb_st7558.o
 .debug_abbrev  0x0000000000001bca       0x40 board/compal_e88/rssi.e88loader.manifest.o
 .debug_abbrev  0x0000000000001c0a       0xaa calypso/libcalypso.a(buzzer.o)
 .debug_abbrev  0x0000000000001cb4      0x154 calypso/libcalypso.a(clock.o)
 .debug_abbrev  0x0000000000001e08       0xfb calypso/libcalypso.a(i2c.o)
 .debug_abbrev  0x0000000000001f03      0x198 calypso/libcalypso.a(irq.o)
 .debug_abbrev  0x000000000000209b       0xd0 calypso/libcalypso.a(spi.o)
 .debug_abbrev  0x000000000000216b      0x27c calypso/libcalypso.a(tpu.o)
 .debug_abbrev  0x00000000000023e7      0x127 calypso/libcalypso.a(tsp.o)
 .debug_abbrev  0x000000000000250e      0x164 calypso/libcalypso.a(keypad.o)
 .debug_abbrev  0x0000000000002672       0xaa calypso/libcalypso.a(misc.o)
 .debug_abbrev  0x000000000000271c      0x1f6 calypso/libcalypso.a(uart.o)
 .debug_abbrev  0x0000000000002912       0x78 calypso/libcalypso.a(arm.o)
 .debug_abbrev  0x000000000000298a      0x383 layer1/liblayer1.a(sync.o)
 .debug_abbrev  0x0000000000002d0d      0x2c6 layer1/liblayer1.a(tdma_sched.o)
 .debug_abbrev  0x0000000000002fd3      0x273 layer1/liblayer1.a(tpu_window.o)
 .debug_abbrev  0x0000000000003246       0xa2 layer1/liblayer1.a(init.o)
 .debug_abbrev  0x00000000000032e8      0x4ca layer1/liblayer1.a(l23_api.o)
 .debug_abbrev  0x00000000000037b2      0x271 layer1/liblayer1.a(mframe_sched.o)
 .debug_abbrev  0x0000000000003a23      0x1c5 layer1/liblayer1.a(sched_gsmtime.o)
 .debug_abbrev  0x0000000000003be8      0x240 layer1/liblayer1.a(async.o)
 .debug_abbrev  0x0000000000003e28      0x206 layer1/liblayer1.a(rfch.o)
 .debug_abbrev  0x000000000000402e       0xd6 layer1/liblayer1.a(apc.o)
 .debug_abbrev  0x0000000000004104       0x9d layer1/liblayer1.a(trx_dummy.o)
 .debug_abbrev  0x00000000000041a1      0x332 layer1/liblayer1.a(prim_pm.o)
 .debug_abbrev  0x00000000000044d3      0x2c5 layer1/liblayer1.a(prim_rach.o)
 .debug_abbrev  0x0000000000004798      0x2dc layer1/liblayer1.a(prim_tx_nb.o)
 .debug_abbrev  0x0000000000004a74      0x2cb layer1/liblayer1.a(prim_rx_nb.o)
 .debug_abbrev  0x0000000000004d3f      0x3f2 layer1/liblayer1.a(prim_fbsb.o)
 .debug_abbrev  0x0000000000005131      0x1dc layer1/liblayer1.a(prim_freq.o)
 .debug_abbrev  0x000000000000530d      0x195 layer1/liblayer1.a(prim_utils.o)
 .debug_abbrev  0x00000000000054a2      0x42b layer1/liblayer1.a(prim_tch.o)
 .debug_abbrev  0x00000000000058cd      0x3af layer1/liblayer1.a(prim_bts.o)
 .debug_abbrev  0x0000000000005c7c      0x319 layer1/liblayer1.a(prim_bts_sync.o)
 .debug_abbrev  0x0000000000005f95       0xbf layer1/liblayer1.a(agc.o)
 .debug_abbrev  0x0000000000006054      0x1b3 layer1/liblayer1.a(afc.o)
 .debug_abbrev  0x0000000000006207      0x1b8 layer1/liblayer1.a(toa.o)
 .debug_abbrev  0x00000000000063bf       0xea layer1/liblayer1.a(avg.o)
 .debug_abbrev  0x00000000000064a9      0x213 lib/libmini.a(vsprintf.o)
 .debug_abbrev  0x00000000000066bc       0xae lib/libmini.a(string.o)
 .debug_abbrev  0x000000000000676a       0x53 lib/libmini.a(ctype.o)
 .debug_abbrev  0x00000000000067bd       0xaf lib/libmini.a(printf.o)
 .debug_abbrev  0x000000000000686c      0x20b lib/libmini.a(console.o)
 .debug_abbrev  0x0000000000006a77       0x7a lib/libmini.a(ctors.o)
 .debug_abbrev  0x0000000000006af1       0x81 lib/libmini.a(delay.o)
 .debug_abbrev  0x0000000000006b72      0x350 comm/libcomm.a(sercomm.o)
 .debug_abbrev  0x0000000000006ec2      0x24e comm/libcomm.a(sercomm_cons.o)
 .debug_abbrev  0x0000000000007110      0x237 comm/libcomm.a(timer.o)
 .debug_abbrev  0x0000000000007347      0x422 calypso/libcalypso.a(dsp.o)
 .debug_abbrev  0x0000000000007769      0x2e4 calypso/libcalypso.a(sim.o)
 .debug_abbrev  0x0000000000007a4d      0x10b calypso/libcalypso.a(timer.o)
 .debug_abbrev  0x0000000000007b58      0x189 comm/libcomm.a(msgb.o)

.debug_info     0x0000000000000000    0x2c943
 .debug_info    0x0000000000000000     0x356f apps/rssi/main.o
 .debug_info    0x000000000000356f      0x784 abb/twl3025.o
 .debug_info    0x0000000000003cf3      0xa18 rf/trf6151.o
 .debug_info    0x000000000000470b      0xa9e flash/cfi_flash.o
 .debug_info    0x00000000000051a9      0x2ab board/compal/rffe_dualband.o
 .debug_info    0x0000000000005454       0xce board/compal/rf_power.o
 .debug_info    0x0000000000005522      0x379 board/compal_e88/init.o
 .debug_info    0x000000000000589b      0x6ef battery/compal_e88.o
 .debug_info    0x0000000000005f8a      0x1f4 fb/framebuffer.o
 .debug_info    0x000000000000617e      0x275 fb/font.o
 .debug_info    0x00000000000063f3      0x17f fb/helvR08.o
 .debug_info    0x0000000000006572      0x17f fb/helvB14.o
 .debug_info    0x00000000000066f1      0x17f fb/c64.o
 .debug_info    0x0000000000006870      0x17c fb/symbols.o
 .debug_info    0x00000000000069ec      0xac4 fb/fb_bw8.o
 .debug_info    0x00000000000074b0      0x39f fb/fb_st7558.o
 .debug_info    0x000000000000784f       0x80 board/compal_e88/rssi.e88loader.manifest.o
 .debug_info    0x00000000000078cf      0x127 calypso/libcalypso.a(buzzer.o)
 .debug_info    0x00000000000079f6      0x44d calypso/libcalypso.a(clock.o)
 .debug_info    0x0000000000007e43      0x1b9 calypso/libcalypso.a(i2c.o)
 .debug_info    0x0000000000007ffc      0x480 calypso/libcalypso.a(irq.o)
 .debug_info    0x000000000000847c      0x188 calypso/libcalypso.a(spi.o)
 .debug_info    0x0000000000008604      0x57d calypso/libcalypso.a(tpu.o)
 .debug_info    0x0000000000008b81      0x35d calypso/libcalypso.a(tsp.o)
 .debug_info    0x0000000000008ede      0x461 calypso/libcalypso.a(keypad.o)
 .debug_info    0x000000000000933f      0x11c calypso/libcalypso.a(misc.o)
 .debug_info    0x000000000000945b      0x719 calypso/libcalypso.a(uart.o)
 .debug_info    0x0000000000009b74       0x91 calypso/libcalypso.a(arm.o)
 .debug_info    0x0000000000009c05     0x21f4 layer1/liblayer1.a(sync.o)
 .debug_info    0x000000000000bdf9      0xcba layer1/liblayer1.a(tdma_sched.o)
 .debug_info    0x000000000000cab3      0xcd4 layer1/liblayer1.a(tpu_window.o)
 .debug_info    0x000000000000d787      0x27b layer1/liblayer1.a(init.o)
 .debug_info    0x000000000000da02     0x2419 layer1/liblayer1.a(l23_api.o)
 .debug_info    0x000000000000fe1b      0xf19 layer1/liblayer1.a(mframe_sched.o)
 .debug_info    0x0000000000010d34      0x75d layer1/liblayer1.a(sched_gsmtime.o)
 .debug_info    0x0000000000011491      0xc9d layer1/liblayer1.a(async.o)
 .debug_info    0x000000000001212e      0x9b9 layer1/liblayer1.a(rfch.o)
 .debug_info    0x0000000000012ae7      0x1ab layer1/liblayer1.a(apc.o)
 .debug_info    0x0000000000012c92      0x135 layer1/liblayer1.a(trx_dummy.o)
 .debug_info    0x0000000000012dc7     0x2122 layer1/liblayer1.a(prim_pm.o)
 .debug_info    0x0000000000014ee9     0x1e8b layer1/liblayer1.a(prim_rach.o)
 .debug_info    0x0000000000016d74     0x1e1d layer1/liblayer1.a(prim_tx_nb.o)
 .debug_info    0x0000000000018b91     0x2104 layer1/liblayer1.a(prim_rx_nb.o)
 .debug_info    0x000000000001ac95     0x2556 layer1/liblayer1.a(prim_fbsb.o)
 .debug_info    0x000000000001d1eb      0xa1c layer1/liblayer1.a(prim_freq.o)
 .debug_info    0x000000000001dc07      0x9a8 layer1/liblayer1.a(prim_utils.o)
 .debug_info    0x000000000001e5af     0x28c9 layer1/liblayer1.a(prim_tch.o)
 .debug_info    0x0000000000020e78     0x23f5 layer1/liblayer1.a(prim_bts.o)
 .debug_info    0x000000000002326d     0x21cc layer1/liblayer1.a(prim_bts_sync.o)
 .debug_info    0x0000000000025439      0x12c layer1/liblayer1.a(agc.o)
 .debug_info    0x0000000000025565     0x147b layer1/liblayer1.a(afc.o)
 .debug_info    0x00000000000269e0      0x938 layer1/liblayer1.a(toa.o)
 .debug_info    0x0000000000027318      0x198 layer1/liblayer1.a(avg.o)
 .debug_info    0x00000000000274b0      0x9fa lib/libmini.a(vsprintf.o)
 .debug_info    0x0000000000027eaa      0x131 lib/libmini.a(string.o)
 .debug_info    0x0000000000027fdb       0x63 lib/libmini.a(ctype.o)
 .debug_info    0x000000000002803e      0x109 lib/libmini.a(printf.o)
 .debug_info    0x0000000000028147      0x3a5 lib/libmini.a(console.o)
 .debug_info    0x00000000000284ec       0xab lib/libmini.a(ctors.o)
 .debug_info    0x0000000000028597       0x9a lib/libmini.a(delay.o)
 .debug_info    0x0000000000028631      0x949 comm/libcomm.a(sercomm.o)
 .debug_info    0x0000000000028f7a      0x589 comm/libcomm.a(sercomm_cons.o)
 .debug_info    0x0000000000029503      0x5ca comm/libcomm.a(timer.o)
 .debug_info    0x0000000000029acd     0x1ced calypso/libcalypso.a(dsp.o)
 .debug_info    0x000000000002b7ba      0xb3e calypso/libcalypso.a(sim.o)
 .debug_info    0x000000000002c2f8      0x320 calypso/libcalypso.a(timer.o)
 .debug_info    0x000000000002c618      0x32b comm/libcomm.a(msgb.o)

.debug_line     0x0000000000000000     0x875b
 .debug_line    0x0000000000000000      0xd2e apps/rssi/main.o
 .debug_line    0x0000000000000d2e      0x2c4 abb/twl3025.o
 .debug_line    0x0000000000000ff2      0x370 rf/trf6151.o
 .debug_line    0x0000000000001362      0x1d8 flash/cfi_flash.o
 .debug_line    0x000000000000153a      0x19b board/compal/rffe_dualband.o
 .debug_line    0x00000000000016d5       0x8f board/compal/rf_power.o
 .debug_line    0x0000000000001764      0x13d board/compal_e88/init.o
 .debug_line    0x00000000000018a1      0x1e3 battery/compal_e88.o
 .debug_line    0x0000000000001a84       0x9a fb/framebuffer.o
 .debug_line    0x0000000000001b1e       0xb6 fb/font.o
 .debug_line    0x0000000000001bd4       0x99 fb/helvR08.o
 .debug_line    0x0000000000001c6d       0x99 fb/helvB14.o
 .debug_line    0x0000000000001d06       0x95 fb/c64.o
 .debug_line    0x0000000000001d9b       0x99 fb/symbols.o
 .debug_line    0x0000000000001e34      0x31b fb/fb_bw8.o
 .debug_line    0x000000000000214f      0x142 fb/fb_st7558.o
 .debug_line    0x0000000000002291       0x31 board/compal_e88/rssi.e88loader.manifest.o
 .debug_line    0x00000000000022c2       0xd8 calypso/libcalypso.a(buzzer.o)
 .debug_line    0x000000000000239a      0x19d calypso/libcalypso.a(clock.o)
 .debug_line    0x0000000000002537       0xc8 calypso/libcalypso.a(i2c.o)
 .debug_line    0x00000000000025ff      0x18b calypso/libcalypso.a(irq.o)
 .debug_line    0x000000000000278a       0xe1 calypso/libcalypso.a(spi.o)
 .debug_line    0x000000000000286b      0x275 calypso/libcalypso.a(tpu.o)
 .debug_line    0x0000000000002ae0      0x185 calypso/libcalypso.a(tsp.o)
 .debug_line    0x0000000000002c65      0x195 calypso/libcalypso.a(keypad.o)
 .debug_line    0x0000000000002dfa       0x8c calypso/libcalypso.a(misc.o)
 .debug_line    0x0000000000002e86      0x28c calypso/libcalypso.a(uart.o)
 .debug_line    0x0000000000003112       0x4f calypso/libcalypso.a(arm.o)
 .debug_line    0x0000000000003161      0x3a4 layer1/liblayer1.a(sync.o)
 .debug_line    0x0000000000003505      0x2e2 layer1/liblayer1.a(tdma_sched.o)
 .debug_line    0x00000000000037e7      0x2ea layer1/liblayer1.a(tpu_window.o)
 .debug_line    0x0000000000003ad1       0x97 layer1/liblayer1.a(init.o)
 .debug_line    0x0000000000003b68      0x628 layer1/liblayer1.a(l23_api.o)
 .debug_line    0x0000000000004190      0x225 layer1/liblayer1.a(mframe_sched.o)
 .debug_line    0x00000000000043b5      0x249 layer1/liblayer1.a(sched_gsmtime.o)
 .debug_line    0x00000000000045fe      0x283 layer1/liblayer1.a(async.o)
 .debug_line    0x0000000000004881      0x198 layer1/liblayer1.a(rfch.o)
 .debug_line    0x0000000000004a19       0xee layer1/liblayer1.a(apc.o)
 .debug_line    0x0000000000004b07       0xba layer1/liblayer1.a(trx_dummy.o)
 .debug_line    0x0000000000004bc1      0x2dd layer1/liblayer1.a(prim_pm.o)
 .debug_line    0x0000000000004e9e      0x24f layer1/liblayer1.a(prim_rach.o)
 .debug_line    0x00000000000050ed      0x26a layer1/liblayer1.a(prim_tx_nb.o)
 .debug_line    0x0000000000005357      0x2d9 layer1/liblayer1.a(prim_rx_nb.o)
 .debug_line    0x0000000000005630      0x42b layer1/liblayer1.a(prim_fbsb.o)
 .debug_line    0x0000000000005a5b      0x18c layer1/liblayer1.a(prim_freq.o)
 .debug_line    0x0000000000005be7      0x182 layer1/liblayer1.a(prim_utils.o)
 .debug_line    0x0000000000005d69      0x53a layer1/liblayer1.a(prim_tch.o)
 .debug_line    0x00000000000062a3      0x3a4 layer1/liblayer1.a(prim_bts.o)
 .debug_line    0x0000000000006647      0x2b8 layer1/liblayer1.a(prim_bts_sync.o)
 .debug_line    0x00000000000068ff       0xc5 layer1/liblayer1.a(agc.o)
 .debug_line    0x00000000000069c4      0x17c layer1/liblayer1.a(afc.o)
 .debug_line    0x0000000000006b40      0x187 layer1/liblayer1.a(toa.o)
 .debug_line    0x0000000000006cc7       0xcf layer1/liblayer1.a(avg.o)
 .debug_line    0x0000000000006d96      0x573 lib/libmini.a(vsprintf.o)
 .debug_line    0x0000000000007309       0xb2 lib/libmini.a(string.o)
 .debug_line    0x00000000000073bb       0x3f lib/libmini.a(ctype.o)
 .debug_line    0x00000000000073fa       0x80 lib/libmini.a(printf.o)
 .debug_line    0x000000000000747a      0x149 lib/libmini.a(console.o)
 .debug_line    0x00000000000075c3       0x47 lib/libmini.a(ctors.o)
 .debug_line    0x000000000000760a       0x66 lib/libmini.a(delay.o)
 .debug_line    0x0000000000007670      0x2be comm/libcomm.a(sercomm.o)
 .debug_line    0x000000000000792e      0x199 comm/libcomm.a(sercomm_cons.o)
 .debug_line    0x0000000000007ac7      0x1ad comm/libcomm.a(timer.o)
 .debug_line    0x0000000000007c74      0x527 calypso/libcalypso.a(dsp.o)
 .debug_line    0x000000000000819b      0x369 calypso/libcalypso.a(sim.o)
 .debug_line    0x0000000000008504      0x156 calypso/libcalypso.a(timer.o)
 .debug_line    0x000000000000865a      0x101 comm/libcomm.a(msgb.o)

.debug_loc      0x0000000000000000     0xc321
 .debug_loc     0x0000000000000000     0x1328 apps/rssi/main.o
 .debug_loc     0x0000000000001328      0x413 abb/twl3025.o
 .debug_loc     0x000000000000173b      0x784 rf/trf6151.o
 .debug_loc     0x0000000000001ebf      0x60c flash/cfi_flash.o
 .debug_loc     0x00000000000024cb      0x153 board/compal/rffe_dualband.o
 .debug_loc     0x000000000000261e       0x99 board/compal_e88/init.o
 .debug_loc     0x00000000000026b7      0x133 battery/compal_e88.o
 .debug_loc     0x00000000000027ea       0x4f fb/font.o
 .debug_loc     0x0000000000002839      0x93d fb/fb_bw8.o
 .debug_loc     0x0000000000003176       0xcb fb/fb_st7558.o
 .debug_loc     0x0000000000003241       0x6d calypso/libcalypso.a(buzzer.o)
 .debug_loc     0x00000000000032ae      0x297 calypso/libcalypso.a(clock.o)
 .debug_loc     0x0000000000003545       0xee calypso/libcalypso.a(i2c.o)
 .debug_loc     0x0000000000003633      0x215 calypso/libcalypso.a(irq.o)
 .debug_loc     0x0000000000003848      0x155 calypso/libcalypso.a(spi.o)
 .debug_loc     0x000000000000399d      0x31e calypso/libcalypso.a(tpu.o)
 .debug_loc     0x0000000000003cbb      0x153 calypso/libcalypso.a(tsp.o)
 .debug_loc     0x0000000000003e0e      0x174 calypso/libcalypso.a(keypad.o)
 .debug_loc     0x0000000000003f82       0xfa calypso/libcalypso.a(misc.o)
 .debug_loc     0x000000000000407c      0x4b2 calypso/libcalypso.a(uart.o)
 .debug_loc     0x000000000000452e      0x39a layer1/liblayer1.a(sync.o)
 .debug_loc     0x00000000000048c8      0x4e0 layer1/liblayer1.a(tdma_sched.o)
 .debug_loc     0x0000000000004da8      0x3ea layer1/liblayer1.a(tpu_window.o)
 .debug_loc     0x0000000000005192       0x3e layer1/liblayer1.a(init.o)
 .debug_loc     0x00000000000051d0      0xcdc layer1/liblayer1.a(l23_api.o)
 .debug_loc     0x0000000000005eac      0x1d9 layer1/liblayer1.a(mframe_sched.o)
 .debug_loc     0x0000000000006085      0x6d7 layer1/liblayer1.a(sched_gsmtime.o)
 .debug_loc     0x000000000000675c      0x1cc layer1/liblayer1.a(async.o)
 .debug_loc     0x0000000000006928      0x195 layer1/liblayer1.a(rfch.o)
 .debug_loc     0x0000000000006abd       0xa0 layer1/liblayer1.a(apc.o)
 .debug_loc     0x0000000000006b5d       0x26 layer1/liblayer1.a(trx_dummy.o)
 .debug_loc     0x0000000000006b83      0x347 layer1/liblayer1.a(prim_pm.o)
 .debug_loc     0x0000000000006eca      0x19c layer1/liblayer1.a(prim_rach.o)
 .debug_loc     0x0000000000007066      0x22c layer1/liblayer1.a(prim_tx_nb.o)
 .debug_loc     0x0000000000007292      0x35d layer1/liblayer1.a(prim_rx_nb.o)
 .debug_loc     0x00000000000075ef      0x586 layer1/liblayer1.a(prim_fbsb.o)
 .debug_loc     0x0000000000007b75       0xdb layer1/liblayer1.a(prim_freq.o)
 .debug_loc     0x0000000000007c50       0x13 layer1/liblayer1.a(prim_utils.o)
 .debug_loc     0x0000000000007c63      0xb7c layer1/liblayer1.a(prim_tch.o)
 .debug_loc     0x00000000000087df      0x5c3 layer1/liblayer1.a(prim_bts.o)
 .debug_loc     0x0000000000008da2      0x311 layer1/liblayer1.a(prim_bts_sync.o)
 .debug_loc     0x00000000000090b3       0x82 layer1/liblayer1.a(agc.o)
 .debug_loc     0x0000000000009135       0xf2 layer1/liblayer1.a(afc.o)
 .debug_loc     0x0000000000009227       0xce layer1/liblayer1.a(toa.o)
 .debug_loc     0x00000000000092f5       0x6e layer1/liblayer1.a(avg.o)
 .debug_loc     0x0000000000009363     0x1604 lib/libmini.a(vsprintf.o)
 .debug_loc     0x000000000000a967       0x8b lib/libmini.a(string.o)
 .debug_loc     0x000000000000a9f2       0x4a lib/libmini.a(printf.o)
 .debug_loc     0x000000000000aa3c      0x23b lib/libmini.a(console.o)
 .debug_loc     0x000000000000ac77       0x7b lib/libmini.a(ctors.o)
 .debug_loc     0x000000000000acf2       0xa9 lib/libmini.a(delay.o)
 .debug_loc     0x000000000000ad9b      0x2fc comm/libcomm.a(sercomm.o)
 .debug_loc     0x000000000000b097      0x2ea comm/libcomm.a(sercomm_cons.o)
 .debug_loc     0x000000000000b381      0x291 comm/libcomm.a(timer.o)
 .debug_loc     0x000000000000b612      0x724 calypso/libcalypso.a(dsp.o)
 .debug_loc     0x000000000000bd36      0x420 calypso/libcalypso.a(sim.o)
 .debug_loc     0x000000000000c156      0x154 calypso/libcalypso.a(timer.o)
 .debug_loc     0x000000000000c2aa       0x77 comm/libcomm.a(msgb.o)

.debug_pubnames
                0x0000000000000000     0x1df3
 .debug_pubnames
                0x0000000000000000      0x285 apps/rssi/main.o
 .debug_pubnames
                0x0000000000000285      0x13c abb/twl3025.o
 .debug_pubnames
                0x00000000000003c1      0x164 rf/trf6151.o
 .debug_pubnames
                0x0000000000000525       0xa6 flash/cfi_flash.o
 .debug_pubnames
                0x00000000000005cb       0xd6 board/compal/rffe_dualband.o
 .debug_pubnames
                0x00000000000006a1       0x3c board/compal/rf_power.o
 .debug_pubnames
                0x00000000000006dd       0x21 board/compal_e88/init.o
 .debug_pubnames
                0x00000000000006fe       0x57 battery/compal_e88.o
 .debug_pubnames
                0x0000000000000755       0x34 fb/font.o
 .debug_pubnames
                0x0000000000000789       0x23 fb/helvR08.o
 .debug_pubnames
                0x00000000000007ac       0x23 fb/helvB14.o
 .debug_pubnames
                0x00000000000007cf       0x1f fb/c64.o
 .debug_pubnames
                0x00000000000007ee       0x23 fb/symbols.o
 .debug_pubnames
                0x0000000000000811       0x6b fb/fb_bw8.o
 .debug_pubnames
                0x000000000000087c       0x2d fb/fb_st7558.o
 .debug_pubnames
                0x00000000000008a9       0x6d board/compal_e88/rssi.e88loader.manifest.o
 .debug_pubnames
                0x0000000000000916       0x48 calypso/libcalypso.a(buzzer.o)
 .debug_pubnames
                0x000000000000095e       0xd0 calypso/libcalypso.a(clock.o)
 .debug_pubnames
                0x0000000000000a2e       0x2d calypso/libcalypso.a(i2c.o)
 .debug_pubnames
                0x0000000000000a5b       0x95 calypso/libcalypso.a(irq.o)
 .debug_pubnames
                0x0000000000000af0       0x2c calypso/libcalypso.a(spi.o)
 .debug_pubnames
                0x0000000000000b1c      0x12d calypso/libcalypso.a(tpu.o)
 .debug_pubnames
                0x0000000000000c49       0x9a calypso/libcalypso.a(tsp.o)
 .debug_pubnames
                0x0000000000000ce3       0x8a calypso/libcalypso.a(keypad.o)
 .debug_pubnames
                0x0000000000000d6d       0x41 calypso/libcalypso.a(misc.o)
 .debug_pubnames
                0x0000000000000dae       0xa3 calypso/libcalypso.a(uart.o)
 .debug_pubnames
                0x0000000000000e51       0x47 calypso/libcalypso.a(arm.o)
 .debug_pubnames
                0x0000000000000e98       0xeb layer1/liblayer1.a(sync.o)
 .debug_pubnames
                0x0000000000000f83       0xbb layer1/liblayer1.a(tdma_sched.o)
 .debug_pubnames
                0x000000000000103e       0x7a layer1/liblayer1.a(tpu_window.o)
 .debug_pubnames
                0x00000000000010b8       0x22 layer1/liblayer1.a(init.o)
 .debug_pubnames
                0x00000000000010da       0xac layer1/liblayer1.a(l23_api.o)
 .debug_pubnames
                0x0000000000001186       0x83 layer1/liblayer1.a(mframe_sched.o)
 .debug_pubnames
                0x0000000000001209       0x6d layer1/liblayer1.a(sched_gsmtime.o)
 .debug_pubnames
                0x0000000000001276       0xfa layer1/liblayer1.a(async.o)
 .debug_pubnames
                0x0000000000001370       0x26 layer1/liblayer1.a(rfch.o)
 .debug_pubnames
                0x0000000000001396       0x41 layer1/liblayer1.a(apc.o)
 .debug_pubnames
                0x00000000000013d7       0x43 layer1/liblayer1.a(trx_dummy.o)
 .debug_pubnames
                0x000000000000141a       0x39 layer1/liblayer1.a(prim_pm.o)
 .debug_pubnames
                0x0000000000001453       0x47 layer1/liblayer1.a(prim_rach.o)
 .debug_pubnames
                0x000000000000149a       0x36 layer1/liblayer1.a(prim_tx_nb.o)
 .debug_pubnames
                0x00000000000014d0       0x23 layer1/liblayer1.a(prim_rx_nb.o)
 .debug_pubnames
                0x00000000000014f3       0x33 layer1/liblayer1.a(prim_fbsb.o)
 .debug_pubnames
                0x0000000000001526       0x44 layer1/liblayer1.a(prim_freq.o)
 .debug_pubnames
                0x000000000000156a       0x55 layer1/liblayer1.a(prim_utils.o)
 .debug_pubnames
                0x00000000000015bf       0x4c layer1/liblayer1.a(prim_tch.o)
 .debug_pubnames
                0x000000000000160b       0x34 layer1/liblayer1.a(prim_bts.o)
 .debug_pubnames
                0x000000000000163f       0x29 layer1/liblayer1.a(prim_bts_sync.o)
 .debug_pubnames
                0x0000000000001668       0x3c layer1/liblayer1.a(agc.o)
 .debug_pubnames
                0x00000000000016a4       0x4f layer1/liblayer1.a(afc.o)
 .debug_pubnames
                0x00000000000016f3       0x2e layer1/liblayer1.a(toa.o)
 .debug_pubnames
                0x0000000000001721       0x3b layer1/liblayer1.a(avg.o)
 .debug_pubnames
                0x000000000000175c       0xb3 lib/libmini.a(vsprintf.o)
 .debug_pubnames
                0x000000000000180f       0x29 lib/libmini.a(string.o)
 .debug_pubnames
                0x0000000000001838       0x1d lib/libmini.a(ctype.o)
 .debug_pubnames
                0x0000000000001855       0x1d lib/libmini.a(printf.o)
 .debug_pubnames
                0x0000000000001872       0x89 lib/libmini.a(console.o)
 .debug_pubnames
                0x00000000000018fb       0x26 lib/libmini.a(ctors.o)
 .debug_pubnames
                0x0000000000001921       0x2c lib/libmini.a(delay.o)
 .debug_pubnames
                0x000000000000194d       0xdd comm/libcomm.a(sercomm.o)
 .debug_pubnames
                0x0000000000001a2a       0x37 comm/libcomm.a(sercomm_cons.o)
 .debug_pubnames
                0x0000000000001a61       0xaf comm/libcomm.a(timer.o)
 .debug_pubnames
                0x0000000000001b10      0x12b calypso/libcalypso.a(dsp.o)
 .debug_pubnames
                0x0000000000001c3b       0xe9 calypso/libcalypso.a(sim.o)
 .debug_pubnames
                0x0000000000001d24       0x8a calypso/libcalypso.a(timer.o)
 .debug_pubnames
                0x0000000000001dae       0x45 comm/libcomm.a(msgb.o)

.debug_pubtypes
                0x0000000000000000     0x36da
 .debug_pubtypes
                0x0000000000000000      0x4ba apps/rssi/main.o
 .debug_pubtypes
                0x00000000000004ba       0xa2 abb/twl3025.o
 .debug_pubtypes
                0x000000000000055c       0xa3 rf/trf6151.o
 .debug_pubtypes
                0x00000000000005ff      0x109 flash/cfi_flash.o
 .debug_pubtypes
                0x0000000000000708       0x5f board/compal/rffe_dualband.o
 .debug_pubtypes
                0x0000000000000767       0x1e board/compal/rf_power.o
 .debug_pubtypes
                0x0000000000000785       0xa9 board/compal_e88/init.o
 .debug_pubtypes
                0x000000000000082e      0x139 battery/compal_e88.o
 .debug_pubtypes
                0x0000000000000967       0x4b fb/framebuffer.o
 .debug_pubtypes
                0x00000000000009b2       0x4e fb/font.o
 .debug_pubtypes
                0x0000000000000a00       0x42 fb/helvR08.o
 .debug_pubtypes
                0x0000000000000a42       0x42 fb/helvB14.o
 .debug_pubtypes
                0x0000000000000a84       0x42 fb/c64.o
 .debug_pubtypes
                0x0000000000000ac6       0x42 fb/symbols.o
 .debug_pubtypes
                0x0000000000000b08       0x85 fb/fb_bw8.o
 .debug_pubtypes
                0x0000000000000b8d       0x72 fb/fb_st7558.o
 .debug_pubtypes
                0x0000000000000bff       0x37 calypso/libcalypso.a(buzzer.o)
 .debug_pubtypes
                0x0000000000000c36       0x97 calypso/libcalypso.a(clock.o)
 .debug_pubtypes
                0x0000000000000ccd       0x37 calypso/libcalypso.a(i2c.o)
 .debug_pubtypes
                0x0000000000000d04       0x6a calypso/libcalypso.a(irq.o)
 .debug_pubtypes
                0x0000000000000d6e       0x45 calypso/libcalypso.a(spi.o)
 .debug_pubtypes
                0x0000000000000db3       0x89 calypso/libcalypso.a(tpu.o)
 .debug_pubtypes
                0x0000000000000e3c       0x6a calypso/libcalypso.a(tsp.o)
 .debug_pubtypes
                0x0000000000000ea6       0x72 calypso/libcalypso.a(keypad.o)
 .debug_pubtypes
                0x0000000000000f18       0x12 calypso/libcalypso.a(misc.o)
 .debug_pubtypes
                0x0000000000000f2a       0x7c calypso/libcalypso.a(uart.o)
 .debug_pubtypes
                0x0000000000000fa6      0x1ea layer1/liblayer1.a(sync.o)
 .debug_pubtypes
                0x0000000000001190      0x12d layer1/liblayer1.a(tdma_sched.o)
 .debug_pubtypes
                0x00000000000012bd      0x18d layer1/liblayer1.a(tpu_window.o)
 .debug_pubtypes
                0x000000000000144a       0x40 layer1/liblayer1.a(init.o)
 .debug_pubtypes
                0x000000000000148a      0x385 layer1/liblayer1.a(l23_api.o)
 .debug_pubtypes
                0x000000000000180f      0x177 layer1/liblayer1.a(mframe_sched.o)
 .debug_pubtypes
                0x0000000000001986       0x91 layer1/liblayer1.a(sched_gsmtime.o)
 .debug_pubtypes
                0x0000000000001a17      0x15a layer1/liblayer1.a(async.o)
 .debug_pubtypes
                0x0000000000001b71      0x13a layer1/liblayer1.a(rfch.o)
 .debug_pubtypes
                0x0000000000001cab       0x42 layer1/liblayer1.a(apc.o)
 .debug_pubtypes
                0x0000000000001ced       0x2b layer1/liblayer1.a(trx_dummy.o)
 .debug_pubtypes
                0x0000000000001d18      0x1fd layer1/liblayer1.a(prim_pm.o)
 .debug_pubtypes
                0x0000000000001f15      0x1c6 layer1/liblayer1.a(prim_rach.o)
 .debug_pubtypes
                0x00000000000020db      0x1dd layer1/liblayer1.a(prim_tx_nb.o)
 .debug_pubtypes
                0x00000000000022b8      0x226 layer1/liblayer1.a(prim_rx_nb.o)
 .debug_pubtypes
                0x00000000000024de      0x22a layer1/liblayer1.a(prim_fbsb.o)
 .debug_pubtypes
                0x0000000000002708      0x143 layer1/liblayer1.a(prim_freq.o)
 .debug_pubtypes
                0x000000000000284b      0x143 layer1/liblayer1.a(prim_utils.o)
 .debug_pubtypes
                0x000000000000298e      0x264 layer1/liblayer1.a(prim_tch.o)
 .debug_pubtypes
                0x0000000000002bf2      0x23d layer1/liblayer1.a(prim_bts.o)
 .debug_pubtypes
                0x0000000000002e2f      0x231 layer1/liblayer1.a(prim_bts_sync.o)
 .debug_pubtypes
                0x0000000000003060       0x37 layer1/liblayer1.a(agc.o)
 .debug_pubtypes
                0x0000000000003097       0xd3 layer1/liblayer1.a(afc.o)
 .debug_pubtypes